BL51 BANKED LINKER/LOCATER V6.22                                                        08/09/2019  16:39:58  PAGE 1


BL51 BANKED LINKER/LOCATER V6.22, INVOKED BY:
C:\KEIL_V5\C51\BIN\BL51.EXE .\Object\main.obj, .\Object\AHT10.obj, .\Object\DHT11.obj, .\Object\led.obj, .\Object\hal_de
>> lay.obj, .\Object\hal_clk.obj, .\Object\hal_rtc.obj, .\Object\hal_adc.obj, .\Object\hal_nrf_hw.obj, .\Object\hal_wdog
>> .obj, .\Object\hal_nrf.obj, .\Object\hal_uart.obj TO .\Object\Tag PRINT (.\List\Tag.m51) RAMSIZE (256) DISABLEWARNING
>>  (15, 16)


MEMORY MODEL: COMPACT WITH FLOATING POINT ARITHMETIC


INPUT MODULES INCLUDED:
  .\Object\main.obj (MAIN)
  .\Object\AHT10.obj (AHT10)
  .\Object\DHT11.obj (DHT11)
  .\Object\led.obj (LED)
  .\Object\hal_delay.obj (HAL_DELAY)
  .\Object\hal_clk.obj (HAL_CLK)
  .\Object\hal_rtc.obj (HAL_RTC)
  .\Object\hal_adc.obj (HAL_ADC)
  .\Object\hal_nrf_hw.obj (HAL_NRF_HW)
  .\Object\hal_wdog.obj (HAL_WDOG)
  .\Object\hal_nrf.obj (HAL_NRF)
  .\Object\hal_uart.obj (HAL_UART)
  C:\KEIL_V5\C51\LIB\C51FPC.LIB (?C?FPMUL)
  C:\KEIL_V5\C51\LIB\C51FPC.LIB (?C?FPDIV)
  C:\KEIL_V5\C51\LIB\C51FPC.LIB (?C?FCAST)
  C:\KEIL_V5\C51\LIB\C51FPC.LIB (?C?CASTF)
  C:\KEIL_V5\C51\LIB\C51FPC.LIB (?C?FPGETOPN)
  C:\KEIL_V5\C51\LIB\C51C.LIB (?C_STARTUP)
  C:\KEIL_V5\C51\LIB\C51C.LIB (?C?CLDPTR)
  C:\KEIL_V5\C51\LIB\C51C.LIB (?C?CSTPTR)
  C:\KEIL_V5\C51\LIB\C51C.LIB (?C?SIDIV)
  C:\KEIL_V5\C51\LIB\C51C.LIB (?C?LMUL)
  C:\KEIL_V5\C51\LIB\C51C.LIB (?C?ULDIV)
  C:\KEIL_V5\C51\LIB\C51C.LIB (?C?LNEG)
  C:\KEIL_V5\C51\LIB\C51C.LIB (?C?SLCMP)
  C:\KEIL_V5\C51\LIB\C51C.LIB (?C?ULCMP)
  C:\KEIL_V5\C51\LIB\C51C.LIB (?C?ULSHR)
  C:\KEIL_V5\C51\LIB\C51C.LIB (?C?LSHL)
  C:\KEIL_V5\C51\LIB\C51C.LIB (?C?LSTPDATA)
  C:\KEIL_V5\C51\LIB\C51C.LIB (?C?LSTKXDATA)
  C:\KEIL_V5\C51\LIB\C51C.LIB (?C?LSTKPDATA)
  C:\KEIL_V5\C51\LIB\C51C.LIB (?C?MEMSET)
  C:\KEIL_V5\C51\LIB\C51C.LIB (?C_INIT)
  C:\KEIL_V5\C51\LIB\C51C.LIB (?C?UIDIV)


LINK MAP OF MODULE:  .\Object\Tag (MAIN)


            TYPE    BASE      LENGTH    RELOCATION   SEGMENT NAME
            -----------------------------------------------------

            * * * * * * *   D A T A   M E M O R Y   * * * * * * *
            REG     0000H     0008H     ABSOLUTE     "REG BANK 0"
            IDATA   0008H     0040H     UNIT         ?ID?HAL_UART
            IDATA   0048H     0001H     UNIT         ?STACK

BL51 BANKED LINKER/LOCATER V6.22                                                      08/09/2019  16:39:58  PAGE 2


            * * * * * * *  X D A T A   M E M O R Y  * * * * * * *
            XDATA   0000H     0007H     INPAGE       ?PD?MAIN
            XDATA   0007H     0005H     INPAGE       ?PD?AHT10
            XDATA   000CH     000AH     INPAGE       ?PD?AHT10_TEST?AHT10
            XDATA   0016H     0001H     INPAGE       ?PD?COM?DHT11
            XDATA   0017H     0014H     INPAGE       ?PD?DHT11
            XDATA   002BH     0003H     INPAGE       ?PD?_HAL_NRF_SET_IRQ_MODE?HAL_NRF
            XDATA   002EH     0001H     INPAGE       ?PD?HAL_NRF_CLEAR_IRQ_FLAGS_GET_STATUS?HAL_NRF
            XDATA   002FH     0004H     INPAGE       ?PD?_HAL_NRF_GET_ADDRESS?HAL_NRF
            XDATA   0033H     0001H     INPAGE       ?PD?_HAL_NRF_SET_ADDRESS_WIDTH?HAL_NRF
            XDATA   0034H     0005H     INPAGE       ?PD?_HAL_NRF_GET_PIPE_STATUS?HAL_NRF
            XDATA   0039H     0001H     INPAGE       ?PD?_HAL_NRF_GET_RX_PAYLOAD_WIDTH?HAL_NRF
            XDATA   003AH     0001H     INPAGE       ?PD?_HAL_NRF_SETUP_DYNAMIC_PAYLOAD?HAL_NRF
            XDATA   003BH     0002H     INPAGE       ?PD?_HAL_NRF_ENABLE_DYNAMIC_PAYLOAD?HAL_NRF
            XDATA   003DH     0002H     INPAGE       ?PD?_HAL_NRF_ENABLE_ACK_PAYLOAD?HAL_NRF
            XDATA   003FH     0002H     INPAGE       ?PD?_HAL_NRF_ENABLE_DYNAMIC_ACK?HAL_NRF
            XDATA   0041H     0005H     INPAGE       ?PD?_HAL_NRF_WRITE_ACK_PAYLOAD?HAL_NRF
            XDATA   0046H     0002H     INPAGE       ?PD?_HAL_NRF_SET_PLL_MODE?HAL_NRF
            XDATA   0048H     0002H     INPAGE       ?PD?_HAL_NRF_ENABLE_CONTINIOUS_WAVE?HAL_NRF
            XDATA   004AH     0006H     INPAGE       ?PD?HAL_UART
            XDATA   0050H     0032H     INPAGE       _PDATA_GROUP_
            XDATA   0082H     0049H     UNIT         ?XD?MAIN
            XDATA   00CBH     0006H     UNIT         _XDATA_GROUP_

            * * * * * * *   C O D E   M E M O R Y   * * * * * * *
            CODE    0000H     0003H     ABSOLUTE     
            CODE    0003H     0020H     UNIT         ?PR?HAL_RTC_GET_COMPARE_VALUE?HAL_RTC
            CODE    0023H     0003H     ABSOLUTE     
            CODE    0026H     0024H     UNIT         ?PR?ADC_INIT?MAIN
            CODE    004AH     0001H     UNIT         ?PR?HAL_NRF_ACTIVATE_FEATURES?HAL_NRF
            CODE    004BH     0003H     ABSOLUTE     
            CODE    004EH     0515H     UNIT         ?C?LIB_CODE
            CODE    0563H     02E9H     UNIT         ?PR?READ_AHT10?AHT10
            CODE    084CH     01D1H     UNIT         ?PR?_HAL_NRF_READ_MULTIBYTE_REG?HAL_NRF
            CODE    0A1DH     013EH     UNIT         ?PR?CELLVOLTAGE?MAIN
            CODE    0B5BH     010BH     UNIT         ?PR?DHT11?DHT11
            CODE    0C66H     00F5H     UNIT         ?PR?_HAL_NRF_WRITE_MULTIBYTE_REG?HAL_NRF
            CODE    0D5BH     00D9H     UNIT         ?PR?_HAL_NRF_GET_PIPE_STATUS?HAL_NRF
            CODE    0E34H     00CDH     UNIT         ?PR?MAIN?MAIN
            CODE    0F01H     00B4H     UNIT         ?PR?AHT10?MAIN
            CODE    0FB5H     0094H     UNIT         ?PR?_HAL_NRF_OPEN_PIPE?HAL_NRF
            CODE    1049H     008EH     UNIT         ?PR?AHT10_INIT?AHT10
            CODE    10D7H     008CH     UNIT         ?C_C51STARTUP
            CODE    1163H     0084H     UNIT         ?PR?ASSEMBLE_DATA?MAIN
            CODE    11E7H     007DH     UNIT         ?PR?_HAL_NRF_SET_IRQ_MODE?HAL_NRF
            CODE    1264H     0079H     UNIT         ?PR?RF_IRQ?MAIN
            CODE    12DDH     0069H     UNIT         ?PR?_HAL_NRF_CLOSE_PIPE?HAL_NRF
            CODE    1346H     0061H     UNIT         ?PR?COM?DHT11
            CODE    13A7H     005FH     UNIT         ?PR?_HAL_NRF_GET_RX_PAYLOAD_WIDTH?HAL_NRF
            CODE    1406H     005DH     UNIT         ?PR?ZSSC_I2C_RD_BYTE?AHT10
            CODE    1463H     005CH     UNIT         ?PR?_ZSSC_I2C_WR_BYTE?AHT10
            CODE    14BFH     0053H     UNIT         ?PR?UART0_ISR?HAL_UART
            CODE    1512H     0051H     UNIT         ?PR?RECEIVE_ACK?AHT10
            CODE    1563H     004EH     UNIT         ?PR?_HAL_NRF_SET_ADDRESS?HAL_NRF
            CODE    15B1H     0048H     UNIT         ?PR?_HAL_UART_INIT?HAL_UART
            CODE    15F9H     0047H     UNIT         ?PR?DELAY_10US?DHT11
            CODE    1640H     0046H     UNIT         ?PR?_HAL_NRF_GET_ADDRESS?HAL_NRF
BL51 BANKED LINKER/LOCATER V6.22                                                      08/09/2019  16:39:58  PAGE 3


            CODE    1686H     0045H     UNIT         ?PR?_SET_TIMER_PERIOD?MAIN
            CODE    16CBH     0044H     UNIT         ?PR?RFCOFIG?MAIN
            CODE    170FH     0041H     UNIT         ?PR?_HAL_NRF_SET_CRC_MODE?HAL_NRF
            CODE    1750H     0041H     UNIT         ?PR?_HAL_NRF_SET_DATARATE?HAL_NRF
            CODE    1791H     003CH     UNIT         ?PR?AHT10_TEST?AHT10
            CODE    17CDH     0034H     UNIT         ?PR?_PUTSTRING?MAIN
            CODE    1801H     0033H     UNIT         ?PR?SEND_ACK?AHT10
            CODE    1834H     0033H     UNIT         ?PR?SEND_NOT_ACK?AHT10
            CODE    1867H     0031H     UNIT         ?PR?_HAL_NRF_ENABLE_CONTINIOUS_WAVE?HAL_NRF
            CODE    1898H     0030H     UNIT         ?PR?MCU_INIT?MAIN
            CODE    18C8H     002FH     UNIT         ?PR?_HAL_NRF_ENABLE_DYNAMIC_PAYLOAD?HAL_NRF
            CODE    18F7H     002EH     UNIT         ?PR?_HAL_NRF_SET_PLL_MODE?HAL_NRF
            CODE    1925H     002DH     UNIT         ?PR?SEND_DATA?MAIN
            CODE    1952H     002DH     UNIT         ?PR?_HAL_NRF_ENABLE_ACK_PAYLOAD?HAL_NRF
            CODE    197FH     002AH     UNIT         ?PR?_DELAY_MS?HAL_DELAY
            CODE    19A9H     002AH     UNIT         ?PR?_HAL_NRF_ENABLE_DYNAMIC_ACK?HAL_NRF
            CODE    19D3H     002AH     UNIT         ?PR?_HAL_UART_PUTCHAR?HAL_UART
            CODE    19FDH     0029H     UNIT         ?PR?I2C_START?AHT10
            CODE    1A26H     0029H     UNIT         ?PR?_HAL_NRF_SET_OPERATION_MODE?HAL_NRF
            CODE    1A4FH     0029H     UNIT         ?PR?_HAL_NRF_SET_POWER_MODE?HAL_NRF
            CODE    1A78H     0027H     UNIT         ?PR?JH_SENDAC?AHT10
            CODE    1A9FH     0023H     UNIT         ?PR?HAL_NRF_CLEAR_IRQ_FLAGS_GET_STATUS?HAL_NRF
            CODE    1AC2H     0023H     UNIT         ?PR?_HAL_NRF_SET_OUTPUT_POWER?HAL_NRF
            CODE    1AE5H     0022H     UNIT         ?CO?MAIN
            CODE    1B07H     0022H     UNIT         ?PR?_HAL_NRF_SET_AUTO_RETR?HAL_NRF
            CODE    1B29H     0021H     UNIT         ?PR?_HAL_NRF_WRITE_REG?HAL_NRF
            CODE    1B4AH     0020H     UNIT         ?PR?HAL_RTC_GET_CAPTURE_VALUE?HAL_RTC
            CODE    1B6AH     001FH     UNIT         ?PR?STOP_I2C?AHT10
            CODE    1B89H     001FH     UNIT         ?PR?_LED_FLASH?LED
            CODE    1BA8H     001EH     UNIT         ?PR?HAL_UART_GETCHAR?HAL_UART
            CODE    1BC6H     001DH     UNIT         ?PR?JH_READ_STATUS?AHT10
            CODE    1BE3H     001AH     UNIT         ?PR?_HAL_NRF_READ_REG?HAL_NRF
            CODE    1BFDH     0017H     UNIT         ?PR?JH_READ_CAL_ENABLE?AHT10
            CODE    1C14H     0017H     UNIT         ?PR?JH_SEND_BA?AHT10
            CODE    1C2BH     0017H     UNIT         ?PR?_HAL_NRF_SET_ADDRESS_WIDTH?HAL_NRF
            CODE    1C42H     0017H     UNIT         ?PR?HAL_NRF_GET_PACKET_LOST_CTR?HAL_NRF
            CODE    1C59H     0017H     UNIT         ?PR?HAL_NRF_GET_TX_FIFO_STATUS?HAL_NRF
            CODE    1C70H     0015H     UNIT         ?PR?_HAL_NRF_SET_RF_CHANNEL?HAL_NRF
            CODE    1C85H     0014H     UNIT         ?PR?_HAL_RTC_SET_COMPARE_VALUE?HAL_RTC
            CODE    1C99H     0013H     UNIT         ?PR?HAL_NRF_GET_REUSE_TX_STATUS?HAL_NRF
            CODE    1CACH     0012H     UNIT         ?PR?_HAL_CLK_SET_INPUT?HAL_CLK
            CODE    1CBEH     0012H     UNIT         ?PR?_HAL_NRF_CLEAR_IRQ_FLAG?HAL_NRF
            CODE    1CD0H     0011H     UNIT         ?PR?HAL_ADC_GET_OVERFLOW_STATUS?HAL_ADC
            CODE    1CE1H     0010H     UNIT         ?PR?_HAL_CLK_REGRET_XOSC16M_ON?HAL_CLK
            CODE    1CF1H     0010H     UNIT         ?PR?_HAL_CLK_SET_16M_SOURCE?HAL_CLK
            CODE    1D01H     0010H     UNIT         ?PR?_HAL_ADC_SET_INPUT_CHANNEL?HAL_ADC
            CODE    1D11H     0010H     UNIT         ?PR?_HAL_ADC_SET_CONVERSION_MODE?HAL_ADC
            CODE    1D21H     0010H     UNIT         ?PR?_HAL_ADC_SET_SAMPLING_RATE?HAL_ADC
            CODE    1D31H     0010H     UNIT         ?PR?_HAL_ADC_SET_POWER_DOWN_DELAY?HAL_ADC
            CODE    1D41H     0010H     UNIT         ?PR?_HAL_ADC_SET_DATA_JUST?HAL_ADC
            CODE    1D51H     000FH     UNIT         ?PR?_DELAY_US?HAL_DELAY
            CODE    1D60H     000FH     UNIT         ?PR?_HAL_ADC_SET_INPUT_MODE?HAL_ADC
            CODE    1D6FH     000FH     UNIT         ?PR?_HAL_ADC_SET_RESOLUTION?HAL_ADC
            CODE    1D7EH     000EH     UNIT         ?PR?_HAL_RTC_SET_COMPARE_MODE?HAL_RTC
            CODE    1D8CH     000EH     UNIT         ?PR?HAL_NRF_TX_FIFO_FULL?HAL_NRF
            CODE    1D9AH     000EH     UNIT         ?PR?_HAL_NRF_SETUP_DYNAMIC_PAYLOAD?HAL_NRF
            CODE    1DA8H     000EH     UNIT         ?PR?_HAL_NRF_WRITE_ACK_PAYLOAD?HAL_NRF
BL51 BANKED LINKER/LOCATER V6.22                                                      08/09/2019  16:39:58  PAGE 4


            CODE    1DB6H     000EH     UNIT         ?PR?HAL_NRF_GET_RX_DATA_SOURCE?HAL_NRF
            CODE    1DC4H     000DH     UNIT         ?PR?_LED_ON?LED
            CODE    1DD1H     000DH     UNIT         ?PR?_LED_OFF?LED
            CODE    1DDEH     000DH     UNIT         ?PR?HAL_NRF_TX_FIFO_EMPTY?HAL_NRF
            CODE    1DEBH     000CH     UNIT         ?PR?FLASH_P00?AHT10
            CODE    1DF7H     000CH     UNIT         ?PR?HAL_CLK_GET_16M_SOURCE?HAL_CLK
            CODE    1E03H     000CH     UNIT         ?PR?_HAL_CLK_SET_FREQ?HAL_CLK
            CODE    1E0FH     000CH     UNIT         ?PR?_HAL_CLKLF_SET_SOURCE?HAL_CLK
            CODE    1E1BH     000CH     UNIT         ?PR?_HAL_ADC_SET_REFERENCE?HAL_ADC
            CODE    1E27H     000CH     UNIT         ?PR?_HAL_ADC_SET_ACQ_WINDOW?HAL_ADC
            CODE    1E33H     000CH     UNIT         ?PR?HAL_ADC_START?HAL_ADC
            CODE    1E3FH     000CH     UNIT         ?PR?HAL_NRF_GET_CLEAR_IRQ_FLAGS?HAL_NRF
            CODE    1E4BH     000CH     UNIT         ?PR?HAL_NRF_RX_FIFO_FULL?HAL_NRF
            CODE    1E57H     000BH     UNIT         ?C_INITSEG
            CODE    1E62H     000BH     UNIT         ?PR?INIT_I2C_SENSOR_PORT?AHT10
            CODE    1E6DH     000BH     UNIT         ?PR?_HAL_RTC_RADIO_CAPTURE_ENABLE?HAL_RTC
            CODE    1E78H     000BH     UNIT         ?PR?_HAL_RTC_START?HAL_RTC
            CODE    1E83H     000BH     UNIT         ?PR?HAL_WDOG_RESTART?HAL_WDOG
            CODE    1E8EH     000BH     UNIT         ?PR?HAL_UART_TX_COMPLETE?HAL_UART
            CODE    1E99H     000AH     UNIT         ?PR?_HAL_NRF_RW?HAL_NRF_HW
            CODE    1EA3H     000AH     UNIT         ?PR?HAL_NRF_GET_ADDRESS_WIDTH?HAL_NRF
            CODE    1EADH     000AH     UNIT         ?PR?HAL_NRF_RX_FIFO_EMPTY?HAL_NRF
            CODE    1EB7H     000AH     UNIT         ?PR?HAL_NRF_GET_RX_FIFO_STATUS?HAL_NRF
            CODE    1EC1H     000AH     UNIT         ?PR?HAL_NRF_GET_TRANSMIT_ATTEMPTS?HAL_NRF
            CODE    1ECBH     000AH     UNIT         ?PR?HAL_NRF_GET_CARRIER_DETECT?HAL_NRF
            CODE    1ED5H     000AH     UNIT         ?PR?_HAL_NRF_WRITE_TX_PAYLOAD?HAL_NRF
            CODE    1EDFH     000AH     UNIT         ?PR?_HAL_NRF_WRITE_TX_PAYLOAD_NOACK?HAL_NRF
            CODE    1EE9H     000AH     UNIT         ?PR?HAL_NRF_REUSE_TX?HAL_NRF
            CODE    1EF3H     000AH     UNIT         ?PR?HAL_NRF_FLUSH_RX?HAL_NRF
            CODE    1EFDH     000AH     UNIT         ?PR?HAL_NRF_FLUSH_TX?HAL_NRF
            CODE    1F07H     000AH     UNIT         ?PR?HAL_NRF_NOP?HAL_NRF
            CODE    1F11H     0008H     UNIT         ?PR?_UART_SENDCHAR?MAIN
            CODE    1F19H     0008H     UNIT         ?PR?HAL_NRF_GET_IRQ_FLAGS?HAL_NRF
            CODE    1F21H     0008H     UNIT         ?PR?_HAL_NRF_SET_RX_PAYLOAD_WIDTH?HAL_NRF
            CODE    1F29H     0007H     UNIT         ?PR?_HAL_WDOG_INIT?HAL_WDOG
            CODE    1F30H     0006H     UNIT         ?PR?IOINIT?MAIN
            CODE    1F36H     0006H     UNIT         ?PR?SDA_PIN_OUTPUT_HIGH?AHT10
            CODE    1F3CH     0006H     UNIT         ?PR?SDA_PIN_OUTPUT_LOW?AHT10
            CODE    1F42H     0006H     UNIT         ?PR?SCL_PIN_OUTPUT_HIGH?AHT10
            CODE    1F48H     0006H     UNIT         ?PR?SCL_PIN_OUTPUT_LOW?AHT10
            CODE    1F4EH     0006H     UNIT         ?PR?HAL_CLKLF_PHASE?HAL_CLK
            CODE    1F54H     0006H     UNIT         ?PR?HAL_CLKLF_READY?HAL_CLK
            CODE    1F5AH     0006H     UNIT         ?PR?HAL_ADC_BUSY?HAL_ADC
            CODE    1F60H     0006H     UNIT         ?PR?HAL_NRF_GET_AUTO_RETR_STATUS?HAL_NRF
            CODE    1F66H     0006H     UNIT         ?PR?HAL_NRF_GET_FIFO_STATUS?HAL_NRF
            CODE    1F6CH     0006H     UNIT         ?PR?HAL_NRF_READ_RX_PAYLOAD_WIDTH?HAL_NRF
            CODE    1F72H     0006H     UNIT         ?PR?_HAL_NRF_READ_RX_PAYLOAD?HAL_NRF
            CODE    1F78H     0005H     UNIT         ?PR?HAL_UART_CHARS_AVAILABLE?HAL_UART
            CODE    1F7DH     0004H     UNIT         ?PR?SDA_PIN_IN_FLOATING?AHT10
            CODE    1F81H     0004H     UNIT         ?PR?LED_INIT?LED
            CODE    1F85H     0004H     UNIT         ?PR?HAL_RTC_CAPTURE?HAL_RTC
            CODE    1F89H     0003H     UNIT         ?PR?HAL_RTC_GET_CAPTURE_CLOCK_CYCLES?HAL_RTC
            CODE    1F8CH     0003H     UNIT         ?PR?HAL_ADC_READ_LSB?HAL_ADC
            CODE    1F8FH     0003H     UNIT         ?PR?HAL_ADC_READ_MSB?HAL_ADC



BL51 BANKED LINKER/LOCATER V6.22                                                      08/09/2019  16:39:58  PAGE 5


OVERLAY MAP OF MODULE:   .\Object\Tag (MAIN)


SEGMENT                                            PDATA_GROUP         XDATA_GROUP
  +--> CALLED SEGMENT                            START    LENGTH     START    LENGTH
------------------------------------------------------------------------------------
?PR?RF_IRQ?MAIN                                  0050H    0001H      -----    -----
  +--> ?PR?HAL_NRF_GET_CLEAR_IRQ_FLAGS?HAL_NRF
  +--> ?PR?HAL_NRF_RX_FIFO_EMPTY?HAL_NRF
  +--> ?PR?_HAL_NRF_READ_RX_PAYLOAD?HAL_NRF
  +--> ?PR?HAL_NRF_FLUSH_TX?HAL_NRF

?PR?HAL_NRF_GET_CLEAR_IRQ_FLAGS?HAL_NRF          -----    -----      -----    -----
  +--> ?PR?_HAL_NRF_WRITE_REG?HAL_NRF

?PR?_HAL_NRF_WRITE_REG?HAL_NRF                   0068H    0001H      -----    -----

?PR?HAL_NRF_RX_FIFO_EMPTY?HAL_NRF                -----    -----      -----    -----
  +--> ?PR?_HAL_NRF_READ_REG?HAL_NRF

?PR?_HAL_NRF_READ_RX_PAYLOAD?HAL_NRF             -----    -----      -----    -----
  +--> ?PR?_HAL_NRF_READ_MULTIBYTE_REG?HAL_NRF

?PR?_HAL_NRF_READ_MULTIBYTE_REG?HAL_NRF          0051H    000CH      -----    -----
  +--> ?PR?HAL_NRF_GET_ADDRESS_WIDTH?HAL_NRF
  +--> ?PR?_HAL_NRF_RW?HAL_NRF_HW
  +--> ?PR?HAL_NRF_GET_RX_DATA_SOURCE?HAL_NRF
  +--> ?PR?HAL_NRF_READ_RX_PAYLOAD_WIDTH?HAL...

?PR?HAL_NRF_GET_ADDRESS_WIDTH?HAL_NRF            -----    -----      -----    -----
  +--> ?PR?_HAL_NRF_READ_REG?HAL_NRF

?PR?HAL_NRF_GET_RX_DATA_SOURCE?HAL_NRF           -----    -----      -----    -----
  +--> ?PR?HAL_NRF_NOP?HAL_NRF

?PR?HAL_NRF_NOP?HAL_NRF                          -----    -----      -----    -----
  +--> ?PR?_HAL_NRF_RW?HAL_NRF_HW

?PR?HAL_NRF_READ_RX_PAYLOAD_WIDTH?HAL...         -----    -----      -----    -----
  +--> ?PR?_HAL_NRF_READ_REG?HAL_NRF

?PR?HAL_NRF_FLUSH_TX?HAL_NRF                     -----    -----      -----    -----
  +--> ?PR?_HAL_NRF_RW?HAL_NRF_HW

*** NEW ROOT ***************************************************

?C_C51STARTUP                                    -----    -----      -----    -----
  +--> ?PR?MAIN?MAIN
  +--> ?C_INITSEG

?PR?MAIN?MAIN                                    005DH    0007H      00CBH    0004H
  +--> ?PR?IOINIT?MAIN
  +--> ?PR?LED_INIT?LED
  +--> ?PR?MCU_INIT?MAIN
  +--> ?PR?ADC_INIT?MAIN
  +--> ?PR?AHT10_INIT?AHT10
  +--> ?PR?RFCOFIG?MAIN
BL51 BANKED LINKER/LOCATER V6.22                                                      08/09/2019  16:39:58  PAGE 6


  +--> ?PR?_HAL_UART_INIT?HAL_UART
  +--> ?PR?HAL_CLK_GET_16M_SOURCE?HAL_CLK
  +--> ?PR?_HAL_WDOG_INIT?HAL_WDOG
  +--> ?CO?MAIN
  +--> ?PR?_PUTSTRING?MAIN
  +--> ?PR?_LED_FLASH?LED
  +--> ?PR?CELLVOLTAGE?MAIN
  +--> ?PR?AHT10?MAIN
  +--> ?PR?SEND_DATA?MAIN
  +--> ?PR?HAL_WDOG_RESTART?HAL_WDOG

?PR?MCU_INIT?MAIN                                -----    -----      -----    -----
  +--> ?PR?_HAL_RTC_START?HAL_RTC
  +--> ?PR?_HAL_CLKLF_SET_SOURCE?HAL_CLK
  +--> ?PR?_HAL_RTC_SET_COMPARE_MODE?HAL_RTC
  +--> ?PR?_SET_TIMER_PERIOD?MAIN
  +--> ?PR?_HAL_CLK_SET_16M_SOURCE?HAL_CLK
  +--> ?PR?_HAL_CLK_REGRET_XOSC16M_ON?HAL_CLK

?PR?_SET_TIMER_PERIOD?MAIN                       0064H    0002H      -----    -----
  +--> ?PR?_HAL_RTC_START?HAL_RTC
  +--> ?PR?_HAL_RTC_SET_COMPARE_VALUE?HAL_RTC

?PR?ADC_INIT?MAIN                                -----    -----      -----    -----
  +--> ?PR?_HAL_ADC_SET_INPUT_CHANNEL?HAL_ADC
  +--> ?PR?_HAL_ADC_SET_REFERENCE?HAL_ADC
  +--> ?PR?_HAL_ADC_SET_INPUT_MODE?HAL_ADC
  +--> ?PR?_HAL_ADC_SET_CONVERSION_MODE?HAL_ADC
  +--> ?PR?_HAL_ADC_SET_SAMPLING_RATE?HAL_ADC
  +--> ?PR?_HAL_ADC_SET_RESOLUTION?HAL_ADC
  +--> ?PR?_HAL_ADC_SET_DATA_JUST?HAL_ADC

?PR?AHT10_INIT?AHT10                             007CH    0001H      -----    -----
  +--> ?PR?INIT_I2C_SENSOR_PORT?AHT10
  +--> ?PR?_DELAY_US?HAL_DELAY
  +--> ?PR?I2C_START?AHT10
  +--> ?PR?_ZSSC_I2C_WR_BYTE?AHT10
  +--> ?PR?RECEIVE_ACK?AHT10
  +--> ?PR?STOP_I2C?AHT10
  +--> ?PR?_DELAY_MS?HAL_DELAY
  +--> ?PR?JH_READ_CAL_ENABLE?AHT10
  +--> ?PR?JH_SEND_BA?AHT10

?PR?I2C_START?AHT10                              -----    -----      -----    -----
  +--> ?PR?SDA_PIN_OUTPUT_HIGH?AHT10
  +--> ?PR?_DELAY_US?HAL_DELAY
  +--> ?PR?SCL_PIN_OUTPUT_HIGH?AHT10
  +--> ?PR?SDA_PIN_OUTPUT_LOW?AHT10
  +--> ?PR?SCL_PIN_OUTPUT_LOW?AHT10

?PR?_ZSSC_I2C_WR_BYTE?AHT10                      007FH    0003H      -----    -----
  +--> ?PR?SCL_PIN_OUTPUT_LOW?AHT10
  +--> ?PR?_DELAY_US?HAL_DELAY
  +--> ?PR?SDA_PIN_OUTPUT_HIGH?AHT10
  +--> ?PR?SDA_PIN_OUTPUT_LOW?AHT10
  +--> ?PR?SCL_PIN_OUTPUT_HIGH?AHT10
  +--> ?PR?SDA_PIN_IN_FLOATING?AHT10
BL51 BANKED LINKER/LOCATER V6.22                                                      08/09/2019  16:39:58  PAGE 7



?PR?RECEIVE_ACK?AHT10                            007FH    0002H      -----    -----
  +--> ?PR?SCL_PIN_OUTPUT_LOW?AHT10
  +--> ?PR?SDA_PIN_IN_FLOATING?AHT10
  +--> ?PR?_DELAY_US?HAL_DELAY
  +--> ?PR?SCL_PIN_OUTPUT_HIGH?AHT10

?PR?STOP_I2C?AHT10                               -----    -----      -----    -----
  +--> ?PR?SDA_PIN_OUTPUT_LOW?AHT10
  +--> ?PR?_DELAY_US?HAL_DELAY
  +--> ?PR?SCL_PIN_OUTPUT_HIGH?AHT10
  +--> ?PR?SDA_PIN_OUTPUT_HIGH?AHT10

?PR?_DELAY_MS?HAL_DELAY                          -----    -----      -----    -----
  +--> ?PR?_DELAY_US?HAL_DELAY

?PR?JH_READ_CAL_ENABLE?AHT10                     007DH    0001H      -----    -----
  +--> ?PR?JH_READ_STATUS?AHT10

?PR?JH_READ_STATUS?AHT10                         007EH    0001H      -----    -----
  +--> ?PR?I2C_START?AHT10
  +--> ?PR?_ZSSC_I2C_WR_BYTE?AHT10
  +--> ?PR?RECEIVE_ACK?AHT10
  +--> ?PR?ZSSC_I2C_RD_BYTE?AHT10
  +--> ?PR?SEND_NOT_ACK?AHT10
  +--> ?PR?STOP_I2C?AHT10

?PR?ZSSC_I2C_RD_BYTE?AHT10                       007FH    0003H      -----    -----
  +--> ?PR?SCL_PIN_OUTPUT_LOW?AHT10
  +--> ?PR?SDA_PIN_IN_FLOATING?AHT10
  +--> ?PR?_DELAY_US?HAL_DELAY
  +--> ?PR?SCL_PIN_OUTPUT_HIGH?AHT10

?PR?SEND_NOT_ACK?AHT10                           -----    -----      -----    -----
  +--> ?PR?SCL_PIN_OUTPUT_LOW?AHT10
  +--> ?PR?_DELAY_US?HAL_DELAY
  +--> ?PR?SDA_PIN_OUTPUT_HIGH?AHT10
  +--> ?PR?SCL_PIN_OUTPUT_HIGH?AHT10
  +--> ?PR?SDA_PIN_OUTPUT_LOW?AHT10

?PR?JH_SEND_BA?AHT10                             -----    -----      -----    -----
  +--> ?PR?I2C_START?AHT10
  +--> ?PR?_ZSSC_I2C_WR_BYTE?AHT10
  +--> ?PR?RECEIVE_ACK?AHT10
  +--> ?PR?STOP_I2C?AHT10

?PR?RFCOFIG?MAIN                                 -----    -----      -----    -----
  +--> ?PR?_HAL_NRF_CLOSE_PIPE?HAL_NRF
  +--> ?PR?_HAL_NRF_OPEN_PIPE?HAL_NRF
  +--> ?PR?_HAL_NRF_SET_OPERATION_MODE?HAL_NRF
  +--> ?PR?_HAL_NRF_SET_RF_CHANNEL?HAL_NRF
  +--> ?PR?_HAL_NRF_SET_DATARATE?HAL_NRF
  +--> ?PR?_HAL_NRF_SET_OUTPUT_POWER?HAL_NRF
  +--> ?PR?_HAL_NRF_SET_CRC_MODE?HAL_NRF
  +--> ?PR?_HAL_NRF_SET_ADDRESS?HAL_NRF
  +--> ?PR?_HAL_NRF_SET_AUTO_RETR?HAL_NRF
  +--> ?PR?_HAL_NRF_SET_POWER_MODE?HAL_NRF
BL51 BANKED LINKER/LOCATER V6.22                                                      08/09/2019  16:39:58  PAGE 8



?PR?_HAL_NRF_CLOSE_PIPE?HAL_NRF                  0064H    0003H      -----    -----
  +--> ?PR?_HAL_NRF_READ_REG?HAL_NRF
  +--> ?PR?_HAL_NRF_WRITE_REG?HAL_NRF

?PR?_HAL_NRF_OPEN_PIPE?HAL_NRF                   0064H    0004H      -----    -----
  +--> ?PR?_HAL_NRF_READ_REG?HAL_NRF
  +--> ?PR?_HAL_NRF_WRITE_REG?HAL_NRF

?PR?_HAL_NRF_SET_OPERATION_MODE?HAL_NRF          0064H    0002H      -----    -----
  +--> ?PR?_HAL_NRF_READ_REG?HAL_NRF
  +--> ?PR?_HAL_NRF_WRITE_REG?HAL_NRF

?PR?_HAL_NRF_SET_RF_CHANNEL?HAL_NRF              0064H    0001H      -----    -----
  +--> ?PR?_HAL_NRF_WRITE_REG?HAL_NRF

?PR?_HAL_NRF_SET_DATARATE?HAL_NRF                0064H    0002H      -----    -----
  +--> ?PR?_HAL_NRF_READ_REG?HAL_NRF
  +--> ?PR?_HAL_NRF_WRITE_REG?HAL_NRF

?PR?_HAL_NRF_SET_OUTPUT_POWER?HAL_NRF            0064H    0002H      -----    -----
  +--> ?PR?_HAL_NRF_READ_REG?HAL_NRF
  +--> ?PR?_HAL_NRF_WRITE_REG?HAL_NRF

?PR?_HAL_NRF_SET_CRC_MODE?HAL_NRF                0064H    0002H      -----    -----
  +--> ?PR?_HAL_NRF_READ_REG?HAL_NRF
  +--> ?PR?_HAL_NRF_WRITE_REG?HAL_NRF

?PR?_HAL_NRF_SET_ADDRESS?HAL_NRF                 0064H    0004H      -----    -----
  +--> ?PR?HAL_NRF_GET_ADDRESS_WIDTH?HAL_NRF
  +--> ?PR?_HAL_NRF_WRITE_MULTIBYTE_REG?HAL_NRF
  +--> ?PR?_HAL_NRF_WRITE_REG?HAL_NRF

?PR?_HAL_NRF_WRITE_MULTIBYTE_REG?HAL_NRF         0068H    0009H      -----    -----

?PR?_HAL_NRF_SET_AUTO_RETR?HAL_NRF               0064H    0001H      -----    -----
  +--> ?PR?_HAL_NRF_WRITE_REG?HAL_NRF

?PR?_HAL_NRF_SET_POWER_MODE?HAL_NRF              0064H    0002H      -----    -----
  +--> ?PR?_HAL_NRF_READ_REG?HAL_NRF
  +--> ?PR?_HAL_NRF_WRITE_REG?HAL_NRF

?PR?_PUTSTRING?MAIN                              006EH    0003H      -----    -----
  +--> ?PR?_UART_SENDCHAR?MAIN

?PR?_LED_FLASH?LED                               -----    -----      -----    -----
  +--> ?PR?_DELAY_US?HAL_DELAY

?PR?CELLVOLTAGE?MAIN                             0064H    0008H      -----    -----
  +--> ?PR?HAL_ADC_START?HAL_ADC
  +--> ?PR?HAL_ADC_BUSY?HAL_ADC
  +--> ?PR?HAL_ADC_READ_MSB?HAL_ADC
  +--> ?PR?HAL_ADC_READ_LSB?HAL_ADC

?PR?AHT10?MAIN                                   0064H    000AH      -----    -----
  +--> ?PR?READ_AHT10?AHT10
  +--> ?CO?MAIN
BL51 BANKED LINKER/LOCATER V6.22                                                      08/09/2019  16:39:58  PAGE 9


  +--> ?PR?_PUTSTRING?MAIN

?PR?READ_AHT10?AHT10                             006EH    000EH      -----    -----
  +--> ?PR?JH_READ_CAL_ENABLE?AHT10
  +--> ?PR?AHT10_INIT?AHT10
  +--> ?PR?_DELAY_MS?HAL_DELAY
  +--> ?PR?JH_SENDAC?AHT10
  +--> ?PR?JH_READ_STATUS?AHT10
  +--> ?PR?_DELAY_US?HAL_DELAY
  +--> ?PR?I2C_START?AHT10
  +--> ?PR?_ZSSC_I2C_WR_BYTE?AHT10
  +--> ?PR?RECEIVE_ACK?AHT10
  +--> ?PR?ZSSC_I2C_RD_BYTE?AHT10
  +--> ?PR?SEND_ACK?AHT10
  +--> ?PR?SEND_NOT_ACK?AHT10
  +--> ?PR?STOP_I2C?AHT10

?PR?JH_SENDAC?AHT10                              -----    -----      -----    -----
  +--> ?PR?I2C_START?AHT10
  +--> ?PR?_ZSSC_I2C_WR_BYTE?AHT10
  +--> ?PR?RECEIVE_ACK?AHT10
  +--> ?PR?STOP_I2C?AHT10

?PR?SEND_ACK?AHT10                               -----    -----      -----    -----
  +--> ?PR?SCL_PIN_OUTPUT_LOW?AHT10
  +--> ?PR?_DELAY_US?HAL_DELAY
  +--> ?PR?SDA_PIN_OUTPUT_LOW?AHT10
  +--> ?PR?SCL_PIN_OUTPUT_HIGH?AHT10
  +--> ?PR?SDA_PIN_IN_FLOATING?AHT10

?PR?SEND_DATA?MAIN                               0064H    0001H      -----    -----
  +--> ?PR?ASSEMBLE_DATA?MAIN
  +--> ?PR?_HAL_NRF_WRITE_TX_PAYLOAD?HAL_NRF

?PR?ASSEMBLE_DATA?MAIN                           -----    -----      00CFH    0002H

?PR?_HAL_NRF_WRITE_TX_PAYLOAD?HAL_NRF            -----    -----      -----    -----
  +--> ?PR?_HAL_NRF_WRITE_MULTIBYTE_REG?HAL_NRF



SYMBOL TABLE OF MODULE:  .\Object\Tag (MAIN)

  VALUE           TYPE          NAME
  ----------------------------------

  -------         MODULE        MAIN
  C:0000H         SYMBOL        _ICE_DUMMY_
  D:0080H         PUBLIC        P0
  D:0090H         PUBLIC        P1
  D:00A0H         PUBLIC        P2
  D:00B0H         PUBLIC        P3
  B:00A8H.7       PUBLIC        EA
  C:1264H         PUBLIC        rf_irq
  C:1925H         PUBLIC        Send_data
  D:00A8H         PUBLIC        IEN0
  C:1163H         PUBLIC        Assemble_Data
BL51 BANKED LINKER/LOCATER V6.22                                                      08/09/2019  16:39:58  PAGE 10


  D:00B8H         PUBLIC        IEN1
  X:0000H         PUBLIC        TX_ADDRESS
  B:00B8H.1       PUBLIC        RF
  X:0082H         PUBLIC        RxPayload
  X:00A2H         PUBLIC        TxPayload
  B:00E8H.0       PUBLIC        RFCE
  C:16CBH         PUBLIC        RfCofig
  D:00ADH         PUBLIC        CLKLFCTRL
  C:0E34H         PUBLIC        main
  X:00C2H         PUBLIC        TagInfo
  D:0088H         PUBLIC        TCON
  C:17CDH         PUBLIC        _PutString
  X:00CAH         PUBLIC        radio_busy
  C:1686H         PUBLIC        _set_timer_period
  B:00E8H.2       PUBLIC        RFCKEN
  C:0F01H         PUBLIC        AHT10
  C:0026H         PUBLIC        adc_init
  X:0005H         PUBLIC        PipeAndLen
  B:0098H.1       PUBLIC        TI0
  C:1F30H         PUBLIC        IoInit
  C:0A1DH         PUBLIC        CellVoltage
  C:1898H         PUBLIC        mcu_init
  D:0093H         PUBLIC        P0DIR
  D:0099H         PUBLIC        S0BUF
  D:0094H         PUBLIC        P1DIR
  D:00A4H         PUBLIC        PWRDWN
  D:0098H         PUBLIC        S0CON
  D:00D8H         PUBLIC        ADCON
  D:00C8H         PUBLIC        T2CON
  D:00F8H         PUBLIC        FSR
  C:1F11H         PUBLIC        _uart_sendchar
  D:00E8H         PUBLIC        RFCON
  D:00D0H         PUBLIC        PSW
  D:00C0H         PUBLIC        IRCON
  -------         PROC          IOINIT
  C:1F30H         LINE#         76
  C:1F30H         LINE#         77
  C:1F30H         LINE#         78
  C:1F33H         LINE#         79
  C:1F35H         LINE#         80
  -------         ENDPROC       IOINIT
  -------         PROC          _UART_SENDCHAR
  D:0007H         SYMBOL        dat
  C:1F11H         LINE#         87
  C:1F11H         LINE#         88
  C:1F11H         LINE#         89
  C:1F13H         LINE#         90
  C:1F16H         LINE#         91
  C:1F18H         LINE#         92
  -------         ENDPROC       _UART_SENDCHAR
  -------         PROC          _PUTSTRING
  X:006EH         SYMBOL        s
  C:17CDH         LINE#         99
  C:17D7H         LINE#         100
  C:17D7H         LINE#         102
  C:17E6H         LINE#         103
  C:1800H         LINE#         106
BL51 BANKED LINKER/LOCATER V6.22                                                      08/09/2019  16:39:58  PAGE 11


  -------         ENDPROC       _PUTSTRING
  -------         PROC          ADC_INIT
  C:0026H         LINE#         112
  C:0026H         LINE#         113
  C:0026H         LINE#         114
  C:002BH         LINE#         115
  C:0030H         LINE#         116
  C:0035H         LINE#         117
  C:003AH         LINE#         118
  C:003FH         LINE#         119
  C:0044H         LINE#         120
  C:0049H         LINE#         121
  -------         ENDPROC       ADC_INIT
  -------         PROC          _SET_TIMER_PERIOD
  X:0064H         SYMBOL        period
  C:1686H         LINE#         128
  C:168DH         LINE#         129
  C:168DH         LINE#         130
  C:16B2H         LINE#         132
  C:16B7H         LINE#         133
  C:16BCH         LINE#         134
  C:16CAH         LINE#         135
  -------         ENDPROC       _SET_TIMER_PERIOD
  -------         PROC          RFCOFIG
  C:16CBH         LINE#         142
  C:16CBH         LINE#         143
  C:16CBH         LINE#         144
  C:16CDH         LINE#         146
  C:16D2H         LINE#         147
  C:16D8H         LINE#         149
  C:16DDH         LINE#         150
  C:16E2H         LINE#         151
  C:16E7H         LINE#         152
  C:16ECH         LINE#         153
  C:16F1H         LINE#         154
  C:16FCH         LINE#         155
  C:1705H         LINE#         157
  C:170AH         LINE#         158
  C:170CH         LINE#         159
  C:170EH         LINE#         160
  -------         ENDPROC       RFCOFIG
  -------         PROC          MCU_INIT
  C:1898H         LINE#         167
  C:1898H         LINE#         168
  C:1898H         LINE#         169
  C:189DH         LINE#         170
  C:18A2H         LINE#         172
  C:18A7H         LINE#         173
  C:18AEH         LINE#         174
  C:18B3H         LINE#         175
  C:18B8H         LINE#         177
  C:18BDH         LINE#         179
  C:18C2H         LINE#         180
  C:18C7H         LINE#         181
  -------         ENDPROC       MCU_INIT
  -------         PROC          ASSEMBLE_DATA
  -------         DO            
BL51 BANKED LINKER/LOCATER V6.22                                                      08/09/2019  16:39:58  PAGE 12


  X:00CFH         SYMBOL        fcs
  X:00D0H         SYMBOL        i
  -------         ENDDO         
  C:1163H         LINE#         188
  C:1163H         LINE#         189
  C:1163H         LINE#         190
  C:1168H         LINE#         193
  C:116EH         LINE#         194
  C:1176H         LINE#         195
  C:117EH         LINE#         196
  C:1186H         LINE#         197
  C:118EH         LINE#         198
  C:1196H         LINE#         199
  C:119EH         LINE#         200
  C:11A6H         LINE#         201
  C:11AEH         LINE#         203
  C:11D4H         LINE#         205
  C:11E6H         LINE#         206
  -------         ENDPROC       ASSEMBLE_DATA
  -------         PROC          CELLVOLTAGE
  -------         DO            
  X:0064H         SYMBOL        ad_value
  X:0068H         SYMBOL        temp
  -------         ENDDO         
  C:0A1DH         LINE#         207
  C:0A1DH         LINE#         208
  C:0A2FH         LINE#         209
  C:0A32H         LINE#         210
  C:0A38H         LINE#         212
  C:0A40H         LINE#         213
  C:0A48H         LINE#         214
  C:0A6DH         LINE#         215
  C:0A8DH         LINE#         216
  C:0ABAH         LINE#         217
  C:0AD9H         LINE#         218
  C:0B5AH         LINE#         219
  -------         ENDPROC       CELLVOLTAGE
  -------         PROC          AHT10
  -------         DO            
  X:0064H         SYMBOL        temp
  X:0069H         SYMBOL        humidity
  -------         ENDDO         
  C:0F01H         LINE#         221
  C:0F01H         LINE#         222
  C:0F01H         LINE#         226
  C:0F10H         LINE#         227
  C:0F1FH         LINE#         228
  C:0F24H         LINE#         229
  C:0F27H         LINE#         232
  C:0F27H         LINE#         235
  C:0F2AH         LINE#         238
  C:0F31H         LINE#         239
  C:0F35H         LINE#         240
  C:0F39H         LINE#         241
  C:0F3DH         LINE#         243
  C:0F49H         LINE#         244
  C:0F53H         LINE#         245
BL51 BANKED LINKER/LOCATER V6.22                                                      08/09/2019  16:39:58  PAGE 13


  C:0F5FH         LINE#         246
  C:0F6CH         LINE#         247
  C:0F73H         LINE#         248
  C:0F7EH         LINE#         250
  C:0F87H         LINE#         251
  C:0F90H         LINE#         252
  C:0F99H         LINE#         253
  C:0FA2H         LINE#         254
  C:0FABH         LINE#         255
  C:0FB4H         LINE#         259
  C:0FB4H         LINE#         260
  -------         ENDPROC       AHT10
  -------         PROC          SEND_DATA
  -------         DO            
  X:0064H         SYMBOL        count
  -------         ENDDO         
  C:1925H         LINE#         261
  C:1925H         LINE#         262
  C:1928H         LINE#         263
  C:1933H         LINE#         265
  C:1945H         LINE#         266
  C:194BH         LINE#         267
  C:1951H         LINE#         269
  -------         ENDPROC       SEND_DATA
  -------         PROC          MAIN
  -------         DO            
  X:005DH         SYMBOL        RfReceLen
  X:005EH         SYMBOL        i
  X:005FH         SYMBOL        second
  X:00CBH         SYMBOL        loopCount
  X:0060H         SYMBOL        minute
  -------         ENDDO         
  C:0E34H         LINE#         275
  C:0E34H         LINE#         276
  C:0E34H         LINE#         277
  C:0E38H         LINE#         278
  C:0E42H         LINE#         279
  C:0E4BH         LINE#         281
  C:0E55H         LINE#         282
  C:0E58H         LINE#         283
  C:0E5BH         LINE#         284
  C:0E5EH         LINE#         285
  C:0E61H         LINE#         286
  C:0E64H         LINE#         287
  C:0E67H         LINE#         290
  C:0E6CH         LINE#         291
  C:0E73H         LINE#         297
  C:0E7AH         LINE#         299
  C:0E83H         LINE#         300
  C:0E88H         LINE#         302
  C:0E8BH         LINE#         303
  C:0E8EH         LINE#         304
  C:0E91H         LINE#         306
  C:0E91H         LINE#         307
  C:0E91H         LINE#         309
  C:0E94H         LINE#         311
  C:0E99H         LINE#         312
BL51 BANKED LINKER/LOCATER V6.22                                                      08/09/2019  16:39:58  PAGE 14


  C:0E9FH         LINE#         313
  C:0E9FH         LINE#         317
  C:0EA2H         LINE#         318
  C:0EA5H         LINE#         319
  C:0EA7H         LINE#         321
  C:0EA7H         LINE#         322
  C:0EABH         LINE#         323
  C:0ECDH         LINE#         325
  C:0ED2H         LINE#         327
  C:0ED5H         LINE#         328
  C:0EEFH         LINE#         329
  C:0EEFH         LINE#         330
  C:0EF2H         LINE#         331
  C:0EFBH         LINE#         332
  C:0EFBH         LINE#         333
  C:0EFEH         LINE#         334
  C:0EFEH         LINE#         335
  -------         ENDPROC       MAIN
  -------         PROC          RF_IRQ
  -------         DO            
  X:0050H         SYMBOL        irq_flags
  -------         ENDDO         
  C:1264H         LINE#         343
  C:1281H         LINE#         347
  C:1288H         LINE#         349
  C:128CH         LINE#         350
  C:128CH         LINE#         352
  C:1292H         LINE#         353
  C:1292H         LINE#         354
  C:12A2H         LINE#         355
  C:12A4H         LINE#         356
  C:12A9H         LINE#         357
  C:12A9H         LINE#         359
  C:12AFH         LINE#         360
  C:12AFH         LINE#         361
  C:12B4H         LINE#         362
  C:12B4H         LINE#         364
  C:12BAH         LINE#         365
  C:12BAH         LINE#         366
  C:12BFH         LINE#         367
  C:12C2H         LINE#         368
  C:12C2H         LINE#         369
  -------         ENDPROC       RF_IRQ
  -------         ENDMOD        MAIN

  -------         MODULE        AHT10
  C:0000H         SYMBOL        _ICE_DUMMY_
  D:0080H         PUBLIC        P0
  D:0090H         PUBLIC        P1
  D:00A0H         PUBLIC        P2
  D:00B0H         PUBLIC        P3
  C:1A78H         PUBLIC        JH_SendAC
  D:00A8H         PUBLIC        IEN0
  C:1BFDH         PUBLIC        JH_Read_Cal_Enable
  D:00B8H         PUBLIC        IEN1
  C:1834H         PUBLIC        Send_NOT_ACK
  C:1F7DH         PUBLIC        SDA_Pin_IN_FLOATING
BL51 BANKED LINKER/LOCATER V6.22                                                      08/09/2019  16:39:58  PAGE 15


  C:1E62H         PUBLIC        Init_I2C_Sensor_Port
  C:0563H         PUBLIC        Read_AHT10
  C:1DEBH         PUBLIC        flash_P00
  C:19FDH         PUBLIC        I2C_Start
  B:0080H.0       PUBLIC        P00
  B:0090H.4       PUBLIC        P14
  D:0088H         PUBLIC        TCON
  C:1049H         PUBLIC        AHT10_Init
  B:0090H.5       PUBLIC        P15
  C:1F36H         PUBLIC        SDA_Pin_Output_High
  C:1801H         PUBLIC        Send_ACK
  X:0008H         PUBLIC        AHT10Value
  C:1F42H         PUBLIC        SCL_Pin_Output_High
  C:1B6AH         PUBLIC        Stop_I2C
  C:1406H         PUBLIC        ZSSC_I2C_RD_Byte
  C:1BC6H         PUBLIC        JH_Read_Status
  D:0094H         PUBLIC        P1DIR
  C:1791H         PUBLIC        AHT10_test
  C:1C14H         PUBLIC        JH_Send_BA
  C:1463H         PUBLIC        _ZSSC_I2C_WR_Byte
  D:0098H         PUBLIC        S0CON
  D:00D8H         PUBLIC        ADCON
  D:00C8H         PUBLIC        T2CON
  C:1F3CH         PUBLIC        SDA_Pin_Output_Low
  D:00F8H         PUBLIC        FSR
  C:1F48H         PUBLIC        SCL_Pin_Output_Low
  C:1512H         PUBLIC        Receive_ACK
  D:00E8H         PUBLIC        RFCON
  D:00D0H         PUBLIC        PSW
  D:00C0H         PUBLIC        IRCON
  -------         PROC          FLASH_P00
  C:1DEBH         LINE#         20
  C:1DEBH         LINE#         21
  C:1DEBH         LINE#         22
  C:1DEDH         LINE#         23
  C:1DF4H         LINE#         24
  C:1DF6H         LINE#         25
  -------         ENDPROC       FLASH_P00
  -------         PROC          SDA_PIN_OUTPUT_HIGH
  C:1F36H         LINE#         26
  C:1F36H         LINE#         27
  C:1F36H         LINE#         28
  C:1F39H         LINE#         29
  C:1F3BH         LINE#         32
  -------         ENDPROC       SDA_PIN_OUTPUT_HIGH
  -------         PROC          SDA_PIN_OUTPUT_LOW
  C:1F3CH         LINE#         34
  C:1F3CH         LINE#         35
  C:1F3CH         LINE#         36
  C:1F3FH         LINE#         37
  C:1F41H         LINE#         40
  -------         ENDPROC       SDA_PIN_OUTPUT_LOW
  -------         PROC          SDA_PIN_IN_FLOATING
  C:1F7DH         LINE#         42
  C:1F7DH         LINE#         43
  C:1F7DH         LINE#         44
  C:1F80H         LINE#         46
BL51 BANKED LINKER/LOCATER V6.22                                                      08/09/2019  16:39:58  PAGE 16


  -------         ENDPROC       SDA_PIN_IN_FLOATING
  -------         PROC          SCL_PIN_OUTPUT_HIGH
  C:1F42H         LINE#         50
  C:1F42H         LINE#         51
  C:1F42H         LINE#         53
  C:1F45H         LINE#         54
  C:1F47H         LINE#         55
  -------         ENDPROC       SCL_PIN_OUTPUT_HIGH
  -------         PROC          SCL_PIN_OUTPUT_LOW
  C:1F48H         LINE#         57
  C:1F48H         LINE#         58
  C:1F48H         LINE#         60
  C:1F4BH         LINE#         61
  C:1F4DH         LINE#         62
  -------         ENDPROC       SCL_PIN_OUTPUT_LOW
  -------         PROC          INIT_I2C_SENSOR_PORT
  C:1E62H         LINE#         64
  C:1E62H         LINE#         65
  C:1E62H         LINE#         69
  C:1E65H         LINE#         70
  C:1E67H         LINE#         74
  C:1E6AH         LINE#         75
  C:1E6CH         LINE#         76
  -------         ENDPROC       INIT_I2C_SENSOR_PORT
  -------         PROC          I2C_START
  C:19FDH         LINE#         79
  C:19FDH         LINE#         80
  C:19FDH         LINE#         81
  C:1A00H         LINE#         83
  C:1A07H         LINE#         84
  C:1A0AH         LINE#         86
  C:1A11H         LINE#         87
  C:1A14H         LINE#         89
  C:1A1BH         LINE#         90
  C:1A1EH         LINE#         92
  C:1A25H         LINE#         93
  -------         ENDPROC       I2C_START
  -------         PROC          _ZSSC_I2C_WR_BYTE
  D:0007H         SYMBOL        Byte
  -------         DO            
  X:007FH         SYMBOL        Data
  X:0080H         SYMBOL        N
  X:0081H         SYMBOL        i
  -------         ENDDO         
  C:1463H         LINE#         96
  C:1463H         LINE#         97
  C:1463H         LINE#         99
  C:1467H         LINE#         100
  C:146CH         LINE#         101
  C:1477H         LINE#         102
  C:1477H         LINE#         103
  C:147AH         LINE#         106
  C:1481H         LINE#         107
  C:148BH         LINE#         108
  C:148BH         LINE#         109
  C:148EH         LINE#         110
  C:1490H         LINE#         112
BL51 BANKED LINKER/LOCATER V6.22                                                      08/09/2019  16:39:58  PAGE 17


  C:1490H         LINE#         113
  C:1493H         LINE#         114
  C:1493H         LINE#         116
  C:1496H         LINE#         118
  C:149DH         LINE#         120
  C:14A4H         LINE#         122
  C:14AAH         LINE#         123
  C:14ADH         LINE#         125
  C:14B4H         LINE#         126
  C:14B7H         LINE#         128
  C:14BEH         LINE#         129
  -------         ENDPROC       _ZSSC_I2C_WR_BYTE
  -------         PROC          ZSSC_I2C_RD_BYTE
  -------         DO            
  X:007FH         SYMBOL        Byte
  X:0080H         SYMBOL        i
  X:0081H         SYMBOL        a
  -------         ENDDO         
  C:1406H         LINE#         132
  C:1406H         LINE#         133
  C:1406H         LINE#         135
  C:140AH         LINE#         136
  C:140DH         LINE#         137
  C:1410H         LINE#         139
  C:1416H         LINE#         140
  C:1422H         LINE#         141
  C:1422H         LINE#         142
  C:1425H         LINE#         144
  C:142CH         LINE#         145
  C:1430H         LINE#         147
  C:1435H         LINE#         148
  C:1443H         LINE#         149
  C:1446H         LINE#         151
  C:144DH         LINE#         152
  C:1454H         LINE#         153
  C:1457H         LINE#         155
  C:145EH         LINE#         156
  C:1462H         LINE#         157
  -------         ENDPROC       ZSSC_I2C_RD_BYTE
  -------         PROC          RECEIVE_ACK
  -------         DO            
  X:007FH         SYMBOL        CNT
  -------         ENDDO         
  C:1512H         LINE#         160
  C:1512H         LINE#         161
  C:1512H         LINE#         163
  C:1518H         LINE#         164
  C:151BH         LINE#         165
  C:151EH         LINE#         167
  C:1524H         LINE#         168
  C:1527H         LINE#         170
  C:152EH         LINE#         173
  C:153DH         LINE#         174
  C:1549H         LINE#         175
  C:1554H         LINE#         176
  C:1554H         LINE#         177
  C:1556H         LINE#         178
BL51 BANKED LINKER/LOCATER V6.22                                                      08/09/2019  16:39:58  PAGE 18


  C:1556H         LINE#         179
  C:1559H         LINE#         181
  C:1560H         LINE#         182
  C:1562H         LINE#         183
  -------         ENDPROC       RECEIVE_ACK
  -------         PROC          SEND_ACK
  C:1801H         LINE#         185
  C:1801H         LINE#         186
  C:1801H         LINE#         187
  C:1804H         LINE#         189
  C:180BH         LINE#         190
  C:180EH         LINE#         192
  C:1815H         LINE#         193
  C:1818H         LINE#         195
  C:181FH         LINE#         196
  C:1822H         LINE#         198
  C:1829H         LINE#         199
  C:182CH         LINE#         201
  C:1833H         LINE#         202
  -------         ENDPROC       SEND_ACK
  -------         PROC          SEND_NOT_ACK
  C:1834H         LINE#         204
  C:1834H         LINE#         205
  C:1834H         LINE#         206
  C:1837H         LINE#         208
  C:183EH         LINE#         209
  C:1841H         LINE#         211
  C:1848H         LINE#         212
  C:184BH         LINE#         214
  C:1852H         LINE#         215
  C:1855H         LINE#         217
  C:185CH         LINE#         218
  C:185FH         LINE#         220
  C:1866H         LINE#         221
  -------         ENDPROC       SEND_NOT_ACK
  -------         PROC          STOP_I2C
  C:1B6AH         LINE#         223
  C:1B6AH         LINE#         224
  C:1B6AH         LINE#         225
  C:1B6DH         LINE#         227
  C:1B74H         LINE#         228
  C:1B77H         LINE#         230
  C:1B7EH         LINE#         231
  C:1B81H         LINE#         233
  C:1B88H         LINE#         234
  -------         ENDPROC       STOP_I2C
  -------         PROC          JH_READ_STATUS
  -------         DO            
  X:007EH         SYMBOL        Byte_first
  -------         ENDDO         
  C:1BC6H         LINE#         236
  C:1BC6H         LINE#         237
  C:1BC6H         LINE#         240
  C:1BC9H         LINE#         241
  C:1BCEH         LINE#         242
  C:1BD1H         LINE#         243
  C:1BD8H         LINE#         246
BL51 BANKED LINKER/LOCATER V6.22                                                      08/09/2019  16:39:58  PAGE 19


  C:1BDBH         LINE#         247
  C:1BDEH         LINE#         250
  C:1BE2H         LINE#         251
  -------         ENDPROC       JH_READ_STATUS
  -------         PROC          JH_READ_CAL_ENABLE
  -------         DO            
  X:007DH         SYMBOL        val
  -------         ENDDO         
  C:1BFDH         LINE#         253
  C:1BFDH         LINE#         254
  C:1BFDH         LINE#         255
  C:1C01H         LINE#         257
  C:1C08H         LINE#         258
  C:1C0EH         LINE#         259
  C:1C11H         LINE#         260
  C:1C13H         LINE#         261
  -------         ENDPROC       JH_READ_CAL_ENABLE
  -------         PROC          JH_SENDAC
  C:1A78H         LINE#         265
  C:1A78H         LINE#         266
  C:1A78H         LINE#         268
  C:1A7BH         LINE#         269
  C:1A80H         LINE#         270
  C:1A83H         LINE#         271
  C:1A88H         LINE#         272
  C:1A8BH         LINE#         273
  C:1A90H         LINE#         274
  C:1A93H         LINE#         275
  C:1A98H         LINE#         276
  C:1A9BH         LINE#         277
  C:1A9EH         LINE#         279
  -------         ENDPROC       JH_SENDAC
  -------         PROC          JH_SEND_BA
  C:1C14H         LINE#         281
  C:1C14H         LINE#         282
  C:1C14H         LINE#         285
  C:1C17H         LINE#         286
  C:1C1CH         LINE#         287
  C:1C1FH         LINE#         288
  C:1C24H         LINE#         289
  C:1C27H         LINE#         290
  C:1C2AH         LINE#         293
  -------         ENDPROC       JH_SEND_BA
  -------         PROC          READ_AHT10
  -------         DO            
  X:006EH         SYMBOL        Byte_1th
  X:006FH         SYMBOL        Byte_2th
  X:0070H         SYMBOL        Byte_3th
  X:0071H         SYMBOL        Byte_4th
  X:0072H         SYMBOL        Byte_5th
  X:0073H         SYMBOL        Byte_6th
  X:0074H         SYMBOL        RetuData
  X:0078H         SYMBOL        temp
  X:007AH         SYMBOL        cnt
  -------         ENDDO         
  C:0563H         LINE#         295
  C:0563H         LINE#         296
BL51 BANKED LINKER/LOCATER V6.22                                                      08/09/2019  16:39:58  PAGE 20


  C:0563H         LINE#         297
  C:0567H         LINE#         298
  C:0569H         LINE#         299
  C:056BH         LINE#         300
  C:056DH         LINE#         301
  C:056FH         LINE#         302
  C:0571H         LINE#         303
  C:0579H         LINE#         304
  C:057FH         LINE#         305
  C:0583H         LINE#         308
  C:0589H         LINE#         309
  C:0589H         LINE#         310
  C:058CH         LINE#         311
  C:0593H         LINE#         312
  C:0595H         LINE#         314
  C:0598H         LINE#         315
  C:059FH         LINE#         316
  C:05A5H         LINE#         317
  C:05ACH         LINE#         318
  C:05ACH         LINE#         320
  C:05B3H         LINE#         321
  C:05CAH         LINE#         322
  C:05CAH         LINE#         323
  C:05CCH         LINE#         324
  C:05CCH         LINE#         325
  C:05CEH         LINE#         326
  C:05D1H         LINE#         328
  C:05D6H         LINE#         329
  C:05D9H         LINE#         330
  C:05E0H         LINE#         331
  C:05E3H         LINE#         332
  C:05EAH         LINE#         333
  C:05EDH         LINE#         334
  C:05F4H         LINE#         335
  C:05F7H         LINE#         336
  C:05FEH         LINE#         337
  C:0601H         LINE#         338
  C:0608H         LINE#         339
  C:060BH         LINE#         340
  C:0612H         LINE#         341
  C:0615H         LINE#         342
  C:0618H         LINE#         344
  C:063EH         LINE#         345
  C:0664H         LINE#         346
  C:0685H         LINE#         347
  C:069CH         LINE#         349
  C:06CDH         LINE#         350
  C:06FFH         LINE#         351
  C:072BH         LINE#         353
  C:0734H         LINE#         354
  C:075AH         LINE#         355
  C:0780H         LINE#         356
  C:07A0H         LINE#         357
  C:07B9H         LINE#         359
  C:07EEH         LINE#         360
  C:081FH         LINE#         361
  C:084BH         LINE#         362
BL51 BANKED LINKER/LOCATER V6.22                                                      08/09/2019  16:39:58  PAGE 21


  -------         ENDPROC       READ_AHT10
  -------         PROC          AHT10_INIT
  -------         DO            
  X:007CH         SYMBOL        count
  -------         ENDDO         
  C:1049H         LINE#         365
  C:1049H         LINE#         366
  C:1049H         LINE#         369
  C:104CH         LINE#         371
  C:1053H         LINE#         373
  C:1056H         LINE#         374
  C:105BH         LINE#         375
  C:105EH         LINE#         376
  C:1063H         LINE#         377
  C:1066H         LINE#         378
  C:106BH         LINE#         379
  C:106EH         LINE#         380
  C:1073H         LINE#         381
  C:1076H         LINE#         382
  C:1079H         LINE#         384
  C:1080H         LINE#         385
  C:1086H         LINE#         386
  C:1086H         LINE#         388
  C:1089H         LINE#         389
  C:1090H         LINE#         391
  C:1097H         LINE#         393
  C:109AH         LINE#         394
  C:109FH         LINE#         395
  C:10A2H         LINE#         396
  C:10A7H         LINE#         397
  C:10AAH         LINE#         398
  C:10AFH         LINE#         399
  C:10B2H         LINE#         400
  C:10B7H         LINE#         401
  C:10BAH         LINE#         402
  C:10BDH         LINE#         403
  C:10C2H         LINE#         404
  C:10CBH         LINE#         405
  C:10D2H         LINE#         406
  C:10D4H         LINE#         407
  C:10D6H         LINE#         408
  -------         ENDPROC       AHT10_INIT
  -------         PROC          AHT10_TEST
  -------         DO            
  X:000CH         SYMBOL        temp
  X:0011H         SYMBOL        humidity
  X:0007H         SYMBOL        ret
  -------         ENDDO         
  C:1791H         LINE#         410
  C:1791H         LINE#         411
  C:1791H         LINE#         418
  C:1796H         LINE#         419
  C:1799H         LINE#         420
  C:179EH         LINE#         421
  C:179EH         LINE#         422
  C:17A5H         LINE#         423
  C:17A8H         LINE#         424
BL51 BANKED LINKER/LOCATER V6.22                                                      08/09/2019  16:39:58  PAGE 22


  C:17A8H         LINE#         426
  C:17AAH         LINE#         427
  C:17AAH         LINE#         429
  C:17AAH         LINE#         431
  C:17AAH         LINE#         434
  C:17ADH         LINE#         437
  C:17B3H         LINE#         438
  C:17B9H         LINE#         439
  C:17BFH         LINE#         440
  C:17C5H         LINE#         449
  C:17CCH         LINE#         451
  C:17CCH         LINE#         452
  -------         ENDPROC       AHT10_TEST
  -------         ENDMOD        AHT10

  -------         MODULE        DHT11
  C:0000H         SYMBOL        _ICE_DUMMY_
  D:0080H         PUBLIC        P0
  D:0090H         PUBLIC        P1
  D:00A0H         PUBLIC        P2
  D:00B0H         PUBLIC        P3
  X:0017H         PUBLIC        u8RH_data_H_temp
  D:00A8H         PUBLIC        IEN0
  D:00B8H         PUBLIC        IEN1
  C:15F9H         PUBLIC        Delay_10us
  X:0018H         PUBLIC        u8T_data_H
  X:0019H         PUBLIC        U8FLAG
  X:001AH         PUBLIC        u8T_data_L
  B:0080H.2       PUBLIC        P02
  D:0088H         PUBLIC        TCON
  X:001BH         PUBLIC        u8T_data_H_temp
  C:0B5BH         PUBLIC        DHT11
  X:001CH         PUBLIC        u8T_data_L_temp
  X:001DH         PUBLIC        DHT11Value
  X:0024H         PUBLIC        u8checkdata
  X:0025H         PUBLIC        uchartemp
  X:0026H         PUBLIC        uRH_data_L_temp
  C:1346H         PUBLIC        COM
  D:0093H         PUBLIC        P0DIR
  D:0098H         PUBLIC        S0CON
  X:0027H         PUBLIC        u8checkdata_temp
  D:00D8H         PUBLIC        ADCON
  D:00C8H         PUBLIC        T2CON
  D:00F8H         PUBLIC        FSR
  X:0028H         PUBLIC        u8RH_data_H
  X:0029H         PUBLIC        u8RH_data_L
  X:002AH         PUBLIC        ucharcomdata
  D:00E8H         PUBLIC        RFCON
  D:00D0H         PUBLIC        PSW
  D:00C0H         PUBLIC        IRCON
  -------         PROC          DELAY_10US
  C:15F9H         LINE#         40
  C:15F9H         LINE#         41
  C:15F9H         LINE#         42
  C:1600H         LINE#         43
  C:1607H         LINE#         44
  C:160EH         LINE#         45
BL51 BANKED LINKER/LOCATER V6.22                                                      08/09/2019  16:39:58  PAGE 23


  C:1615H         LINE#         46
  C:161CH         LINE#         47
  C:1623H         LINE#         48
  C:162AH         LINE#         49
  C:1631H         LINE#         50
  C:1638H         LINE#         51
  C:163FH         LINE#         52
  -------         ENDPROC       DELAY_10US
  -------         PROC          COM
  -------         DO            
  X:0016H         SYMBOL        i
  -------         ENDDO         
  C:1346H         LINE#         60
  C:1346H         LINE#         61
  C:1346H         LINE#         63
  C:1352H         LINE#         64
  C:1352H         LINE#         65
  C:1357H         LINE#         66
  C:1363H         LINE#         67
  C:1366H         LINE#         68
  C:1369H         LINE#         69
  C:136CH         LINE#         70
  C:1370H         LINE#         71
  C:1375H         LINE#         72
  C:137AH         LINE#         73
  C:1386H         LINE#         74
  C:138DH         LINE#         75
  C:1394H         LINE#         76
  C:139FH         LINE#         77
  C:13A6H         LINE#         78
  -------         ENDPROC       COM
  -------         PROC          DHT11
  C:0B5BH         LINE#         85
  C:0B5BH         LINE#         86
  C:0B5BH         LINE#         87
  C:0B5EH         LINE#         88
  C:0B60H         LINE#         89
  C:0B67H         LINE#         90
  C:0B69H         LINE#         91
  C:0B6CH         LINE#         92
  C:0B6FH         LINE#         93
  C:0B72H         LINE#         94
  C:0B75H         LINE#         95
  C:0B78H         LINE#         96
  C:0B7EH         LINE#         97
  C:0B7EH         LINE#         98
  C:0B83H         LINE#         99
  C:0B8FH         LINE#         100
  C:0B94H         LINE#         101
  C:0BA0H         LINE#         102
  C:0BA3H         LINE#         103
  C:0BA9H         LINE#         104
  C:0BACH         LINE#         105
  C:0BB2H         LINE#         106
  C:0BB5H         LINE#         107
  C:0BBBH         LINE#         108
  C:0BBEH         LINE#         109
BL51 BANKED LINKER/LOCATER V6.22                                                      08/09/2019  16:39:58  PAGE 24


  C:0BC4H         LINE#         110
  C:0BC7H         LINE#         111
  C:0BCDH         LINE#         112
  C:0BCFH         LINE#         113
  C:0BE2H         LINE#         114
  C:0BECH         LINE#         115
  C:0BECH         LINE#         116
  C:0BF2H         LINE#         117
  C:0BF8H         LINE#         118
  C:0BFEH         LINE#         119
  C:0C04H         LINE#         120
  C:0C0AH         LINE#         121
  C:0C0AH         LINE#         122
  C:0C19H         LINE#         123
  C:0C25H         LINE#         124
  C:0C31H         LINE#         126
  C:0C3BH         LINE#         127
  C:0C47H         LINE#         128
  C:0C53H         LINE#         129
  C:0C55H         LINE#         131
  C:0C55H         LINE#         132
  C:0C5BH         LINE#         133
  C:0C5DH         LINE#         135
  C:0C60H         LINE#         136
  C:0C62H         LINE#         137
  C:0C62H         LINE#         139
  C:0C65H         LINE#         140
  -------         ENDPROC       DHT11
  -------         ENDMOD        DHT11

  -------         MODULE        LED
  C:0000H         SYMBOL        _ICE_DUMMY_
  D:0080H         PUBLIC        P0
  D:0090H         PUBLIC        P1
  D:00A0H         PUBLIC        P2
  D:00B0H         PUBLIC        P3
  D:00A8H         PUBLIC        IEN0
  D:00B8H         PUBLIC        IEN1
  C:1B89H         PUBLIC        _led_flash
  B:0080H.0       PUBLIC        P00
  B:0080H.1       PUBLIC        P01
  D:0088H         PUBLIC        TCON
  C:1F81H         PUBLIC        led_init
  C:1DD1H         PUBLIC        _led_off
  D:0093H         PUBLIC        P0DIR
  D:0098H         PUBLIC        S0CON
  D:00D8H         PUBLIC        ADCON
  D:00C8H         PUBLIC        T2CON
  D:00F8H         PUBLIC        FSR
  C:1DC4H         PUBLIC        _led_on
  D:00E8H         PUBLIC        RFCON
  D:00D0H         PUBLIC        PSW
  D:00C0H         PUBLIC        IRCON
  -------         PROC          LED_INIT
  C:1F81H         LINE#         6
  C:1F81H         LINE#         8
  C:1F84H         LINE#         12
BL51 BANKED LINKER/LOCATER V6.22                                                      08/09/2019  16:39:58  PAGE 25


  -------         ENDPROC       LED_INIT
  -------         PROC          _LED_FLASH
  D:0007H         SYMBOL        led
  C:1B89H         LINE#         14
  C:1B89H         LINE#         15
  C:1B90H         LINE#         16
  C:1B90H         LINE#         17
  C:1B92H         LINE#         18
  C:1B99H         LINE#         19
  C:1B9BH         LINE#         20
  C:1B9CH         LINE#         21
  C:1B9CH         LINE#         22
  C:1B9EH         LINE#         23
  C:1BA5H         LINE#         24
  C:1BA7H         LINE#         25
  C:1BA7H         LINE#         26
  C:1BA7H         LINE#         27
  C:1BA7H         LINE#         28
  C:1BA7H         LINE#         29
  -------         ENDPROC       _LED_FLASH
  -------         PROC          _LED_ON
  D:0007H         SYMBOL        led
  C:1DC4H         LINE#         30
  C:1DC4H         LINE#         31
  C:1DCBH         LINE#         32
  C:1DCBH         LINE#         33
  C:1DCDH         LINE#         34
  C:1DCEH         LINE#         35
  C:1DCEH         LINE#         36
  C:1DD0H         LINE#         37
  C:1DD0H         LINE#         38
  C:1DD0H         LINE#         39
  C:1DD0H         LINE#         40
  C:1DD0H         LINE#         41
  -------         ENDPROC       _LED_ON
  -------         PROC          _LED_OFF
  D:0007H         SYMBOL        led
  C:1DD1H         LINE#         42
  C:1DD1H         LINE#         43
  C:1DD8H         LINE#         44
  C:1DD8H         LINE#         45
  C:1DDAH         LINE#         46
  C:1DDBH         LINE#         47
  C:1DDBH         LINE#         48
  C:1DDDH         LINE#         49
  C:1DDDH         LINE#         50
  C:1DDDH         LINE#         51
  C:1DDDH         LINE#         52
  C:1DDDH         LINE#         53
  -------         ENDPROC       _LED_OFF
  -------         ENDMOD        LED

  -------         MODULE        HAL_DELAY
  C:0000H         SYMBOL        _ICE_DUMMY_
  C:197FH         PUBLIC        _delay_ms
  C:1D51H         PUBLIC        _delay_us
  -------         PROC          _DELAY_US
BL51 BANKED LINKER/LOCATER V6.22                                                      08/09/2019  16:39:58  PAGE 26


  D:0006H         SYMBOL        us
  C:1D51H         LINE#         37
  C:1D51H         LINE#         38
  C:1D51H         LINE#         40
  C:1D51H         LINE#         41
  C:1D52H         LINE#         42
  C:1D53H         LINE#         43
  C:1D54H         LINE#         44
  C:1D55H         LINE#         45
  C:1D56H         LINE#         46
  C:1D56H         LINE#         47
  C:1D5FH         LINE#         48
  -------         ENDPROC       _DELAY_US
  -------         PROC          _DELAY_MS
  D:0004H         SYMBOL        ms
  C:197FH         LINE#         50
  C:1983H         LINE#         51
  C:1983H         LINE#         53
  C:1983H         LINE#         54
  C:198AH         LINE#         55
  C:1991H         LINE#         56
  C:1998H         LINE#         57
  C:199FH         LINE#         58
  C:199FH         LINE#         59
  C:19A8H         LINE#         60
  -------         ENDPROC       _DELAY_MS
  -------         ENDMOD        HAL_DELAY

  -------         MODULE        HAL_CLK
  C:0000H         SYMBOL        _ICE_DUMMY_
  D:0080H         PUBLIC        P0
  D:0090H         PUBLIC        P1
  D:00A0H         PUBLIC        P2
  D:00B0H         PUBLIC        P3
  D:00A8H         PUBLIC        IEN0
  D:00B8H         PUBLIC        IEN1
  C:1E03H         PUBLIC        _hal_clk_set_freq
  D:00A3H         PUBLIC        CLKCTRL
  C:1CACH         PUBLIC        _hal_clk_set_input
  C:1F4EH         PUBLIC        hal_clklf_phase
  C:1F54H         PUBLIC        hal_clklf_ready
  C:1DF7H         PUBLIC        hal_clk_get_16m_source
  D:00ADH         PUBLIC        CLKLFCTRL
  C:1CF1H         PUBLIC        _hal_clk_set_16m_source
  D:0088H         PUBLIC        TCON
  C:1E0FH         PUBLIC        _hal_clklf_set_source
  D:0098H         PUBLIC        S0CON
  D:00D8H         PUBLIC        ADCON
  D:00C8H         PUBLIC        T2CON
  D:00F8H         PUBLIC        FSR
  C:1CE1H         PUBLIC        _hal_clk_regret_xosc16m_on
  D:00E8H         PUBLIC        RFCON
  D:00D0H         PUBLIC        PSW
  D:00C0H         PUBLIC        IRCON
  -------         PROC          _HAL_CLK_REGRET_XOSC16M_ON
  D:0007H         SYMBOL        on
  C:1CE1H         LINE#         22
BL51 BANKED LINKER/LOCATER V6.22                                                      08/09/2019  16:39:58  PAGE 27


  C:1CE1H         LINE#         23
  C:1CE1H         LINE#         24
  C:1CE4H         LINE#         25
  C:1CE4H         LINE#         26
  C:1CECH         LINE#         27
  C:1CEDH         LINE#         29
  C:1CEDH         LINE#         30
  C:1CF0H         LINE#         31
  C:1CF0H         LINE#         32
  -------         ENDPROC       _HAL_CLK_REGRET_XOSC16M_ON
  -------         PROC          _HAL_CLK_SET_INPUT
  D:0007H         SYMBOL        input
  C:1CACH         LINE#         34
  C:1CACH         LINE#         35
  C:1CACH         LINE#         36
  C:1CBDH         LINE#         37
  -------         ENDPROC       _HAL_CLK_SET_INPUT
  -------         PROC          _HAL_CLK_SET_16M_SOURCE
  D:0007H         SYMBOL        source
  C:1CF1H         LINE#         39
  C:1CF1H         LINE#         40
  C:1CF1H         LINE#         41
  C:1D00H         LINE#         42
  -------         ENDPROC       _HAL_CLK_SET_16M_SOURCE
  -------         PROC          HAL_CLK_GET_16M_SOURCE
  -------         DO            
  D:0007H         SYMBOL        clock_source
  -------         ENDDO         
  C:1DF7H         LINE#         44
  C:1DF7H         LINE#         45
  C:1DF7H         LINE#         47
  C:1DFCH         LINE#         48
  C:1DFCH         LINE#         49
  C:1DFEH         LINE#         50
  C:1E00H         LINE#         52
  C:1E00H         LINE#         53
  C:1E02H         LINE#         54
  C:1E02H         LINE#         56
  C:1E02H         LINE#         57
  -------         ENDPROC       HAL_CLK_GET_16M_SOURCE
  -------         PROC          _HAL_CLK_SET_FREQ
  D:0007H         SYMBOL        freq
  C:1E03H         LINE#         59
  C:1E03H         LINE#         60
  C:1E03H         LINE#         61
  C:1E0EH         LINE#         62
  -------         ENDPROC       _HAL_CLK_SET_FREQ
  -------         PROC          HAL_CLKLF_PHASE
  C:1F4EH         LINE#         64
  C:1F4EH         LINE#         65
  C:1F4EH         LINE#         66
  C:1F53H         LINE#         67
  -------         ENDPROC       HAL_CLKLF_PHASE
  -------         PROC          HAL_CLKLF_READY
  C:1F54H         LINE#         69
  C:1F54H         LINE#         70
  C:1F54H         LINE#         71
BL51 BANKED LINKER/LOCATER V6.22                                                      08/09/2019  16:39:58  PAGE 28


  C:1F59H         LINE#         72
  -------         ENDPROC       HAL_CLKLF_READY
  -------         PROC          _HAL_CLKLF_SET_SOURCE
  D:0007H         SYMBOL        source
  C:1E0FH         LINE#         74
  C:1E0FH         LINE#         75
  C:1E0FH         LINE#         76
  C:1E1AH         LINE#         77
  -------         ENDPROC       _HAL_CLKLF_SET_SOURCE
  -------         ENDMOD        HAL_CLK

  -------         MODULE        HAL_RTC
  C:0000H         SYMBOL        _ICE_DUMMY_
  D:0080H         PUBLIC        P0
  D:0090H         PUBLIC        P1
  D:00A0H         PUBLIC        P2
  D:00B0H         PUBLIC        P3
  D:00A8H         PUBLIC        IEN0
  D:00B8H         PUBLIC        IEN1
  D:00B4H         PUBLIC        RTC2CMP0
  D:00B5H         PUBLIC        RTC2CMP1
  C:1F89H         PUBLIC        hal_rtc_get_capture_clock_cycles
  D:0088H         PUBLIC        TCON
  C:1F85H         PUBLIC        hal_rtc_capture
  C:0003H         PUBLIC        hal_rtc_get_compare_value
  C:1C85H         PUBLIC        _hal_rtc_set_compare_value
  C:1B4AH         PUBLIC        hal_rtc_get_capture_value
  C:1D7EH         PUBLIC        _hal_rtc_set_compare_mode
  D:0098H         PUBLIC        S0CON
  D:00B6H         PUBLIC        RTC2CPT00
  D:00D8H         PUBLIC        ADCON
  D:00ACH         PUBLIC        RTC2CPT10
  D:00ABH         PUBLIC        RTC2CPT01
  D:00C8H         PUBLIC        T2CON
  D:00F8H         PUBLIC        FSR
  C:1E78H         PUBLIC        _hal_rtc_start
  C:1E6DH         PUBLIC        _hal_rtc_radio_capture_enable
  D:00E8H         PUBLIC        RFCON
  D:00D0H         PUBLIC        PSW
  D:00C0H         PUBLIC        IRCON
  D:00B3H         PUBLIC        RTC2CON
  -------         PROC          HAL_RTC_CAPTURE
  C:1F85H         LINE#         22
  C:1F85H         LINE#         23
  C:1F85H         LINE#         24
  C:1F88H         LINE#         25
  -------         ENDPROC       HAL_RTC_CAPTURE
  -------         PROC          _HAL_RTC_RADIO_CAPTURE_ENABLE
  D:0007H         SYMBOL        en
  C:1E6DH         LINE#         27
  C:1E6DH         LINE#         28
  C:1E6DH         LINE#         29
  C:1E70H         LINE#         30
  C:1E70H         LINE#         31
  C:1E73H         LINE#         32
  C:1E74H         LINE#         34
  C:1E74H         LINE#         35
BL51 BANKED LINKER/LOCATER V6.22                                                      08/09/2019  16:39:58  PAGE 29


  C:1E77H         LINE#         36
  C:1E77H         LINE#         37
  -------         ENDPROC       _HAL_RTC_RADIO_CAPTURE_ENABLE
  -------         PROC          _HAL_RTC_SET_COMPARE_MODE
  D:0007H         SYMBOL        mode
  C:1D7EH         LINE#         39
  C:1D7EH         LINE#         40
  C:1D7EH         LINE#         41
  C:1D8BH         LINE#         42
  -------         ENDPROC       _HAL_RTC_SET_COMPARE_MODE
  -------         PROC          _HAL_RTC_START
  D:0007H         SYMBOL        en
  C:1E78H         LINE#         44
  C:1E78H         LINE#         45
  C:1E78H         LINE#         46
  C:1E7BH         LINE#         47
  C:1E7BH         LINE#         48
  C:1E7EH         LINE#         49
  C:1E7FH         LINE#         51
  C:1E7FH         LINE#         52
  C:1E82H         LINE#         53
  C:1E82H         LINE#         54
  -------         ENDPROC       _HAL_RTC_START
  -------         PROC          _HAL_RTC_SET_COMPARE_VALUE
  D:0006H         SYMBOL        value
  -------         DO            
  D:0005H         SYMBOL        compare_status
  -------         ENDDO         
  C:1C85H         LINE#         56
  C:1C85H         LINE#         57
  C:1C85H         LINE#         59
  C:1C8AH         LINE#         60
  C:1C8DH         LINE#         61
  C:1C90H         LINE#         62
  C:1C93H         LINE#         63
  C:1C98H         LINE#         64
  -------         ENDPROC       _HAL_RTC_SET_COMPARE_VALUE
  -------         PROC          HAL_RTC_GET_COMPARE_VALUE
  -------         DO            
  D:0001H         SYMBOL        compare_status
  D:0004H         SYMBOL        value
  -------         ENDDO         
  C:0003H         LINE#         66
  C:0003H         LINE#         67
  C:0003H         LINE#         70
  C:0008H         LINE#         71
  C:000BH         LINE#         72
  C:0011H         LINE#         73
  C:0015H         LINE#         74
  C:0019H         LINE#         75
  C:001EH         LINE#         76
  C:0022H         LINE#         77
  -------         ENDPROC       HAL_RTC_GET_COMPARE_VALUE
  -------         PROC          HAL_RTC_GET_CAPTURE_VALUE
  -------         DO            
  D:0001H         SYMBOL        capture_status
  D:0004H         SYMBOL        value
BL51 BANKED LINKER/LOCATER V6.22                                                      08/09/2019  16:39:58  PAGE 30


  -------         ENDDO         
  C:1B4AH         LINE#         79
  C:1B4AH         LINE#         80
  C:1B4AH         LINE#         83
  C:1B4FH         LINE#         84
  C:1B52H         LINE#         85
  C:1B58H         LINE#         86
  C:1B5CH         LINE#         87
  C:1B60H         LINE#         88
  C:1B65H         LINE#         89
  C:1B69H         LINE#         90
  -------         ENDPROC       HAL_RTC_GET_CAPTURE_VALUE
  -------         PROC          HAL_RTC_GET_CAPTURE_CLOCK_CYCLES
  C:1F89H         LINE#         92
  C:1F89H         LINE#         93
  C:1F89H         LINE#         94
  C:1F8BH         LINE#         95
  -------         ENDPROC       HAL_RTC_GET_CAPTURE_CLOCK_CYCLES
  -------         ENDMOD        HAL_RTC

  -------         MODULE        HAL_ADC
  C:0000H         SYMBOL        _ICE_DUMMY_
  D:0080H         PUBLIC        P0
  D:0090H         PUBLIC        P1
  C:1F8CH         PUBLIC        hal_adc_read_LSB
  D:00A0H         PUBLIC        P2
  C:1F8FH         PUBLIC        hal_adc_read_MSB
  C:1E27H         PUBLIC        _hal_adc_set_acq_window
  D:00B0H         PUBLIC        P3
  C:1E1BH         PUBLIC        _hal_adc_set_reference
  C:1D60H         PUBLIC        _hal_adc_set_input_mode
  D:00A8H         PUBLIC        IEN0
  C:1D31H         PUBLIC        _hal_adc_set_power_down_delay
  D:00B8H         PUBLIC        IEN1
  C:1D41H         PUBLIC        _hal_adc_set_data_just
  C:1D11H         PUBLIC        _hal_adc_set_conversion_mode
  C:1D6FH         PUBLIC        _hal_adc_set_resolution
  D:0088H         PUBLIC        TCON
  C:1D21H         PUBLIC        _hal_adc_set_sampling_rate
  C:1D01H         PUBLIC        _hal_adc_set_input_channel
  C:1CD0H         PUBLIC        hal_adc_get_overflow_status
  C:1E33H         PUBLIC        hal_adc_start
  D:00D3H         PUBLIC        ADCCON1
  D:00D2H         PUBLIC        ADCCON2
  D:00D1H         PUBLIC        ADCCON3
  D:0098H         PUBLIC        S0CON
  C:1F5AH         PUBLIC        hal_adc_busy
  D:00D8H         PUBLIC        ADCON
  D:00C8H         PUBLIC        T2CON
  D:00F8H         PUBLIC        FSR
  D:00D4H         PUBLIC        ADCDATH
  D:00D5H         PUBLIC        ADCDATL
  D:00E8H         PUBLIC        RFCON
  D:00D0H         PUBLIC        PSW
  D:00C0H         PUBLIC        IRCON
  -------         PROC          _HAL_ADC_SET_INPUT_CHANNEL
  D:0007H         SYMBOL        chsel
BL51 BANKED LINKER/LOCATER V6.22                                                      08/09/2019  16:39:58  PAGE 31


  C:1D01H         LINE#         26
  C:1D01H         LINE#         27
  C:1D01H         LINE#         29
  C:1D10H         LINE#         30
  -------         ENDPROC       _HAL_ADC_SET_INPUT_CHANNEL
  -------         PROC          _HAL_ADC_SET_REFERENCE
  D:0007H         SYMBOL        refsel
  C:1E1BH         LINE#         33
  C:1E1BH         LINE#         34
  C:1E1BH         LINE#         36
  C:1E26H         LINE#         37
  -------         ENDPROC       _HAL_ADC_SET_REFERENCE
  -------         PROC          _HAL_ADC_SET_INPUT_MODE
  D:0007H         SYMBOL        input_mode
  C:1D60H         LINE#         40
  C:1D60H         LINE#         41
  C:1D60H         LINE#         43
  C:1D6EH         LINE#         44
  -------         ENDPROC       _HAL_ADC_SET_INPUT_MODE
  -------         PROC          _HAL_ADC_SET_CONVERSION_MODE
  D:0007H         SYMBOL        conv_mode
  C:1D11H         LINE#         47
  C:1D11H         LINE#         48
  C:1D11H         LINE#         50
  C:1D20H         LINE#         51
  -------         ENDPROC       _HAL_ADC_SET_CONVERSION_MODE
  -------         PROC          _HAL_ADC_SET_SAMPLING_RATE
  D:0007H         SYMBOL        rate
  C:1D21H         LINE#         54
  C:1D21H         LINE#         55
  C:1D21H         LINE#         57
  C:1D30H         LINE#         58
  -------         ENDPROC       _HAL_ADC_SET_SAMPLING_RATE
  -------         PROC          _HAL_ADC_SET_POWER_DOWN_DELAY
  D:0007H         SYMBOL        pdd
  C:1D31H         LINE#         61
  C:1D31H         LINE#         62
  C:1D31H         LINE#         64
  C:1D40H         LINE#         65
  -------         ENDPROC       _HAL_ADC_SET_POWER_DOWN_DELAY
  -------         PROC          _HAL_ADC_SET_ACQ_WINDOW
  D:0007H         SYMBOL        tacq
  C:1E27H         LINE#         68
  C:1E27H         LINE#         69
  C:1E27H         LINE#         71
  C:1E32H         LINE#         72
  -------         ENDPROC       _HAL_ADC_SET_ACQ_WINDOW
  -------         PROC          _HAL_ADC_SET_RESOLUTION
  D:0007H         SYMBOL        res
  C:1D6FH         LINE#         75
  C:1D6FH         LINE#         76
  C:1D6FH         LINE#         78
  C:1D7DH         LINE#         79
  -------         ENDPROC       _HAL_ADC_SET_RESOLUTION
  -------         PROC          _HAL_ADC_SET_DATA_JUST
  D:0007H         SYMBOL        just
  C:1D41H         LINE#         82
BL51 BANKED LINKER/LOCATER V6.22                                                      08/09/2019  16:39:58  PAGE 32


  C:1D41H         LINE#         83
  C:1D41H         LINE#         85
  C:1D50H         LINE#         86
  -------         ENDPROC       _HAL_ADC_SET_DATA_JUST
  -------         PROC          HAL_ADC_START
  -------         DO            
  D:0007H         SYMBOL        cnt
  -------         ENDDO         
  C:1E33H         LINE#         89
  C:1E33H         LINE#         90
  C:1E33H         LINE#         91
  C:1E35H         LINE#         92
  C:1E38H         LINE#         94
  C:1E3EH         LINE#         95
  -------         ENDPROC       HAL_ADC_START
  -------         PROC          HAL_ADC_READ_LSB
  C:1F8CH         LINE#         98
  C:1F8CH         LINE#         99
  C:1F8CH         LINE#         100
  C:1F8EH         LINE#         101
  -------         ENDPROC       HAL_ADC_READ_LSB
  -------         PROC          HAL_ADC_READ_MSB
  C:1F8FH         LINE#         103
  C:1F8FH         LINE#         104
  C:1F8FH         LINE#         105
  C:1F91H         LINE#         106
  -------         ENDPROC       HAL_ADC_READ_MSB
  -------         PROC          HAL_ADC_BUSY
  C:1F5AH         LINE#         108
  C:1F5AH         LINE#         109
  C:1F5AH         LINE#         110
  C:1F5FH         LINE#         111
  -------         ENDPROC       HAL_ADC_BUSY
  -------         PROC          HAL_ADC_GET_OVERFLOW_STATUS
  C:1CD0H         LINE#         113
  C:1CD0H         LINE#         114
  C:1CD0H         LINE#         115
  C:1CE0H         LINE#         116
  -------         ENDPROC       HAL_ADC_GET_OVERFLOW_STATUS
  -------         ENDMOD        HAL_ADC

  -------         MODULE        HAL_NRF_HW
  C:0000H         SYMBOL        _ICE_DUMMY_
  D:0080H         PUBLIC        P0
  D:0090H         PUBLIC        P1
  D:00A0H         PUBLIC        P2
  D:00B0H         PUBLIC        P3
  D:00A8H         PUBLIC        IEN0
[...]
  D:0001H         SYMBOL        tx_pload
  D:0005H         SYMBOL        length
  C:1EDFH         LINE#         681
  C:1EDFH         LINE#         682
  C:1EDFH         LINE#         683
  C:1EE8H         LINE#         684
  -------         ENDPROC       _HAL_NRF_WRITE_TX_PAYLOAD_NOACK
  -------         PROC          _HAL_NRF_WRITE_ACK_PAYLOAD
  D:0007H         SYMBOL        pipe
  D:0001H         SYMBOL        tx_pload
  X:0045H         SYMBOL        length
  C:1DA8H         LINE#         686
  C:1DA8H         LINE#         687
  C:1DA8H         LINE#         688
  C:1DB5H         LINE#         689
BL51 BANKED LINKER/LOCATER V6.22                                                      08/09/2019  16:39:58  PAGE 45


  -------         ENDPROC       _HAL_NRF_WRITE_ACK_PAYLOAD
  -------         PROC          HAL_NRF_READ_RX_PAYLOAD_WIDTH
  C:1F6CH         LINE#         691
  C:1F6CH         LINE#         692
  C:1F6CH         LINE#         693
  C:1F71H         LINE#         694
  -------         ENDPROC       HAL_NRF_READ_RX_PAYLOAD_WIDTH
  -------         PROC          _HAL_NRF_READ_RX_PAYLOAD
  D:0001H         SYMBOL        rx_pload
  C:1F72H         LINE#         696
  C:1F72H         LINE#         697
  C:1F72H         LINE#         698
  C:1F77H         LINE#         699
  -------         ENDPROC       _HAL_NRF_READ_RX_PAYLOAD
  -------         PROC          HAL_NRF_GET_RX_DATA_SOURCE
  C:1DB6H         LINE#         701
  C:1DB6H         LINE#         702
  C:1DB6H         LINE#         703
  C:1DC3H         LINE#         704
  -------         ENDPROC       HAL_NRF_GET_RX_DATA_SOURCE
  -------         PROC          HAL_NRF_REUSE_TX
  C:1EE9H         LINE#         706
  C:1EE9H         LINE#         707
  C:1EE9H         LINE#         708
  C:1EEBH         LINE#         709
  C:1EF0H         LINE#         710
  C:1EF2H         LINE#         711
  -------         ENDPROC       HAL_NRF_REUSE_TX
  -------         PROC          HAL_NRF_GET_REUSE_TX_STATUS
  C:1C99H         LINE#         713
  C:1C99H         LINE#         714
  C:1C99H         LINE#         715
  C:1CABH         LINE#         716
  -------         ENDPROC       HAL_NRF_GET_REUSE_TX_STATUS
  -------         PROC          HAL_NRF_FLUSH_RX
  C:1EF3H         LINE#         718
  C:1EF3H         LINE#         719
  C:1EF3H         LINE#         720
  C:1EF5H         LINE#         721
  C:1EFAH         LINE#         722
  C:1EFCH         LINE#         723
  -------         ENDPROC       HAL_NRF_FLUSH_RX
  -------         PROC          HAL_NRF_FLUSH_TX
  C:1EFDH         LINE#         725
  C:1EFDH         LINE#         726
  C:1EFDH         LINE#         727
  C:1EFFH         LINE#         728
  C:1F04H         LINE#         729
  C:1F06H         LINE#         730
  -------         ENDPROC       HAL_NRF_FLUSH_TX
  -------         PROC          HAL_NRF_NOP
  -------         DO            
  D:0007H         SYMBOL        retval
  -------         ENDDO         
  C:1F07H         LINE#         732
  C:1F07H         LINE#         733
  C:1F07H         LINE#         736
BL51 BANKED LINKER/LOCATER V6.22                                                      08/09/2019  16:39:58  PAGE 46


  C:1F09H         LINE#         737
  C:1F0EH         LINE#         738
  C:1F10H         LINE#         740
  C:1F10H         LINE#         741
  -------         ENDPROC       HAL_NRF_NOP
  -------         PROC          _HAL_NRF_SET_PLL_MODE
  X:0046H         SYMBOL        pll_lock
  -------         DO            
  X:0047H         SYMBOL        rf_setup
  -------         ENDDO         
  C:18F7H         LINE#         743
  C:18FBH         LINE#         744
  C:18FBH         LINE#         746
  C:1904H         LINE#         747
  C:191DH         LINE#         749
  C:1924H         LINE#         750
  -------         ENDPROC       _HAL_NRF_SET_PLL_MODE
  -------         PROC          _HAL_NRF_ENABLE_CONTINIOUS_WAVE
  X:0048H         SYMBOL        enable
  -------         DO            
  X:0049H         SYMBOL        rf_setup
  -------         ENDDO         
  C:1867H         LINE#         752
  C:186BH         LINE#         753
  C:186BH         LINE#         755
  C:1874H         LINE#         756
  C:1890H         LINE#         758
  C:1897H         LINE#         759
  -------         ENDPROC       _HAL_NRF_ENABLE_CONTINIOUS_WAVE
  -------         PROC          _HAL_NRF_READ_REG
  D:0007H         SYMBOL        reg
  -------         DO            
  D:0007H         SYMBOL        temp
  -------         ENDDO         
  C:1BE3H         LINE#         761
  C:1BE3H         LINE#         762
  C:1BE3H         LINE#         765
  C:1BE5H         LINE#         767
  C:1BE7H         LINE#         768
  C:1BEDH         LINE#         769
  C:1BEFH         LINE#         771
  C:1BF2H         LINE#         772
  C:1BF8H         LINE#         773
  C:1BFAH         LINE#         775
  C:1BFCH         LINE#         777
  C:1BFCH         LINE#         778
  -------         ENDPROC       _HAL_NRF_READ_REG
  -------         PROC          _HAL_NRF_WRITE_REG
  D:0007H         SYMBOL        reg
  D:0005H         SYMBOL        value
  -------         DO            
  D:0007H         SYMBOL        retval
  X:0068H         SYMBOL        dummy
  -------         ENDDO         
  C:1B29H         LINE#         780
  C:1B29H         LINE#         781
  C:1B29H         LINE#         788
BL51 BANKED LINKER/LOCATER V6.22                                                      08/09/2019  16:39:58  PAGE 47


  C:1B2BH         LINE#         790
  C:1B30H         LINE#         791
  C:1B36H         LINE#         792
  C:1B38H         LINE#         794
  C:1B3CH         LINE#         795
  C:1B42H         LINE#         796
  C:1B47H         LINE#         798
  C:1B49H         LINE#         800
  C:1B49H         LINE#         801
  -------         ENDPROC       _HAL_NRF_WRITE_REG
  -------         PROC          _HAL_NRF_READ_MULTIBYTE_REG
  X:0051H         SYMBOL        reg
  X:0052H         SYMBOL        pbuf
  -------         DO            
  X:0055H         SYMBOL        ctr
  X:0056H         SYMBOL        length
  X:0057H         SYMBOL        memtype
  X:0058H         SYMBOL        read_byte
  X:0059H         SYMBOL        first_round
  -------         DO            
  X:005AH         SYMBOL        buf
  X:005AH         SYMBOL        buf
  X:005AH         SYMBOL        buf
  X:005AH         SYMBOL        buf
  -------         ENDDO         
  -------         DO            
  X:005AH         SYMBOL        buf
  X:005AH         SYMBOL        buf
  X:005AH         SYMBOL        buf
  -------         ENDDO         
  -------         DO            
  X:005AH         SYMBOL        buf
  X:005AH         SYMBOL        buf
  -------         ENDDO         
  -------         DO            
  X:005AH         SYMBOL        buf
  -------         ENDDO         
  -------         ENDDO         
  C:084CH         LINE#         822
  C:0859H         LINE#         823
  C:0859H         LINE#         828
  C:085EH         LINE#         830
  C:0864H         LINE#         832
  C:0876H         LINE#         833
  C:0876H         LINE#         834
  C:0876H         LINE#         835
  C:0876H         LINE#         836
  C:0876H         LINE#         837
  C:087FH         LINE#         838
  C:0881H         LINE#         839
  C:088AH         LINE#         840
  C:088CH         LINE#         842
  C:088CH         LINE#         843
  C:0893H         LINE#         844
  C:0899H         LINE#         845
  C:0899H         LINE#         846
  C:08A2H         LINE#         847
BL51 BANKED LINKER/LOCATER V6.22                                                      08/09/2019  16:39:58  PAGE 48


  C:08A4H         LINE#         848
  C:08A9H         LINE#         849
  C:08ABH         LINE#         851
  C:08ABH         LINE#         852
  C:08B1H         LINE#         853
  C:08B1H         LINE#         854
  C:08B3H         LINE#         856
  C:08B3H         LINE#         857
  C:08B9H         LINE#         858
  C:08B9H         LINE#         859
  C:08B9H         LINE#         861
  C:08BEH         LINE#         862
  C:08BEH         LINE#         863
  C:08C8H         LINE#         864
  C:0900H         LINE#         865
  C:0903H         LINE#         866
  C:090AH         LINE#         867
  C:090AH         LINE#         868
  C:091AH         LINE#         869
  C:0962H         LINE#         870
  C:0965H         LINE#         871
  C:096CH         LINE#         872
  C:096CH         LINE#         873
  C:0976H         LINE#         874
  C:09AEH         LINE#         875
  C:09B0H         LINE#         877
  C:09B0H         LINE#         878
  C:09C3H         LINE#         879
  C:0A0FH         LINE#         880
  C:0A0FH         LINE#         882
  C:0A11H         LINE#         884
  C:0A1CH         LINE#         885
  -------         ENDPROC       _HAL_NRF_READ_MULTIBYTE_REG
  -------         PROC          _HAL_NRF_WRITE_MULTIBYTE_REG
  D:0007H         SYMBOL        reg
  X:0069H         SYMBOL        pbuf
  X:006CH         SYMBOL        length
  -------         DO            
  D:0005H         SYMBOL        memtype
  D:0006H         SYMBOL        next
  X:006DH         SYMBOL        dummy
  -------         DO            
  X:006EH         SYMBOL        buf
  X:006EH         SYMBOL        buf
  X:006EH         SYMBOL        buf
  X:006EH         SYMBOL        buf
  -------         ENDDO         
  -------         DO            
  X:006EH         SYMBOL        buf
  X:006EH         SYMBOL        buf
  X:006EH         SYMBOL        buf
  -------         ENDDO         
  -------         DO            
  X:006EH         SYMBOL        buf
  X:006EH         SYMBOL        buf
  -------         ENDDO         
  -------         DO            
BL51 BANKED LINKER/LOCATER V6.22                                                      08/09/2019  16:39:58  PAGE 49


  X:006EH         SYMBOL        buf
  -------         ENDDO         
  -------         ENDDO         
  C:0C66H         LINE#         896
  C:0C70H         LINE#         900
  C:0C70H         LINE#         905
  C:0C74H         LINE#         907
  C:0C76H         LINE#         908
  C:0C78H         LINE#         910
  C:0C7AH         LINE#         911
  C:0C7AH         LINE#         912
  C:0C82H         LINE#         913
  C:0CA0H         LINE#         914
  C:0CA3H         LINE#         915
  C:0CA8H         LINE#         916
  C:0CA8H         LINE#         917
  C:0CB7H         LINE#         918
  C:0CDFH         LINE#         919
  C:0CE1H         LINE#         920
  C:0CE6H         LINE#         921
  C:0CE6H         LINE#         922
  C:0CF0H         LINE#         923
  C:0D0EH         LINE#         924
  C:0D10H         LINE#         926
  C:0D10H         LINE#         927
  C:0D23H         LINE#         928
  C:0D4DH         LINE#         929
  C:0D4DH         LINE#         931
  C:0D53H         LINE#         932
  C:0D58H         LINE#         933
  C:0D5AH         LINE#         934
  -------         ENDPROC       _HAL_NRF_WRITE_MULTIBYTE_REG
  -------         ENDMOD        HAL_NRF

  -------         MODULE        HAL_UART
  C:0000H         SYMBOL        _ICE_DUMMY_
  D:0080H         PUBLIC        P0
  D:0090H         PUBLIC        P1
  D:00A0H         PUBLIC        P2
  D:00B0H         PUBLIC        P3
  I:0008H         SYMBOL        uart_rx
  I:0028H         SYMBOL        uart_tx
  D:00A8H         PUBLIC        IEN0
  D:00B8H         PUBLIC        IEN1
  B:0098H.4       PUBLIC        REN0
  C:1BA8H         PUBLIC        hal_uart_getchar
  C:14BFH         PUBLIC        uart0_isr
  D:00BAH         PUBLIC        S0RELH
  X:004AH         SYMBOL        uart_rx_cnt
  D:0087H         PUBLIC        PCON
  C:19D3H         PUBLIC        _hal_uart_putchar
  X:004BH         SYMBOL        uart_tx_cnt
  D:00AAH         PUBLIC        S0RELL
  D:0088H         PUBLIC        TCON
  B:00A8H.4       PUBLIC        ES0
  B:0098H.0       PUBLIC        RI0
  X:004CH         SYMBOL        uart_rx_rp
BL51 BANKED LINKER/LOCATER V6.22                                                      08/09/2019  16:39:58  PAGE 50


  B:0098H.1       PUBLIC        TI0
  X:004DH         SYMBOL        uart_tx_rp
  B:0098H.7       PUBLIC        SM0
  B:0098H.6       PUBLIC        SM1
  X:004EH         SYMBOL        uart_rx_wp
  C:1F78H         PUBLIC        hal_uart_chars_available
  X:004FH         SYMBOL        uart_tx_wp
  D:0099H         PUBLIC        S0BUF
  C:1E8EH         PUBLIC        hal_uart_tx_complete
  D:0098H         PUBLIC        S0CON
  D:00D8H         PUBLIC        ADCON
  D:00C8H         PUBLIC        T2CON
  D:00F8H         PUBLIC        FSR
  C:15B1H         PUBLIC        _hal_uart_init
  D:00E8H         PUBLIC        RFCON
  D:00D0H         PUBLIC        PSW
  D:00C0H         PUBLIC        IRCON
  -------         PROC          UART0_ISR
  C:14BFH         LINE#         41
  C:14C8H         LINE#         43
  C:14CBH         LINE#         44
  C:14CBH         LINE#         45
  C:14CDH         LINE#         46
  C:14D5H         LINE#         47
  C:14D5H         LINE#         48
  C:14DDH         LINE#         49
  C:14E4H         LINE#         50
  C:14E9H         LINE#         51
  C:14E9H         LINE#         52
  C:14E9H         LINE#         53
  C:14ECH         LINE#         54
  C:14ECH         LINE#         55
  C:14EEH         LINE#         56
  C:14F6H         LINE#         57
  C:14F6H         LINE#         58
  C:14FFH         LINE#         59
  C:1506H         LINE#         60
  C:1506H         LINE#         61
  C:150BH         LINE#         62
  C:150BH         LINE#         63
  -------         ENDPROC       UART0_ISR
  -------         PROC          _HAL_UART_INIT
  D:0007H         SYMBOL        baud
  -------         DO            
  D:0004H         SYMBOL        temp
  -------         ENDDO         
  C:15B1H         LINE#         65
  C:15B1H         LINE#         66
  C:15B1H         LINE#         69
  C:15B3H         LINE#         70
  C:15BAH         LINE#         71
  C:15BDH         LINE#         72
  C:15C2H         LINE#         73
  C:15C5H         LINE#         74
  C:15C7H         LINE#         75
  C:15C9H         LINE#         76
  C:15CBH         LINE#         77
BL51 BANKED LINKER/LOCATER V6.22                                                      08/09/2019  16:39:58  PAGE 51


  C:15CEH         LINE#         78
  C:15D1H         LINE#         79
  C:15DDH         LINE#         80
  C:15DDH         LINE#         81
  C:15DDH         LINE#         82
  C:15E1H         LINE#         83
  C:15E3H         LINE#         84
  C:15E3H         LINE#         85
  C:15E7H         LINE#         86
  C:15E9H         LINE#         87
  C:15E9H         LINE#         88
  C:15EDH         LINE#         89
  C:15EFH         LINE#         90
  C:15EFH         LINE#         91
  C:15EFH         LINE#         92
  C:15F3H         LINE#         93
  C:15F3H         LINE#         94
  C:15F3H         LINE#         95
  C:15F5H         LINE#         96
  C:15F8H         LINE#         100
  -------         ENDPROC       _HAL_UART_INIT
  -------         PROC          _HAL_UART_PUTCHAR
  D:0007H         SYMBOL        ch
  C:19D3H         LINE#         102
  C:19D3H         LINE#         103
  C:19D3H         LINE#         105
  C:19DBH         LINE#         107
  C:19DDH         LINE#         108
  C:19E2H         LINE#         109
  C:19E2H         LINE#         110
  C:19E4H         LINE#         111
  C:19E6H         LINE#         113
  C:19E6H         LINE#         114
  C:19EEH         LINE#         115
  C:19F5H         LINE#         116
  C:19F5H         LINE#         117
  C:19FAH         LINE#         118
  C:19FCH         LINE#         119
  -------         ENDPROC       _HAL_UART_PUTCHAR
  -------         PROC          HAL_UART_CHARS_AVAILABLE
  C:1F78H         LINE#         122
  C:1F78H         LINE#         123
  C:1F78H         LINE#         124
  C:1F7CH         LINE#         125
  -------         ENDPROC       HAL_UART_CHARS_AVAILABLE
  -------         PROC          HAL_UART_TX_COMPLETE
  C:1E8EH         LINE#         127
  C:1E8EH         LINE#         128
  C:1E8EH         LINE#         129
  C:1E93H         LINE#         130
  C:1E93H         LINE#         131
  C:1E96H         LINE#         132
  C:1E96H         LINE#         134
  C:1E96H         LINE#         135
  C:1E98H         LINE#         136
  C:1E98H         LINE#         137
  -------         ENDPROC       HAL_UART_TX_COMPLETE
BL51 BANKED LINKER/LOCATER V6.22                                                      08/09/2019  16:39:58  PAGE 52


  -------         PROC          HAL_UART_GETCHAR
  -------         DO            
  D:0007H         SYMBOL        ch
  -------         ENDDO         
  C:1BA8H         LINE#         138
  C:1BA8H         LINE#         139
  C:1BA8H         LINE#         144
  C:1BADH         LINE#         145
  C:1BADH         LINE#         146
  C:1BAFH         LINE#         147
  C:1BB7H         LINE#         148
  C:1BBEH         LINE#         149
  C:1BC3H         LINE#         150
  C:1BC5H         LINE#         151
  C:1BC5H         LINE#         152
  -------         ENDPROC       HAL_UART_GETCHAR
  -------         ENDMOD        HAL_UART

  -------         MODULE        ?C?FPMUL
  C:004EH         PUBLIC        ?C?FPMUL
  -------         ENDMOD        ?C?FPMUL

  -------         MODULE        ?C?FPDIV
  C:0157H         PUBLIC        ?C?FPDIV
  -------         ENDMOD        ?C?FPDIV

  -------         MODULE        ?C?FCAST
  C:01FEH         PUBLIC        ?C?FCASTC
  C:01F9H         PUBLIC        ?C?FCASTI
  C:01F4H         PUBLIC        ?C?FCASTL
  -------         ENDMOD        ?C?FCAST

  -------         MODULE        ?C?CASTF
  C:0232H         PUBLIC        ?C?CASTF
  -------         ENDMOD        ?C?CASTF

  -------         MODULE        ?C?CLDPTR
  C:02B3H         PUBLIC        ?C?CLDPTR
  -------         ENDMOD        ?C?CLDPTR

  -------         MODULE        ?C?CSTPTR
  C:02CCH         PUBLIC        ?C?CSTPTR
  -------         ENDMOD        ?C?CSTPTR

  -------         MODULE        ?C?SIDIV
  C:02DEH         PUBLIC        ?C?SIDIV
  -------         ENDMOD        ?C?SIDIV

  -------         MODULE        ?C?LMUL
  C:0314H         PUBLIC        ?C?LMUL
  -------         ENDMOD        ?C?LMUL

  -------         MODULE        ?C?ULDIV
  C:039FH         PUBLIC        ?C?ULDIV
  -------         ENDMOD        ?C?ULDIV

  -------         MODULE        ?C?LNEG
BL51 BANKED LINKER/LOCATER V6.22                                                      08/09/2019  16:39:58  PAGE 53


  C:0431H         PUBLIC        ?C?LNEG
  -------         ENDMOD        ?C?LNEG

  -------         MODULE        ?C?SLCMP
  C:043FH         PUBLIC        ?C?SLCMP
  -------         ENDMOD        ?C?SLCMP

  -------         MODULE        ?C?ULCMP
  C:0455H         PUBLIC        ?C?ULCMP
  -------         ENDMOD        ?C?ULCMP

  -------         MODULE        ?C?ULSHR
  C:0466H         PUBLIC        ?C?ULSHR
  -------         ENDMOD        ?C?ULSHR

  -------         MODULE        ?C?LSHL
  C:0479H         PUBLIC        ?C?LSHL
  -------         ENDMOD        ?C?LSHL

  -------         MODULE        ?C?LSTPDATA
  C:048CH         PUBLIC        ?C?LSTPDATA
  -------         ENDMOD        ?C?LSTPDATA

  -------         MODULE        ?C?LSTKXDATA
  C:0498H         PUBLIC        ?C?LSTKXDATA
  -------         ENDMOD        ?C?LSTKXDATA

  -------         MODULE        ?C?LSTKPDATA
  C:04C9H         PUBLIC        ?C?LSTKPDATA
  -------         ENDMOD        ?C?LSTKPDATA

  -------         MODULE        ?C?MEMSET
  C:04E2H         PUBLIC        ?C?MEMSET
  -------         ENDMOD        ?C?MEMSET

  -------         MODULE        ?C?UIDIV
  C:050EH         PUBLIC        ?C?UIDIV
  -------         ENDMOD        ?C?UIDIV

Program Size: data=73.0 xdata=209 code=8082
LINK/LOCATE RUN COMPLETE.  0 WARNING(S),  0 ERROR(S)
