BL51 BANKED LINKER/LOCATER V6.22                                                        08/09/2019  21:11:00  PAGE 1


BL51 BANKED LINKER/LOCATER V6.22, INVOKED BY:
D:\KEIL\C51\BIN\BL51.EXE .\Object\main.obj, .\Object\AHT10.obj, .\Object\DHT11.obj, .\Object\led.obj, .\Object\key.obj, 
>> .\Object\hal_delay.obj, .\Object\hal_clk.obj, .\Object\hal_rtc.obj, .\Object\hal_adc.obj, .\Object\hal_nrf_hw.obj, .\
>> Object\hal_wdog.obj, .\Object\hal_nrf.obj, .\Object\hal_uart.obj TO .\Object\Tag PRINT (.\List\Tag.m51) RAMSIZE (256)
>>  DISABLEWARNING (15, 16)


MEMORY MODEL: COMPACT WITH FLOATING POINT ARITHMETIC


INPUT MODULES INCLUDED:
  .\Object\main.obj (MAIN)
  .\Object\AHT10.obj (AHT10)
  .\Object\DHT11.obj (DHT11)
  .\Object\led.obj (LED)
  .\Object\key.obj (KEY)
  .\Object\hal_delay.obj (HAL_DELAY)
  .\Object\hal_clk.obj (HAL_CLK)
  .\Object\hal_rtc.obj (HAL_RTC)
  .\Object\hal_adc.obj (HAL_ADC)
  .\Object\hal_nrf_hw.obj (HAL_NRF_HW)
  .\Object\hal_wdog.obj (HAL_WDOG)
  .\Object\hal_nrf.obj (HAL_NRF)
  .\Object\hal_uart.obj (HAL_UART)
  D:\KEIL\C51\LIB\C51FPC.LIB (?C?FPMUL)
  D:\KEIL\C51\LIB\C51FPC.LIB (?C?FPDIV)
  D:\KEIL\C51\LIB\C51FPC.LIB (?C?FCAST)
  D:\KEIL\C51\LIB\C51FPC.LIB (?C?CASTF)
  D:\KEIL\C51\LIB\C51FPC.LIB (?C?FPGETOPN)
  D:\KEIL\C51\LIB\C51C.LIB (?C_STARTUP)
  D:\KEIL\C51\LIB\C51C.LIB (?C?CLDPTR)
  D:\KEIL\C51\LIB\C51C.LIB (?C?CSTPTR)
  D:\KEIL\C51\LIB\C51C.LIB (?C?SIDIV)
  D:\KEIL\C51\LIB\C51C.LIB (?C?LMUL)
  D:\KEIL\C51\LIB\C51C.LIB (?C?ULDIV)
  D:\KEIL\C51\LIB\C51C.LIB (?C?LNEG)
  D:\KEIL\C51\LIB\C51C.LIB (?C?SLCMP)
  D:\KEIL\C51\LIB\C51C.LIB (?C?ULCMP)
  D:\KEIL\C51\LIB\C51C.LIB (?C?ULSHR)
  D:\KEIL\C51\LIB\C51C.LIB (?C?LSHL)
  D:\KEIL\C51\LIB\C51C.LIB (?C?LSTPDATA)
  D:\KEIL\C51\LIB\C51C.LIB (?C?LSTKPDATA)
  D:\KEIL\C51\LIB\C51C.LIB (?C?MEMSET)
  D:\KEIL\C51\LIB\C51C.LIB (?C_INIT)
  D:\KEIL\C51\LIB\C51C.LIB (?C?UIDIV)


LINK MAP OF MODULE:  .\Object\Tag (MAIN)


            TYPE    BASE      LENGTH    RELOCATION   SEGMENT NAME
            -----------------------------------------------------

            * * * * * * *   D A T A   M E M O R Y   * * * * * * *
            REG     0000H     0008H     ABSOLUTE     "REG BANK 0"
            IDATA   0008H     0040H     UNIT         ?ID?HAL_UART
            IDATA   0048H     0001H     UNIT         ?STACK

BL51 BANKED LINKER/LOCATER V6.22                                                      08/09/2019  21:11:00  PAGE 2


            * * * * * * *  X D A T A   M E M O R Y  * * * * * * *
            XDATA   0000H     0007H     INPAGE       ?PD?MAIN
            XDATA   0007H     0005H     INPAGE       ?PD?AHT10
            XDATA   000CH     000AH     INPAGE       ?PD?AHT10_TEST?AHT10
            XDATA   0016H     0001H     INPAGE       ?PD?COM?DHT11
            XDATA   0017H     0014H     INPAGE       ?PD?DHT11
            XDATA   002BH     0003H     INPAGE       ?PD?_HAL_NRF_SET_IRQ_MODE?HAL_NRF
            XDATA   002EH     0001H     INPAGE       ?PD?HAL_NRF_CLEAR_IRQ_FLAGS_GET_STATUS?HAL_NRF
            XDATA   002FH     0004H     INPAGE       ?PD?_HAL_NRF_GET_ADDRESS?HAL_NRF
            XDATA   0033H     0001H     INPAGE       ?PD?_HAL_NRF_SET_ADDRESS_WIDTH?HAL_NRF
            XDATA   0034H     0005H     INPAGE       ?PD?_HAL_NRF_GET_PIPE_STATUS?HAL_NRF
            XDATA   0039H     0001H     INPAGE       ?PD?_HAL_NRF_GET_RX_PAYLOAD_WIDTH?HAL_NRF
            XDATA   003AH     0001H     INPAGE       ?PD?_HAL_NRF_SETUP_DYNAMIC_PAYLOAD?HAL_NRF
            XDATA   003BH     0002H     INPAGE       ?PD?_HAL_NRF_ENABLE_DYNAMIC_PAYLOAD?HAL_NRF
            XDATA   003DH     0002H     INPAGE       ?PD?_HAL_NRF_ENABLE_ACK_PAYLOAD?HAL_NRF
            XDATA   003FH     0002H     INPAGE       ?PD?_HAL_NRF_ENABLE_DYNAMIC_ACK?HAL_NRF
            XDATA   0041H     0005H     INPAGE       ?PD?_HAL_NRF_WRITE_ACK_PAYLOAD?HAL_NRF
            XDATA   0046H     0002H     INPAGE       ?PD?_HAL_NRF_SET_PLL_MODE?HAL_NRF
            XDATA   0048H     0002H     INPAGE       ?PD?_HAL_NRF_ENABLE_CONTINIOUS_WAVE?HAL_NRF
            XDATA   004AH     0006H     INPAGE       ?PD?HAL_UART
            XDATA   0050H     0031H     INPAGE       _PDATA_GROUP_
            XDATA   0081H     0049H     UNIT         ?XD?MAIN
            XDATA   00CAH     0002H     UNIT         _XDATA_GROUP_

            * * * * * * *   C O D E   M E M O R Y   * * * * * * *
            CODE    0000H     0003H     ABSOLUTE     
            CODE    0003H     0020H     UNIT         ?PR?HAL_RTC_GET_COMPARE_VALUE?HAL_RTC
            CODE    0023H     0003H     ABSOLUTE     
            CODE    0026H     0024H     UNIT         ?PR?ADC_INIT?MAIN
            CODE    004AH     0001H     UNIT         ?PR?HAL_NRF_ACTIVATE_FEATURES?HAL_NRF
            CODE    004BH     0003H     ABSOLUTE     
            CODE    004EH     04E4H     UNIT         ?C?LIB_CODE
            CODE    0532H     02E9H     UNIT         ?PR?READ_AHT10?AHT10
            CODE    081BH     01D1H     UNIT         ?PR?_HAL_NRF_READ_MULTIBYTE_REG?HAL_NRF
            CODE    09ECH     013EH     UNIT         ?PR?CELLVOLTAGE?MAIN
            CODE    0B2AH     010BH     UNIT         ?PR?DHT11?DHT11
            CODE    0C35H     00F6H     UNIT         ?CO?MAIN
            CODE    0D2BH     00F5H     UNIT         ?PR?_HAL_NRF_WRITE_MULTIBYTE_REG?HAL_NRF
            CODE    0E20H     00D9H     UNIT         ?PR?MAIN?MAIN
            CODE    0EF9H     00D9H     UNIT         ?PR?_HAL_NRF_GET_PIPE_STATUS?HAL_NRF
            CODE    0FD2H     00AEH     UNIT         ?PR?AHT10?MAIN
            CODE    1080H     0094H     UNIT         ?PR?_HAL_NRF_OPEN_PIPE?HAL_NRF
            CODE    1114H     008EH     UNIT         ?PR?AHT10_INIT?AHT10
            CODE    11A2H     008CH     UNIT         ?C_C51STARTUP
            CODE    122EH     0084H     UNIT         ?PR?ASSEMBLE_DATA?MAIN
            CODE    12B2H     007DH     UNIT         ?PR?_HAL_NRF_SET_IRQ_MODE?HAL_NRF
            CODE    132FH     0079H     UNIT         ?PR?RF_IRQ?MAIN
            CODE    13A8H     0069H     UNIT         ?PR?_HAL_NRF_CLOSE_PIPE?HAL_NRF
            CODE    1411H     0061H     UNIT         ?PR?COM?DHT11
            CODE    1472H     005FH     UNIT         ?PR?_HAL_NRF_GET_RX_PAYLOAD_WIDTH?HAL_NRF
            CODE    14D1H     005DH     UNIT         ?PR?ZSSC_I2C_RD_BYTE?AHT10
            CODE    152EH     005CH     UNIT         ?PR?_ZSSC_I2C_WR_BYTE?AHT10
            CODE    158AH     0056H     UNIT         ?PR?_SETPOWRDOWNMODE?MAIN
            CODE    15E0H     0053H     UNIT         ?PR?UART0_ISR?HAL_UART
            CODE    1633H     0051H     UNIT         ?PR?GETPRINTLASTPWM?MAIN
            CODE    1684H     0051H     UNIT         ?PR?RECEIVE_ACK?AHT10
            CODE    16D5H     004EH     UNIT         ?PR?_HAL_NRF_SET_ADDRESS?HAL_NRF
BL51 BANKED LINKER/LOCATER V6.22                                                      08/09/2019  21:11:00  PAGE 3


            CODE    1723H     0048H     UNIT         ?PR?_HAL_UART_INIT?HAL_UART
            CODE    176BH     0047H     UNIT         ?PR?DELAY_10US?DHT11
            CODE    17B2H     0046H     UNIT         ?PR?_HAL_NRF_GET_ADDRESS?HAL_NRF
            CODE    17F8H     0045H     UNIT         ?PR?_SET_TIMER_PERIOD?MAIN
            CODE    183DH     0044H     UNIT         ?PR?RFCOFIG?MAIN
            CODE    1881H     0041H     UNIT         ?PR?_HAL_NRF_SET_CRC_MODE?HAL_NRF
            CODE    18C2H     0041H     UNIT         ?PR?_HAL_NRF_SET_DATARATE?HAL_NRF
            CODE    1903H     003CH     UNIT         ?PR?AHT10_TEST?AHT10
            CODE    193FH     0033H     UNIT         ?PR?SEND_ACK?AHT10
            CODE    1972H     0033H     UNIT         ?PR?SEND_NOT_ACK?AHT10
            CODE    19A5H     0032H     UNIT         ?PR?SEND_DATA?MAIN
            CODE    19D7H     0031H     UNIT         ?PR?_HAL_NRF_ENABLE_CONTINIOUS_WAVE?HAL_NRF
            CODE    1A08H     002FH     UNIT         ?PR?MCU_INIT?MAIN
            CODE    1A37H     002FH     UNIT         ?PR?_HAL_NRF_ENABLE_DYNAMIC_PAYLOAD?HAL_NRF
            CODE    1A66H     002EH     UNIT         ?PR?_HAL_NRF_SET_PLL_MODE?HAL_NRF
            CODE    1A94H     002DH     UNIT         ?PR?_HAL_NRF_ENABLE_ACK_PAYLOAD?HAL_NRF
            CODE    1AC1H     002AH     UNIT         ?PR?_DELAY_MS?HAL_DELAY
            CODE    1AEBH     002AH     UNIT         ?PR?_HAL_NRF_ENABLE_DYNAMIC_ACK?HAL_NRF
            CODE    1B15H     002AH     UNIT         ?PR?_HAL_UART_PUTCHAR?HAL_UART
            CODE    1B3FH     0029H     UNIT         ?PR?I2C_START?AHT10
            CODE    1B68H     0029H     UNIT         ?PR?_HAL_NRF_SET_OPERATION_MODE?HAL_NRF
            CODE    1B91H     0029H     UNIT         ?PR?_HAL_NRF_SET_POWER_MODE?HAL_NRF
            CODE    1BBAH     0027H     UNIT         ?PR?JH_SENDAC?AHT10
            CODE    1BE1H     0023H     UNIT         ?PR?HAL_NRF_CLEAR_IRQ_FLAGS_GET_STATUS?HAL_NRF
            CODE    1C04H     0023H     UNIT         ?PR?_HAL_NRF_SET_OUTPUT_POWER?HAL_NRF
            CODE    1C27H     0022H     UNIT         ?PR?_HAL_NRF_SET_AUTO_RETR?HAL_NRF
            CODE    1C49H     0021H     UNIT         ?PR?_HAL_NRF_WRITE_REG?HAL_NRF
            CODE    1C6AH     0020H     UNIT         ?PR?HAL_RTC_GET_CAPTURE_VALUE?HAL_RTC
            CODE    1C8AH     001FH     UNIT         ?PR?STOP_I2C?AHT10
            CODE    1CA9H     001FH     UNIT         ?PR?_LED_FLASH?LED
            CODE    1CC8H     001EH     UNIT         ?PR?HAL_UART_GETCHAR?HAL_UART
            CODE    1CE6H     001DH     UNIT         ?PR?JH_READ_STATUS?AHT10
            CODE    1D03H     001AH     UNIT         ?PR?_HAL_NRF_READ_REG?HAL_NRF
            CODE    1D1DH     0017H     UNIT         ?PR?JH_READ_CAL_ENABLE?AHT10
            CODE    1D34H     0017H     UNIT         ?PR?JH_SEND_BA?AHT10
            CODE    1D4BH     0017H     UNIT         ?PR?_HAL_NRF_SET_ADDRESS_WIDTH?HAL_NRF
            CODE    1D62H     0017H     UNIT         ?PR?HAL_NRF_GET_PACKET_LOST_CTR?HAL_NRF
            CODE    1D79H     0017H     UNIT         ?PR?HAL_NRF_GET_TX_FIFO_STATUS?HAL_NRF
            CODE    1D90H     0015H     UNIT         ?PR?_HAL_NRF_SET_RF_CHANNEL?HAL_NRF
            CODE    1DA5H     0014H     UNIT         ?PR?_HAL_RTC_SET_COMPARE_VALUE?HAL_RTC
            CODE    1DB9H     0013H     UNIT         ?PR?HAL_NRF_GET_REUSE_TX_STATUS?HAL_NRF
            CODE    1DCCH     0012H     UNIT         ?PR?_HAL_CLK_SET_INPUT?HAL_CLK
            CODE    1DDEH     0012H     UNIT         ?PR?_HAL_NRF_CLEAR_IRQ_FLAG?HAL_NRF
            CODE    1DF0H     0011H     UNIT         ?PR?HAL_ADC_GET_OVERFLOW_STATUS?HAL_ADC
            CODE    1E01H     0010H     UNIT         ?PR?_HAL_CLK_REGRET_XOSC16M_ON?HAL_CLK
            CODE    1E11H     0010H     UNIT         ?PR?_HAL_CLK_SET_16M_SOURCE?HAL_CLK
            CODE    1E21H     0010H     UNIT         ?PR?_HAL_ADC_SET_INPUT_CHANNEL?HAL_ADC
            CODE    1E31H     0010H     UNIT         ?PR?_HAL_ADC_SET_CONVERSION_MODE?HAL_ADC
            CODE    1E41H     0010H     UNIT         ?PR?_HAL_ADC_SET_SAMPLING_RATE?HAL_ADC
            CODE    1E51H     0010H     UNIT         ?PR?_HAL_ADC_SET_POWER_DOWN_DELAY?HAL_ADC
            CODE    1E61H     0010H     UNIT         ?PR?_HAL_ADC_SET_DATA_JUST?HAL_ADC
            CODE    1E71H     000FH     UNIT         ?PR?SETWAKEUPPIN?MAIN
            CODE    1E80H     000FH     UNIT         ?PR?_DELAY_US?HAL_DELAY
            CODE    1E8FH     000FH     UNIT         ?PR?_HAL_ADC_SET_INPUT_MODE?HAL_ADC
            CODE    1E9EH     000FH     UNIT         ?PR?_HAL_ADC_SET_RESOLUTION?HAL_ADC
            CODE    1EADH     000EH     UNIT         ?PR?_HAL_RTC_SET_COMPARE_MODE?HAL_RTC
            CODE    1EBBH     000EH     UNIT         ?PR?HAL_NRF_TX_FIFO_FULL?HAL_NRF
BL51 BANKED LINKER/LOCATER V6.22                                                      08/09/2019  21:11:00  PAGE 4


            CODE    1EC9H     000EH     UNIT         ?PR?_HAL_NRF_SETUP_DYNAMIC_PAYLOAD?HAL_NRF
            CODE    1ED7H     000EH     UNIT         ?PR?_HAL_NRF_WRITE_ACK_PAYLOAD?HAL_NRF
            CODE    1EE5H     000EH     UNIT         ?PR?HAL_NRF_GET_RX_DATA_SOURCE?HAL_NRF
            CODE    1EF3H     000DH     UNIT         ?PR?_LED_ON?LED
            CODE    1F00H     000DH     UNIT         ?PR?_LED_OFF?LED
            CODE    1F0DH     000DH     UNIT         ?PR?HAL_NRF_TX_FIFO_EMPTY?HAL_NRF
            CODE    1F1AH     000CH     UNIT         ?PR?FLASH_P00?AHT10
            CODE    1F26H     000CH     UNIT         ?PR?HAL_CLK_GET_16M_SOURCE?HAL_CLK
            CODE    1F32H     000CH     UNIT         ?PR?_HAL_CLK_SET_FREQ?HAL_CLK
            CODE    1F3EH     000CH     UNIT         ?PR?_HAL_CLKLF_SET_SOURCE?HAL_CLK
            CODE    1F4AH     000CH     UNIT         ?PR?_HAL_ADC_SET_REFERENCE?HAL_ADC
            CODE    1F56H     000CH     UNIT         ?PR?_HAL_ADC_SET_ACQ_WINDOW?HAL_ADC
            CODE    1F62H     000CH     UNIT         ?PR?HAL_ADC_START?HAL_ADC
            CODE    1F6EH     000CH     UNIT         ?PR?HAL_NRF_GET_CLEAR_IRQ_FLAGS?HAL_NRF
            CODE    1F7AH     000CH     UNIT         ?PR?HAL_NRF_RX_FIFO_FULL?HAL_NRF
            CODE    1F86H     000BH     UNIT         ?PR?_PUTSTRING?MAIN
            CODE    1F91H     000BH     UNIT         ?C_INITSEG
            CODE    1F9CH     000BH     UNIT         ?PR?INIT_I2C_SENSOR_PORT?AHT10
            CODE    1FA7H     000BH     UNIT         ?PR?_HAL_RTC_RADIO_CAPTURE_ENABLE?HAL_RTC
            CODE    1FB2H     000BH     UNIT         ?PR?_HAL_RTC_START?HAL_RTC
            CODE    1FBDH     000BH     UNIT         ?PR?HAL_WDOG_RESTART?HAL_WDOG
            CODE    1FC8H     000BH     UNIT         ?PR?HAL_UART_TX_COMPLETE?HAL_UART
            CODE    1FD3H     000AH     UNIT         ?PR?_HAL_NRF_RW?HAL_NRF_HW
            CODE    1FDDH     000AH     UNIT         ?PR?HAL_NRF_GET_ADDRESS_WIDTH?HAL_NRF
            CODE    1FE7H     000AH     UNIT         ?PR?HAL_NRF_RX_FIFO_EMPTY?HAL_NRF
            CODE    1FF1H     000AH     UNIT         ?PR?HAL_NRF_GET_RX_FIFO_STATUS?HAL_NRF
            CODE    1FFBH     000AH     UNIT         ?PR?HAL_NRF_GET_TRANSMIT_ATTEMPTS?HAL_NRF
            CODE    2005H     000AH     UNIT         ?PR?HAL_NRF_GET_CARRIER_DETECT?HAL_NRF
            CODE    200FH     000AH     UNIT         ?PR?_HAL_NRF_WRITE_TX_PAYLOAD?HAL_NRF
            CODE    2019H     000AH     UNIT         ?PR?_HAL_NRF_WRITE_TX_PAYLOAD_NOACK?HAL_NRF
            CODE    2023H     000AH     UNIT         ?PR?HAL_NRF_REUSE_TX?HAL_NRF
            CODE    202DH     000AH     UNIT         ?PR?HAL_NRF_FLUSH_RX?HAL_NRF
            CODE    2037H     000AH     UNIT         ?PR?HAL_NRF_FLUSH_TX?HAL_NRF
            CODE    2041H     000AH     UNIT         ?PR?HAL_NRF_NOP?HAL_NRF
            CODE    204BH     0008H     UNIT         ?PR?HAL_NRF_GET_IRQ_FLAGS?HAL_NRF
            CODE    2053H     0008H     UNIT         ?PR?_HAL_NRF_SET_RX_PAYLOAD_WIDTH?HAL_NRF
            CODE    205BH     0007H     UNIT         ?PR?_HAL_WDOG_INIT?HAL_WDOG
            CODE    2062H     0006H     UNIT         ?PR?IOINIT?MAIN
            CODE    2068H     0006H     UNIT         ?PR?SDA_PIN_OUTPUT_HIGH?AHT10
            CODE    206EH     0006H     UNIT         ?PR?SDA_PIN_OUTPUT_LOW?AHT10
            CODE    2074H     0006H     UNIT         ?PR?SCL_PIN_OUTPUT_HIGH?AHT10
            CODE    207AH     0006H     UNIT         ?PR?SCL_PIN_OUTPUT_LOW?AHT10
            CODE    2080H     0006H     UNIT         ?PR?HAL_CLKLF_PHASE?HAL_CLK
            CODE    2086H     0006H     UNIT         ?PR?HAL_CLKLF_READY?HAL_CLK
            CODE    208CH     0006H     UNIT         ?PR?HAL_ADC_BUSY?HAL_ADC
            CODE    2092H     0006H     UNIT         ?PR?HAL_NRF_GET_AUTO_RETR_STATUS?HAL_NRF
            CODE    2098H     0006H     UNIT         ?PR?HAL_NRF_GET_FIFO_STATUS?HAL_NRF
            CODE    209EH     0006H     UNIT         ?PR?HAL_NRF_READ_RX_PAYLOAD_WIDTH?HAL_NRF
            CODE    20A4H     0006H     UNIT         ?PR?_HAL_NRF_READ_RX_PAYLOAD?HAL_NRF
            CODE    20AAH     0005H     UNIT         ?PR?HAL_UART_CHARS_AVAILABLE?HAL_UART
            CODE    20AFH     0004H     UNIT         ?PR?SDA_PIN_IN_FLOATING?AHT10
            CODE    20B3H     0004H     UNIT         ?PR?LED_INIT?LED
            CODE    20B7H     0004H     UNIT         ?PR?KEY_INIT?KEY
            CODE    20BBH     0004H     UNIT         ?PR?HAL_RTC_CAPTURE?HAL_RTC
            CODE    20BFH     0003H     UNIT         ?PR?HAL_RTC_GET_CAPTURE_CLOCK_CYCLES?HAL_RTC
            CODE    20C2H     0003H     UNIT         ?PR?HAL_ADC_READ_LSB?HAL_ADC
            CODE    20C5H     0003H     UNIT         ?PR?HAL_ADC_READ_MSB?HAL_ADC
BL51 BANKED LINKER/LOCATER V6.22                                                      08/09/2019  21:11:00  PAGE 5





OVERLAY MAP OF MODULE:   .\Object\Tag (MAIN)


SEGMENT                                            PDATA_GROUP         XDATA_GROUP
  +--> CALLED SEGMENT                            START    LENGTH     START    LENGTH
------------------------------------------------------------------------------------
?PR?RF_IRQ?MAIN                                  0050H    0001H      -----    -----
  +--> ?PR?HAL_NRF_GET_CLEAR_IRQ_FLAGS?HAL_NRF
  +--> ?PR?HAL_NRF_RX_FIFO_EMPTY?HAL_NRF
  +--> ?PR?_HAL_NRF_READ_RX_PAYLOAD?HAL_NRF
  +--> ?PR?HAL_NRF_FLUSH_TX?HAL_NRF

?PR?HAL_NRF_GET_CLEAR_IRQ_FLAGS?HAL_NRF          -----    -----      -----    -----
  +--> ?PR?_HAL_NRF_WRITE_REG?HAL_NRF

?PR?_HAL_NRF_WRITE_REG?HAL_NRF                   0067H    0001H      -----    -----

?PR?HAL_NRF_RX_FIFO_EMPTY?HAL_NRF                -----    -----      -----    -----
  +--> ?PR?_HAL_NRF_READ_REG?HAL_NRF

?PR?_HAL_NRF_READ_RX_PAYLOAD?HAL_NRF             -----    -----      -----    -----
  +--> ?PR?_HAL_NRF_READ_MULTIBYTE_REG?HAL_NRF

?PR?_HAL_NRF_READ_MULTIBYTE_REG?HAL_NRF          0051H    000CH      -----    -----
  +--> ?PR?HAL_NRF_GET_ADDRESS_WIDTH?HAL_NRF
  +--> ?PR?_HAL_NRF_RW?HAL_NRF_HW
  +--> ?PR?HAL_NRF_GET_RX_DATA_SOURCE?HAL_NRF
  +--> ?PR?HAL_NRF_READ_RX_PAYLOAD_WIDTH?HAL...

?PR?HAL_NRF_GET_ADDRESS_WIDTH?HAL_NRF            -----    -----      -----    -----
  +--> ?PR?_HAL_NRF_READ_REG?HAL_NRF

?PR?HAL_NRF_GET_RX_DATA_SOURCE?HAL_NRF           -----    -----      -----    -----
  +--> ?PR?HAL_NRF_NOP?HAL_NRF

?PR?HAL_NRF_NOP?HAL_NRF                          -----    -----      -----    -----
  +--> ?PR?_HAL_NRF_RW?HAL_NRF_HW

?PR?HAL_NRF_READ_RX_PAYLOAD_WIDTH?HAL...         -----    -----      -----    -----
  +--> ?PR?_HAL_NRF_READ_REG?HAL_NRF

?PR?HAL_NRF_FLUSH_TX?HAL_NRF                     -----    -----      -----    -----
  +--> ?PR?_HAL_NRF_RW?HAL_NRF_HW

*** NEW ROOT ***************************************************

?C_C51STARTUP                                    -----    -----      -----    -----
  +--> ?PR?MAIN?MAIN
  +--> ?C_INITSEG

?PR?MAIN?MAIN                                    005DH    0006H      -----    -----
  +--> ?PR?IOINIT?MAIN
  +--> ?PR?SETWAKEUPPIN?MAIN
  +--> ?PR?LED_INIT?LED
BL51 BANKED LINKER/LOCATER V6.22                                                      08/09/2019  21:11:00  PAGE 6


  +--> ?PR?KEY_INIT?KEY
  +--> ?PR?MCU_INIT?MAIN
  +--> ?PR?ADC_INIT?MAIN
  +--> ?PR?AHT10_INIT?AHT10
  +--> ?PR?RFCOFIG?MAIN
  +--> ?CO?MAIN
  +--> ?PR?_PUTSTRING?MAIN
  +--> ?PR?GETPRINTLASTPWM?MAIN
  +--> ?PR?CELLVOLTAGE?MAIN
  +--> ?PR?AHT10?MAIN
  +--> ?PR?SEND_DATA?MAIN
  +--> ?PR?_DELAY_MS?HAL_DELAY
  +--> ?PR?_SETPOWRDOWNMODE?MAIN

?PR?MCU_INIT?MAIN                                -----    -----      -----    -----
  +--> ?PR?_HAL_RTC_START?HAL_RTC
  +--> ?PR?_HAL_CLKLF_SET_SOURCE?HAL_CLK
  +--> ?PR?_HAL_RTC_SET_COMPARE_MODE?HAL_RTC
  +--> ?PR?_SET_TIMER_PERIOD?MAIN
  +--> ?PR?_HAL_CLK_SET_16M_SOURCE?HAL_CLK
  +--> ?PR?_HAL_CLK_REGRET_XOSC16M_ON?HAL_CLK

?PR?_SET_TIMER_PERIOD?MAIN                       0063H    0002H      -----    -----
  +--> ?PR?_HAL_RTC_START?HAL_RTC
  +--> ?PR?_HAL_RTC_SET_COMPARE_VALUE?HAL_RTC

?PR?ADC_INIT?MAIN                                -----    -----      -----    -----
  +--> ?PR?_HAL_ADC_SET_INPUT_CHANNEL?HAL_ADC
  +--> ?PR?_HAL_ADC_SET_REFERENCE?HAL_ADC
  +--> ?PR?_HAL_ADC_SET_INPUT_MODE?HAL_ADC
  +--> ?PR?_HAL_ADC_SET_CONVERSION_MODE?HAL_ADC
  +--> ?PR?_HAL_ADC_SET_SAMPLING_RATE?HAL_ADC
  +--> ?PR?_HAL_ADC_SET_RESOLUTION?HAL_ADC
  +--> ?PR?_HAL_ADC_SET_DATA_JUST?HAL_ADC

?PR?AHT10_INIT?AHT10                             007BH    0001H      -----    -----
  +--> ?PR?INIT_I2C_SENSOR_PORT?AHT10
  +--> ?PR?_DELAY_US?HAL_DELAY
  +--> ?PR?I2C_START?AHT10
  +--> ?PR?_ZSSC_I2C_WR_BYTE?AHT10
  +--> ?PR?RECEIVE_ACK?AHT10
  +--> ?PR?STOP_I2C?AHT10
  +--> ?PR?_DELAY_MS?HAL_DELAY
  +--> ?PR?JH_READ_CAL_ENABLE?AHT10
  +--> ?PR?JH_SEND_BA?AHT10

?PR?I2C_START?AHT10                              -----    -----      -----    -----
  +--> ?PR?SDA_PIN_OUTPUT_HIGH?AHT10
  +--> ?PR?_DELAY_US?HAL_DELAY
  +--> ?PR?SCL_PIN_OUTPUT_HIGH?AHT10
  +--> ?PR?SDA_PIN_OUTPUT_LOW?AHT10
  +--> ?PR?SCL_PIN_OUTPUT_LOW?AHT10

?PR?_ZSSC_I2C_WR_BYTE?AHT10                      007EH    0003H      -----    -----
  +--> ?PR?SCL_PIN_OUTPUT_LOW?AHT10
  +--> ?PR?_DELAY_US?HAL_DELAY
  +--> ?PR?SDA_PIN_OUTPUT_HIGH?AHT10
BL51 BANKED LINKER/LOCATER V6.22                                                      08/09/2019  21:11:00  PAGE 7


  +--> ?PR?SDA_PIN_OUTPUT_LOW?AHT10
  +--> ?PR?SCL_PIN_OUTPUT_HIGH?AHT10
  +--> ?PR?SDA_PIN_IN_FLOATING?AHT10

?PR?RECEIVE_ACK?AHT10                            007EH    0002H      -----    -----
  +--> ?PR?SCL_PIN_OUTPUT_LOW?AHT10
  +--> ?PR?SDA_PIN_IN_FLOATING?AHT10
  +--> ?PR?_DELAY_US?HAL_DELAY
  +--> ?PR?SCL_PIN_OUTPUT_HIGH?AHT10

?PR?STOP_I2C?AHT10                               -----    -----      -----    -----
  +--> ?PR?SDA_PIN_OUTPUT_LOW?AHT10
  +--> ?PR?_DELAY_US?HAL_DELAY
  +--> ?PR?SCL_PIN_OUTPUT_HIGH?AHT10
  +--> ?PR?SDA_PIN_OUTPUT_HIGH?AHT10

?PR?_DELAY_MS?HAL_DELAY                          -----    -----      -----    -----
  +--> ?PR?_DELAY_US?HAL_DELAY

?PR?JH_READ_CAL_ENABLE?AHT10                     007CH    0001H      -----    -----
  +--> ?PR?JH_READ_STATUS?AHT10

?PR?JH_READ_STATUS?AHT10                         007DH    0001H      -----    -----
  +--> ?PR?I2C_START?AHT10
  +--> ?PR?_ZSSC_I2C_WR_BYTE?AHT10
  +--> ?PR?RECEIVE_ACK?AHT10
  +--> ?PR?ZSSC_I2C_RD_BYTE?AHT10
  +--> ?PR?SEND_NOT_ACK?AHT10
  +--> ?PR?STOP_I2C?AHT10

?PR?ZSSC_I2C_RD_BYTE?AHT10                       007EH    0003H      -----    -----
  +--> ?PR?SCL_PIN_OUTPUT_LOW?AHT10
  +--> ?PR?SDA_PIN_IN_FLOATING?AHT10
  +--> ?PR?_DELAY_US?HAL_DELAY
  +--> ?PR?SCL_PIN_OUTPUT_HIGH?AHT10

?PR?SEND_NOT_ACK?AHT10                           -----    -----      -----    -----
  +--> ?PR?SCL_PIN_OUTPUT_LOW?AHT10
  +--> ?PR?_DELAY_US?HAL_DELAY
  +--> ?PR?SDA_PIN_OUTPUT_HIGH?AHT10
  +--> ?PR?SCL_PIN_OUTPUT_HIGH?AHT10
  +--> ?PR?SDA_PIN_OUTPUT_LOW?AHT10

?PR?JH_SEND_BA?AHT10                             -----    -----      -----    -----
  +--> ?PR?I2C_START?AHT10
  +--> ?PR?_ZSSC_I2C_WR_BYTE?AHT10
  +--> ?PR?RECEIVE_ACK?AHT10
  +--> ?PR?STOP_I2C?AHT10

?PR?RFCOFIG?MAIN                                 -----    -----      -----    -----
  +--> ?PR?_HAL_NRF_CLOSE_PIPE?HAL_NRF
  +--> ?PR?_HAL_NRF_OPEN_PIPE?HAL_NRF
  +--> ?PR?_HAL_NRF_SET_OPERATION_MODE?HAL_NRF
  +--> ?PR?_HAL_NRF_SET_RF_CHANNEL?HAL_NRF
  +--> ?PR?_HAL_NRF_SET_DATARATE?HAL_NRF
  +--> ?PR?_HAL_NRF_SET_OUTPUT_POWER?HAL_NRF
  +--> ?PR?_HAL_NRF_SET_CRC_MODE?HAL_NRF
BL51 BANKED LINKER/LOCATER V6.22                                                      08/09/2019  21:11:00  PAGE 8


  +--> ?PR?_HAL_NRF_SET_ADDRESS?HAL_NRF
  +--> ?PR?_HAL_NRF_SET_AUTO_RETR?HAL_NRF
  +--> ?PR?_HAL_NRF_SET_POWER_MODE?HAL_NRF

?PR?_HAL_NRF_CLOSE_PIPE?HAL_NRF                  0063H    0003H      -----    -----
  +--> ?PR?_HAL_NRF_READ_REG?HAL_NRF
  +--> ?PR?_HAL_NRF_WRITE_REG?HAL_NRF

?PR?_HAL_NRF_OPEN_PIPE?HAL_NRF                   0063H    0004H      -----    -----
  +--> ?PR?_HAL_NRF_READ_REG?HAL_NRF
  +--> ?PR?_HAL_NRF_WRITE_REG?HAL_NRF

?PR?_HAL_NRF_SET_OPERATION_MODE?HAL_NRF          0063H    0002H      -----    -----
  +--> ?PR?_HAL_NRF_READ_REG?HAL_NRF
  +--> ?PR?_HAL_NRF_WRITE_REG?HAL_NRF

?PR?_HAL_NRF_SET_RF_CHANNEL?HAL_NRF              0063H    0001H      -----    -----
  +--> ?PR?_HAL_NRF_WRITE_REG?HAL_NRF

?PR?_HAL_NRF_SET_DATARATE?HAL_NRF                0063H    0002H      -----    -----
  +--> ?PR?_HAL_NRF_READ_REG?HAL_NRF
  +--> ?PR?_HAL_NRF_WRITE_REG?HAL_NRF

?PR?_HAL_NRF_SET_OUTPUT_POWER?HAL_NRF            0063H    0002H      -----    -----
  +--> ?PR?_HAL_NRF_READ_REG?HAL_NRF
  +--> ?PR?_HAL_NRF_WRITE_REG?HAL_NRF

?PR?_HAL_NRF_SET_CRC_MODE?HAL_NRF                0063H    0002H      -----    -----
  +--> ?PR?_HAL_NRF_READ_REG?HAL_NRF
  +--> ?PR?_HAL_NRF_WRITE_REG?HAL_NRF

?PR?_HAL_NRF_SET_ADDRESS?HAL_NRF                 0063H    0004H      -----    -----
  +--> ?PR?HAL_NRF_GET_ADDRESS_WIDTH?HAL_NRF
  +--> ?PR?_HAL_NRF_WRITE_MULTIBYTE_REG?HAL_NRF
  +--> ?PR?_HAL_NRF_WRITE_REG?HAL_NRF

?PR?_HAL_NRF_WRITE_MULTIBYTE_REG?HAL_NRF         0067H    0009H      -----    -----

?PR?_HAL_NRF_SET_AUTO_RETR?HAL_NRF               0063H    0001H      -----    -----
  +--> ?PR?_HAL_NRF_WRITE_REG?HAL_NRF

?PR?_HAL_NRF_SET_POWER_MODE?HAL_NRF              0063H    0002H      -----    -----
  +--> ?PR?_HAL_NRF_READ_REG?HAL_NRF
  +--> ?PR?_HAL_NRF_WRITE_REG?HAL_NRF

?PR?_PUTSTRING?MAIN                              006DH    0003H      -----    -----

?PR?GETPRINTLASTPWM?MAIN                         -----    -----      -----    -----
  +--> ?CO?MAIN
  +--> ?PR?_PUTSTRING?MAIN

?PR?CELLVOLTAGE?MAIN                             0063H    0008H      -----    -----
  +--> ?PR?HAL_ADC_START?HAL_ADC
  +--> ?PR?HAL_ADC_BUSY?HAL_ADC
  +--> ?PR?HAL_ADC_READ_MSB?HAL_ADC
  +--> ?PR?HAL_ADC_READ_LSB?HAL_ADC

BL51 BANKED LINKER/LOCATER V6.22                                                      08/09/2019  21:11:00  PAGE 9


?PR?AHT10?MAIN                                   0063H    000AH      -----    -----
  +--> ?PR?READ_AHT10?AHT10
  +--> ?CO?MAIN
  +--> ?PR?_PUTSTRING?MAIN

?PR?READ_AHT10?AHT10                             006DH    000EH      -----    -----
  +--> ?PR?JH_READ_CAL_ENABLE?AHT10
  +--> ?PR?AHT10_INIT?AHT10
  +--> ?PR?_DELAY_MS?HAL_DELAY
  +--> ?PR?JH_SENDAC?AHT10
  +--> ?PR?JH_READ_STATUS?AHT10
  +--> ?PR?_DELAY_US?HAL_DELAY
  +--> ?PR?I2C_START?AHT10
  +--> ?PR?_ZSSC_I2C_WR_BYTE?AHT10
  +--> ?PR?RECEIVE_ACK?AHT10
  +--> ?PR?ZSSC_I2C_RD_BYTE?AHT10
  +--> ?PR?SEND_ACK?AHT10
  +--> ?PR?SEND_NOT_ACK?AHT10
  +--> ?PR?STOP_I2C?AHT10

?PR?JH_SENDAC?AHT10                              -----    -----      -----    -----
  +--> ?PR?I2C_START?AHT10
  +--> ?PR?_ZSSC_I2C_WR_BYTE?AHT10
  +--> ?PR?RECEIVE_ACK?AHT10
  +--> ?PR?STOP_I2C?AHT10

?PR?SEND_ACK?AHT10                               -----    -----      -----    -----
  +--> ?PR?SCL_PIN_OUTPUT_LOW?AHT10
  +--> ?PR?_DELAY_US?HAL_DELAY
  +--> ?PR?SDA_PIN_OUTPUT_LOW?AHT10
  +--> ?PR?SCL_PIN_OUTPUT_HIGH?AHT10
  +--> ?PR?SDA_PIN_IN_FLOATING?AHT10

?PR?SEND_DATA?MAIN                               0063H    0001H      -----    -----
  +--> ?PR?ASSEMBLE_DATA?MAIN
  +--> ?PR?_HAL_NRF_WRITE_TX_PAYLOAD?HAL_NRF
  +--> ?PR?_LED_FLASH?LED

?PR?ASSEMBLE_DATA?MAIN                           -----    -----      00CAH    0002H

?PR?_HAL_NRF_WRITE_TX_PAYLOAD?HAL_NRF            -----    -----      -----    -----
  +--> ?PR?_HAL_NRF_WRITE_MULTIBYTE_REG?HAL_NRF

?PR?_LED_FLASH?LED                               -----    -----      -----    -----
  +--> ?PR?_DELAY_US?HAL_DELAY

?PR?_SETPOWRDOWNMODE?MAIN                        0063H    0001H      -----    -----
  +--> ?PR?_HAL_CLK_SET_16M_SOURCE?HAL_CLK



SYMBOL TABLE OF MODULE:  .\Object\Tag (MAIN)

  VALUE           TYPE          NAME
  ----------------------------------

  -------         MODULE        MAIN
BL51 BANKED LINKER/LOCATER V6.22                                                      08/09/2019  21:11:00  PAGE 10


  C:0000H         SYMBOL        _ICE_DUMMY_
  D:0080H         PUBLIC        P0
  D:0090H         PUBLIC        P1
  D:00A0H         PUBLIC        P2
  D:00B0H         PUBLIC        P3
  B:00A8H.7       PUBLIC        EA
  C:132FH         PUBLIC        rf_irq
  C:19A5H         PUBLIC        Send_data
  D:00A8H         PUBLIC        IEN0
  C:122EH         PUBLIC        Assemble_Data
  D:00B8H         PUBLIC        IEN1
  X:0000H         PUBLIC        TX_ADDRESS
  B:00B8H.1       PUBLIC        RF
  X:0081H         PUBLIC        RxPayload
  X:00A1H         PUBLIC        TxPayload
  B:00E8H.0       PUBLIC        RFCE
  C:183DH         PUBLIC        RfCofig
  D:00ADH         PUBLIC        CLKLFCTRL
  C:0E20H         PUBLIC        main
  C:1E71H         PUBLIC        SetWakeUpPin
  X:00C1H         PUBLIC        TagInfo
  B:0090H.2       PUBLIC        P12
  D:0088H         PUBLIC        TCON
  C:1F86H         PUBLIC        _PutString
  X:00C9H         PUBLIC        radio_busy
  C:17F8H         PUBLIC        _set_timer_period
  B:00E8H.2       PUBLIC        RFCKEN
  C:1633H         PUBLIC        GetPrintLastPWM
  C:0FD2H         PUBLIC        AHT10
  C:0026H         PUBLIC        adc_init
  D:00CFH         PUBLIC        WUOPC0
  D:00CEH         PUBLIC        WUOPC1
  X:0005H         PUBLIC        PipeAndLen
  D:00AEH         PUBLIC        OPMCON
  C:2062H         PUBLIC        IoInit
  C:09ECH         PUBLIC        CellVoltage
  C:1A08H         PUBLIC        mcu_init
  D:0093H         PUBLIC        P0DIR
  D:0094H         PUBLIC        P1DIR
  D:00A4H         PUBLIC        PWRDWN
  D:0098H         PUBLIC        S0CON
  D:00D8H         PUBLIC        ADCON
  D:00C8H         PUBLIC        T2CON
  D:00F8H         PUBLIC        FSR
  D:00E8H         PUBLIC        RFCON
  D:00D0H         PUBLIC        PSW
  C:158AH         PUBLIC        _SetPowrDownMode
  D:00C0H         PUBLIC        IRCON
  -------         PROC          IOINIT
  C:2062H         LINE#         77
  C:2062H         LINE#         78
  C:2062H         LINE#         79
  C:2065H         LINE#         80
  C:2067H         LINE#         81
  -------         ENDPROC       IOINIT
  -------         PROC          _PUTSTRING
  X:006DH         SYMBOL        s
BL51 BANKED LINKER/LOCATER V6.22                                                      08/09/2019  21:11:00  PAGE 11


  C:1F86H         LINE#         100
  C:1F90H         LINE#         101
  C:1F90H         LINE#         107
  -------         ENDPROC       _PUTSTRING
  -------         PROC          ADC_INIT
  C:0026H         LINE#         113
  C:0026H         LINE#         114
  C:0026H         LINE#         115
  C:002BH         LINE#         116
  C:0030H         LINE#         117
  C:0035H         LINE#         118
  C:003AH         LINE#         119
  C:003FH         LINE#         120
  C:0044H         LINE#         121
  C:0049H         LINE#         122
  -------         ENDPROC       ADC_INIT
  -------         PROC          _SET_TIMER_PERIOD
  X:0063H         SYMBOL        period
  C:17F8H         LINE#         129
  C:17FFH         LINE#         130
  C:17FFH         LINE#         131
  C:1824H         LINE#         133
  C:1829H         LINE#         134
  C:182EH         LINE#         135
  C:183CH         LINE#         136
  -------         ENDPROC       _SET_TIMER_PERIOD
  -------         PROC          RFCOFIG
  C:183DH         LINE#         143
  C:183DH         LINE#         144
  C:183DH         LINE#         145
  C:183FH         LINE#         147
  C:1844H         LINE#         148
  C:184AH         LINE#         150
  C:184FH         LINE#         151
  C:1854H         LINE#         152
  C:1859H         LINE#         153
  C:185EH         LINE#         154
  C:1863H         LINE#         155
  C:186EH         LINE#         156
  C:1877H         LINE#         158
  C:187CH         LINE#         159
  C:187EH         LINE#         160
  C:1880H         LINE#         161
  -------         ENDPROC       RFCOFIG
  -------         PROC          MCU_INIT
  C:1A08H         LINE#         168
  C:1A08H         LINE#         169
  C:1A08H         LINE#         170
  C:1A0DH         LINE#         171
  C:1A12H         LINE#         173
  C:1A17H         LINE#         174
  C:1A1DH         LINE#         175
  C:1A22H         LINE#         176
  C:1A27H         LINE#         178
  C:1A2CH         LINE#         180
  C:1A31H         LINE#         181
  C:1A36H         LINE#         182
BL51 BANKED LINKER/LOCATER V6.22                                                      08/09/2019  21:11:00  PAGE 12


  -------         ENDPROC       MCU_INIT
  -------         PROC          ASSEMBLE_DATA
  -------         DO            
  X:00CAH         SYMBOL        fcs
  X:00CBH         SYMBOL        i
  -------         ENDDO         
  C:122EH         LINE#         189
  C:122EH         LINE#         190
  C:122EH         LINE#         191
  C:1233H         LINE#         194
  C:1239H         LINE#         195
  C:1241H         LINE#         196
  C:1249H         LINE#         197
  C:1251H         LINE#         198
  C:1259H         LINE#         199
  C:1261H         LINE#         200
  C:1269H         LINE#         201
  C:1271H         LINE#         202
  C:1279H         LINE#         204
  C:129FH         LINE#         206
  C:12B1H         LINE#         207
  -------         ENDPROC       ASSEMBLE_DATA
  -------         PROC          CELLVOLTAGE
  -------         DO            
  X:0063H         SYMBOL        ad_value
  X:0067H         SYMBOL        temp
  -------         ENDDO         
  C:09ECH         LINE#         208
  C:09ECH         LINE#         209
  C:09FEH         LINE#         210
  C:0A01H         LINE#         211
  C:0A07H         LINE#         213
  C:0A0FH         LINE#         214
  C:0A17H         LINE#         215
  C:0A3CH         LINE#         216
  C:0A5CH         LINE#         217
  C:0A89H         LINE#         218
  C:0AA8H         LINE#         219
  C:0B29H         LINE#         220
  -------         ENDPROC       CELLVOLTAGE
  -------         PROC          AHT10
  -------         DO            
  X:0063H         SYMBOL        temp
  X:0068H         SYMBOL        humidity
  -------         ENDDO         
  C:0FD2H         LINE#         222
  C:0FD2H         LINE#         223
  C:0FD2H         LINE#         227
  C:0FE1H         LINE#         228
  C:0FF0H         LINE#         229
  C:0FF5H         LINE#         230
  C:0FF8H         LINE#         233
  C:0FF8H         LINE#         236
  C:0FFBH         LINE#         239
  C:1002H         LINE#         240
  C:1006H         LINE#         241
  C:100AH         LINE#         242
BL51 BANKED LINKER/LOCATER V6.22                                                      08/09/2019  21:11:00  PAGE 13


  C:100EH         LINE#         244
  C:101AH         LINE#         245
  C:1024H         LINE#         246
  C:1030H         LINE#         247
  C:103DH         LINE#         248
  C:1044H         LINE#         249
  C:104FH         LINE#         251
  C:1058H         LINE#         252
  C:1060H         LINE#         253
  C:1068H         LINE#         254
  C:106FH         LINE#         255
  C:1077H         LINE#         256
  C:107FH         LINE#         260
  C:107FH         LINE#         261
  -------         ENDPROC       AHT10
  -------         PROC          SEND_DATA
  -------         DO            
  X:0063H         SYMBOL        count
  -------         ENDDO         
  C:19A5H         LINE#         262
  C:19A5H         LINE#         263
  C:19A8H         LINE#         264
  C:19B3H         LINE#         266
  C:19C5H         LINE#         267
  C:19CBH         LINE#         268
  C:19D1H         LINE#         270
  C:19D6H         LINE#         271
  -------         ENDPROC       SEND_DATA
  -------         PROC          GETPRINTLASTPWM
  -------         DO            
  D:0007H         SYMBOL        PowrMode
  -------         ENDDO         
  C:1633H         LINE#         277
  C:1633H         LINE#         278
  C:1633H         LINE#         281
  C:1638H         LINE#         283
  C:1648H         LINE#         284
  C:1648H         LINE#         285
  C:1648H         LINE#         286
  C:1651H         LINE#         287
  C:1652H         LINE#         288
  C:1652H         LINE#         289
  C:165BH         LINE#         290
  C:165CH         LINE#         291
  C:165CH         LINE#         292
  C:1665H         LINE#         293
  C:1666H         LINE#         294
  C:1666H         LINE#         295
  C:166FH         LINE#         296
  C:1670H         LINE#         297
  C:1670H         LINE#         298
  C:1679H         LINE#         299
  C:167AH         LINE#         300
  C:167AH         LINE#         301
  C:1683H         LINE#         302
  C:1683H         LINE#         303
  C:1683H         LINE#         304
BL51 BANKED LINKER/LOCATER V6.22                                                      08/09/2019  21:11:00  PAGE 14


  -------         ENDPROC       GETPRINTLASTPWM
  -------         PROC          SETWAKEUPPIN
  C:1E71H         LINE#         310
  C:1E71H         LINE#         311
  C:1E71H         LINE#         312
  C:1E74H         LINE#         313
  C:1E77H         LINE#         314
  C:1E7AH         LINE#         316
  C:1E7DH         LINE#         317
  C:1E7FH         LINE#         318
  -------         ENDPROC       SETWAKEUPPIN
  -------         PROC          _SETPOWRDOWNMODE
  D:0007H         SYMBOL        mode
  -------         DO            
  X:0063H         SYMBOL        PowrMode
  -------         ENDDO         
  C:158AH         LINE#         335
  C:158AH         LINE#         336
  C:158AH         LINE#         339
  C:1599H         LINE#         340
  C:1599H         LINE#         341
  C:1599H         LINE#         342
  C:159EH         LINE#         343
  C:15A0H         LINE#         344
  C:15A0H         LINE#         345
  C:15A5H         LINE#         346
  C:15A7H         LINE#         347
  C:15A7H         LINE#         348
  C:15ACH         LINE#         349
  C:15AEH         LINE#         350
  C:15AEH         LINE#         351
  C:15B3H         LINE#         352
  C:15B5H         LINE#         353
  C:15B5H         LINE#         354
  C:15B9H         LINE#         355
  C:15B9H         LINE#         356
  C:15B9H         LINE#         358
  C:15C4H         LINE#         359
  C:15D7H         LINE#         361
  C:15DCH         LINE#         362
  C:15DFH         LINE#         363
  -------         ENDPROC       _SETPOWRDOWNMODE
  -------         PROC          MAIN
  -------         DO            
  X:005DH         SYMBOL        RfReceLen
  X:005EH         SYMBOL        second
  X:005FH         SYMBOL        minute
  -------         ENDDO         
  C:0E20H         LINE#         365
  C:0E20H         LINE#         366
  C:0E20H         LINE#         367
  C:0E24H         LINE#         368
  C:0E2CH         LINE#         370
  C:0E36H         LINE#         371
  C:0E39H         LINE#         372
  C:0E3CH         LINE#         373
  C:0E3FH         LINE#         374
BL51 BANKED LINKER/LOCATER V6.22                                                      08/09/2019  21:11:00  PAGE 15


  C:0E42H         LINE#         375
  C:0E45H         LINE#         376
  C:0E48H         LINE#         377
  C:0E4BH         LINE#         378
  C:0E4EH         LINE#         387
  C:0E57H         LINE#         388
  C:0E5AH         LINE#         389
  C:0E5DH         LINE#         390
  C:0E60H         LINE#         391
  C:0E63H         LINE#         392
  C:0E63H         LINE#         393
  C:0E63H         LINE#         398
  C:0E66H         LINE#         399
  C:0E6DH         LINE#         400
  C:0E70H         LINE#         401
  C:0E74H         LINE#         402
  C:0E7CH         LINE#         403
  C:0E7FH         LINE#         404
  C:0E82H         LINE#         405
  C:0E85H         LINE#         406
  C:0E85H         LINE#         407
  C:0E85H         LINE#         408
  C:0E8DH         LINE#         409
  C:0E90H         LINE#         410
  C:0E95H         LINE#         411
  C:0E9EH         LINE#         412
  C:0EA0H         LINE#         413
  C:0EA4H         LINE#         414
  C:0EC6H         LINE#         415
  C:0EE1H         LINE#         416
  C:0EE1H         LINE#         417
  C:0EEAH         LINE#         418
  C:0EEFH         LINE#         419
  C:0EEFH         LINE#         420
  C:0EF2H         LINE#         421
  C:0EF5H         LINE#         422
  C:0EF5H         LINE#         423
  -------         ENDPROC       MAIN
  -------         PROC          RF_IRQ
  -------         DO            
  X:0050H         SYMBOL        irq_flags
  -------         ENDDO         
  C:132FH         LINE#         430
  C:134CH         LINE#         434
  C:1353H         LINE#         436
  C:1357H         LINE#         437
  C:1357H         LINE#         439
  C:135DH         LINE#         440
  C:135DH         LINE#         441
  C:136DH         LINE#         442
  C:136FH         LINE#         443
  C:1374H         LINE#         444
  C:1374H         LINE#         446
  C:137AH         LINE#         447
  C:137AH         LINE#         448
  C:137FH         LINE#         449
  C:137FH         LINE#         451
BL51 BANKED LINKER/LOCATER V6.22                                                      08/09/2019  21:11:00  PAGE 16


  C:1385H         LINE#         452
  C:1385H         LINE#         453
  C:138AH         LINE#         454
  C:138DH         LINE#         455
  C:138DH         LINE#         456
  -------         ENDPROC       RF_IRQ
  -------         ENDMOD        MAIN

  -------         MODULE        AHT10
  C:0000H         SYMBOL        _ICE_DUMMY_
  D:0080H         PUBLIC        P0
  D:0090H         PUBLIC        P1
  D:00A0H         PUBLIC        P2
  D:00B0H         PUBLIC        P3
  C:1BBAH         PUBLIC        JH_SendAC
  D:00A8H         PUBLIC        IEN0
  C:1D1DH         PUBLIC        JH_Read_Cal_Enable
  D:00B8H         PUBLIC        IEN1
  C:1972H         PUBLIC        Send_NOT_ACK
  C:20AFH         PUBLIC        SDA_Pin_IN_FLOATING
  C:1F9CH         PUBLIC        Init_I2C_Sensor_Port
  C:0532H         PUBLIC        Read_AHT10
  C:1F1AH         PUBLIC        flash_P00
  C:1B3FH         PUBLIC        I2C_Start
  B:0080H.0       PUBLIC        P00
  B:0090H.4       PUBLIC        P14
  D:0088H         PUBLIC        TCON
  C:1114H         PUBLIC        AHT10_Init
  B:0090H.5       PUBLIC        P15
  C:2068H         PUBLIC        SDA_Pin_Output_High
  C:193FH         PUBLIC        Send_ACK
  X:0008H         PUBLIC        AHT10Value
  C:2074H         PUBLIC        SCL_Pin_Output_High
  C:1C8AH         PUBLIC        Stop_I2C
  C:14D1H         PUBLIC        ZSSC_I2C_RD_Byte
  C:1CE6H         PUBLIC        JH_Read_Status
  D:0094H         PUBLIC        P1DIR
  C:1903H         PUBLIC        AHT10_test
  C:1D34H         PUBLIC        JH_Send_BA
  C:152EH         PUBLIC        _ZSSC_I2C_WR_Byte
  D:0098H         PUBLIC        S0CON
  D:00D8H         PUBLIC        ADCON
  D:00C8H         PUBLIC        T2CON
  C:206EH         PUBLIC        SDA_Pin_Output_Low
  D:00F8H         PUBLIC        FSR
  C:207AH         PUBLIC        SCL_Pin_Output_Low
  C:1684H         PUBLIC        Receive_ACK
  D:00E8H         PUBLIC        RFCON
  D:00D0H         PUBLIC        PSW
  D:00C0H         PUBLIC        IRCON
  -------         PROC          FLASH_P00
  C:1F1AH         LINE#         20
  C:1F1AH         LINE#         21
  C:1F1AH         LINE#         22
  C:1F1CH         LINE#         23
  C:1F23H         LINE#         24
  C:1F25H         LINE#         25
BL51 BANKED LINKER/LOCATER V6.22                                                      08/09/2019  21:11:00  PAGE 17


  -------         ENDPROC       FLASH_P00
  -------         PROC          SDA_PIN_OUTPUT_HIGH
  C:2068H         LINE#         26
  C:2068H         LINE#         27
  C:2068H         LINE#         28
  C:206BH         LINE#         29
  C:206DH         LINE#         32
  -------         ENDPROC       SDA_PIN_OUTPUT_HIGH
  -------         PROC          SDA_PIN_OUTPUT_LOW
  C:206EH         LINE#         34
  C:206EH         LINE#         35
  C:206EH         LINE#         36
  C:2071H         LINE#         37
  C:2073H         LINE#         40
  -------         ENDPROC       SDA_PIN_OUTPUT_LOW
  -------         PROC          SDA_PIN_IN_FLOATING
  C:20AFH         LINE#         42
  C:20AFH         LINE#         43
  C:20AFH         LINE#         44
  C:20B2H         LINE#         46
  -------         ENDPROC       SDA_PIN_IN_FLOATING
  -------         PROC          SCL_PIN_OUTPUT_HIGH
  C:2074H         LINE#         50
  C:2074H         LINE#         51
  C:2074H         LINE#         53
  C:2077H         LINE#         54
  C:2079H         LINE#         55
  -------         ENDPROC       SCL_PIN_OUTPUT_HIGH
  -------         PROC          SCL_PIN_OUTPUT_LOW
  C:207AH         LINE#         57
  C:207AH         LINE#         58
  C:207AH         LINE#         60
  C:207DH         LINE#         61
  C:207FH         LINE#         62
  -------         ENDPROC       SCL_PIN_OUTPUT_LOW
  -------         PROC          INIT_I2C_SENSOR_PORT
  C:1F9CH         LINE#         64
  C:1F9CH         LINE#         65
  C:1F9CH         LINE#         69
  C:1F9FH         LINE#         70
  C:1FA1H         LINE#         74
  C:1FA4H         LINE#         75
  C:1FA6H         LINE#         76
  -------         ENDPROC       INIT_I2C_SENSOR_PORT
  -------         PROC          I2C_START
  C:1B3FH         LINE#         79
  C:1B3FH         LINE#         80
  C:1B3FH         LINE#         81
  C:1B42H         LINE#         83
  C:1B49H         LINE#         84
  C:1B4CH         LINE#         86
  C:1B53H         LINE#         87
  C:1B56H         LINE#         89
  C:1B5DH         LINE#         90
  C:1B60H         LINE#         92
  C:1B67H         LINE#         93
  -------         ENDPROC       I2C_START
BL51 BANKED LINKER/LOCATER V6.22                                                      08/09/2019  21:11:00  PAGE 18


  -------         PROC          _ZSSC_I2C_WR_BYTE
  D:0007H         SYMBOL        Byte
  -------         DO            
  X:007EH         SYMBOL        Data
  X:007FH         SYMBOL        N
  X:0080H         SYMBOL        i
  -------         ENDDO         
  C:152EH         LINE#         96
  C:152EH         LINE#         97
  C:152EH         LINE#         99
  C:1532H         LINE#         100
  C:1537H         LINE#         101
  C:1542H         LINE#         102
  C:1542H         LINE#         103
  C:1545H         LINE#         106
  C:154CH         LINE#         107
  C:1556H         LINE#         108
  C:1556H         LINE#         109
  C:1559H         LINE#         110
  C:155BH         LINE#         112
  C:155BH         LINE#         113
  C:155EH         LINE#         114
  C:155EH         LINE#         116
  C:1561H         LINE#         118
  C:1568H         LINE#         120
  C:156FH         LINE#         122
  C:1575H         LINE#         123
  C:1578H         LINE#         125
  C:157FH         LINE#         126
  C:1582H         LINE#         128
  C:1589H         LINE#         129
  -------         ENDPROC       _ZSSC_I2C_WR_BYTE
  -------         PROC          ZSSC_I2C_RD_BYTE
  -------         DO            
  X:007EH         SYMBOL        Byte
  X:007FH         SYMBOL        i
  X:0080H         SYMBOL        a
  -------         ENDDO         
  C:14D1H         LINE#         132
  C:14D1H         LINE#         133
  C:14D1H         LINE#         135
  C:14D5H         LINE#         136
  C:14D8H         LINE#         137
  C:14DBH         LINE#         139
  C:14E1H         LINE#         140
  C:14EDH         LINE#         141
  C:14EDH         LINE#         142
  C:14F0H         LINE#         144
  C:14F7H         LINE#         145
  C:14FBH         LINE#         147
  C:1500H         LINE#         148
  C:150EH         LINE#         149
  C:1511H         LINE#         151
  C:1518H         LINE#         152
  C:151FH         LINE#         153
  C:1522H         LINE#         155
  C:1529H         LINE#         156
BL51 BANKED LINKER/LOCATER V6.22                                                      08/09/2019  21:11:00  PAGE 19


  C:152DH         LINE#         157
  -------         ENDPROC       ZSSC_I2C_RD_BYTE
  -------         PROC          RECEIVE_ACK
  -------         DO            
  X:007EH         SYMBOL        CNT
  -------         ENDDO         
  C:1684H         LINE#         160
  C:1684H         LINE#         161
  C:1684H         LINE#         163
  C:168AH         LINE#         164
  C:168DH         LINE#         165
  C:1690H         LINE#         167
  C:1696H         LINE#         168
  C:1699H         LINE#         170
  C:16A0H         LINE#         173
  C:16AFH         LINE#         174
  C:16BBH         LINE#         175
  C:16C6H         LINE#         176
  C:16C6H         LINE#         177
  C:16C8H         LINE#         178
  C:16C8H         LINE#         179
  C:16CBH         LINE#         181
  C:16D2H         LINE#         182
  C:16D4H         LINE#         183
  -------         ENDPROC       RECEIVE_ACK
  -------         PROC          SEND_ACK
  C:193FH         LINE#         185
  C:193FH         LINE#         186
  C:193FH         LINE#         187
  C:1942H         LINE#         189
  C:1949H         LINE#         190
  C:194CH         LINE#         192
  C:1953H         LINE#         193
  C:1956H         LINE#         195
  C:195DH         LINE#         196
  C:1960H         LINE#         198
  C:1967H         LINE#         199
  C:196AH         LINE#         201
  C:1971H         LINE#         202
  -------         ENDPROC       SEND_ACK
  -------         PROC          SEND_NOT_ACK
  C:1972H         LINE#         204
  C:1972H         LINE#         205
  C:1972H         LINE#         206
  C:1975H         LINE#         208
  C:197CH         LINE#         209
  C:197FH         LINE#         211
  C:1986H         LINE#         212
  C:1989H         LINE#         214
  C:1990H         LINE#         215
  C:1993H         LINE#         217
  C:199AH         LINE#         218
  C:199DH         LINE#         220
  C:19A4H         LINE#         221
  -------         ENDPROC       SEND_NOT_ACK
  -------         PROC          STOP_I2C
  C:1C8AH         LINE#         223
BL51 BANKED LINKER/LOCATER V6.22                                                      08/09/2019  21:11:00  PAGE 20


  C:1C8AH         LINE#         224
  C:1C8AH         LINE#         225
  C:1C8DH         LINE#         227
  C:1C94H         LINE#         228
  C:1C97H         LINE#         230
  C:1C9EH         LINE#         231
  C:1CA1H         LINE#         233
  C:1CA8H         LINE#         234
  -------         ENDPROC       STOP_I2C
  -------         PROC          JH_READ_STATUS
  -------         DO            
  X:007DH         SYMBOL        Byte_first
  -------         ENDDO         
  C:1CE6H         LINE#         236
  C:1CE6H         LINE#         237
  C:1CE6H         LINE#         240
  C:1CE9H         LINE#         241
  C:1CEEH         LINE#         242
  C:1CF1H         LINE#         243
  C:1CF8H         LINE#         246
  C:1CFBH         LINE#         247
  C:1CFEH         LINE#         250
  C:1D02H         LINE#         251
  -------         ENDPROC       JH_READ_STATUS
  -------         PROC          JH_READ_CAL_ENABLE
  -------         DO            
  X:007CH         SYMBOL        val
  -------         ENDDO         
  C:1D1DH         LINE#         253
  C:1D1DH         LINE#         254
  C:1D1DH         LINE#         255
  C:1D21H         LINE#         257
  C:1D28H         LINE#         258
  C:1D2EH         LINE#         259
  C:1D31H         LINE#         260
  C:1D33H         LINE#         261
  -------         ENDPROC       JH_READ_CAL_ENABLE
  -------         PROC          JH_SENDAC
  C:1BBAH         LINE#         265
  C:1BBAH         LINE#         266
  C:1BBAH         LINE#         268
  C:1BBDH         LINE#         269
  C:1BC2H         LINE#         270
  C:1BC5H         LINE#         271
  C:1BCAH         LINE#         272
  C:1BCDH         LINE#         273
  C:1BD2H         LINE#         274
  C:1BD5H         LINE#         275
  C:1BDAH         LINE#         276
  C:1BDDH         LINE#         277
  C:1BE0H         LINE#         279
  -------         ENDPROC       JH_SENDAC
  -------         PROC          JH_SEND_BA
  C:1D34H         LINE#         281
  C:1D34H         LINE#         282
  C:1D34H         LINE#         285
  C:1D37H         LINE#         286
BL51 BANKED LINKER/LOCATER V6.22                                                      08/09/2019  21:11:00  PAGE 21


  C:1D3CH         LINE#         287
  C:1D3FH         LINE#         288
  C:1D44H         LINE#         289
  C:1D47H         LINE#         290
  C:1D4AH         LINE#         293
  -------         ENDPROC       JH_SEND_BA
  -------         PROC          READ_AHT10
  -------         DO            
  X:006DH         SYMBOL        Byte_1th
  X:006EH         SYMBOL        Byte_2th
  X:006FH         SYMBOL        Byte_3th
  X:0070H         SYMBOL        Byte_4th
  X:0071H         SYMBOL        Byte_5th
  X:0072H         SYMBOL        Byte_6th
  X:0073H         SYMBOL        RetuData
  X:0077H         SYMBOL        temp
  X:0079H         SYMBOL        cnt
  -------         ENDDO         
  C:0532H         LINE#         295
  C:0532H         LINE#         296
  C:0532H         LINE#         297
  C:0536H         LINE#         298
  C:0538H         LINE#         299
  C:053AH         LINE#         300
  C:053CH         LINE#         301
  C:053EH         LINE#         302
  C:0540H         LINE#         303
  C:0548H         LINE#         304
  C:054EH         LINE#         305
  C:0552H         LINE#         308
  C:0558H         LINE#         309
  C:0558H         LINE#         310
  C:055BH         LINE#         311
  C:0562H         LINE#         312
  C:0564H         LINE#         314
  C:0567H         LINE#         315
  C:056EH         LINE#         316
  C:0574H         LINE#         317
  C:057BH         LINE#         318
  C:057BH         LINE#         320
  C:0582H         LINE#         321
  C:0599H         LINE#         322
  C:0599H         LINE#         323
  C:059BH         LINE#         324
  C:059BH         LINE#         325
  C:059DH         LINE#         326
  C:05A0H         LINE#         328
  C:05A5H         LINE#         329
  C:05A8H         LINE#         330
  C:05AFH         LINE#         331
  C:05B2H         LINE#         332
  C:05B9H         LINE#         333
  C:05BCH         LINE#         334
  C:05C3H         LINE#         335
  C:05C6H         LINE#         336
  C:05CDH         LINE#         337
  C:05D0H         LINE#         338
BL51 BANKED LINKER/LOCATER V6.22                                                      08/09/2019  21:11:00  PAGE 22


  C:05D7H         LINE#         339
  C:05DAH         LINE#         340
  C:05E1H         LINE#         341
  C:05E4H         LINE#         342
  C:05E7H         LINE#         344
  C:060DH         LINE#         345
  C:0633H         LINE#         346
  C:0654H         LINE#         347
  C:066BH         LINE#         349
  C:069CH         LINE#         350
  C:06CEH         LINE#         351
  C:06FAH         LINE#         353
  C:0703H         LINE#         354
  C:0729H         LINE#         355
  C:074FH         LINE#         356
  C:076FH         LINE#         357
  C:0788H         LINE#         359
  C:07BDH         LINE#         360
  C:07EEH         LINE#         361
  C:081AH         LINE#         362
  -------         ENDPROC       READ_AHT10
  -------         PROC          AHT10_INIT
  -------         DO            
  X:007BH         SYMBOL        count
  -------         ENDDO         
  C:1114H         LINE#         365
  C:1114H         LINE#         366
  C:1114H         LINE#         369
  C:1117H         LINE#         371
  C:111EH         LINE#         373
  C:1121H         LINE#         374
  C:1126H         LINE#         375
  C:1129H         LINE#         376
  C:112EH         LINE#         377
  C:1131H         LINE#         378
  C:1136H         LINE#         379
  C:1139H         LINE#         380
  C:113EH         LINE#         381
  C:1141H         LINE#         382
  C:1144H         LINE#         384
  C:114BH         LINE#         385
  C:1151H         LINE#         386
  C:1151H         LINE#         388
  C:1154H         LINE#         389
  C:115BH         LINE#         391
  C:1162H         LINE#         393
  C:1165H         LINE#         394
  C:116AH         LINE#         395
  C:116DH         LINE#         396
  C:1172H         LINE#         397
  C:1175H         LINE#         398
  C:117AH         LINE#         399
  C:117DH         LINE#         400
  C:1182H         LINE#         401
  C:1185H         LINE#         402
  C:1188H         LINE#         403
  C:118DH         LINE#         404
BL51 BANKED LINKER/LOCATER V6.22                                                      08/09/2019  21:11:00  PAGE 23


  C:1196H         LINE#         405
  C:119DH         LINE#         406
  C:119FH         LINE#         407
  C:11A1H         LINE#         408
  -------         ENDPROC       AHT10_INIT
  -------         PROC          AHT10_TEST
  -------         DO            
  X:000CH         SYMBOL        temp
  X:0011H         SYMBOL        humidity
  X:0007H         SYMBOL        ret
  -------         ENDDO         
  C:1903H         LINE#         410
  C:1903H         LINE#         411
  C:1903H         LINE#         418
  C:1908H         LINE#         419
  C:190BH         LINE#         420
  C:1910H         LINE#         421
  C:1910H         LINE#         422
  C:1917H         LINE#         423
  C:191AH         LINE#         424
  C:191AH         LINE#         426
  C:191CH         LINE#         427
  C:191CH         LINE#         429
  C:191CH         LINE#         431
  C:191CH         LINE#         434
  C:191FH         LINE#         437
  C:1925H         LINE#         438
  C:192BH         LINE#         439
  C:1931H         LINE#         440
  C:1937H         LINE#         449
  C:193EH         LINE#         451
  C:193EH         LINE#         452
  -------         ENDPROC       AHT10_TEST
  -------         ENDMOD        AHT10

  -------         MODULE        DHT11
  C:0000H         SYMBOL        _ICE_DUMMY_
  D:0080H         PUBLIC        P0
  D:0090H         PUBLIC        P1
  D:00A0H         PUBLIC        P2
  D:00B0H         PUBLIC        P3
  X:0017H         PUBLIC        u8RH_data_H_temp
  D:00A8H         PUBLIC        IEN0
  D:00B8H         PUBLIC        IEN1
  C:176BH         PUBLIC        Delay_10us
  X:0018H         PUBLIC        u8T_data_H
  X:0019H         PUBLIC        U8FLAG
  X:001AH         PUBLIC        u8T_data_L
  B:0080H.2       PUBLIC        P02
  D:0088H         PUBLIC        TCON
  X:001BH         PUBLIC        u8T_data_H_temp
  C:0B2AH         PUBLIC        DHT11
  X:001CH         PUBLIC        u8T_data_L_temp
  X:001DH         PUBLIC        DHT11Value
  X:0024H         PUBLIC        u8checkdata
  X:0025H         PUBLIC        uchartemp
  X:0026H         PUBLIC        uRH_data_L_temp
BL51 BANKED LINKER/LOCATER V6.22                                                      08/09/2019  21:11:00  PAGE 24


  C:1411H         PUBLIC        COM
  D:0093H         PUBLIC        P0DIR
  D:0098H         PUBLIC        S0CON
  X:0027H         PUBLIC        u8checkdata_temp
  D:00D8H         PUBLIC        ADCON
  D:00C8H         PUBLIC        T2CON
  D:00F8H         PUBLIC        FSR
  X:0028H         PUBLIC        u8RH_data_H
  X:0029H         PUBLIC        u8RH_data_L
  X:002AH         PUBLIC        ucharcomdata
  D:00E8H         PUBLIC        RFCON
  D:00D0H         PUBLIC        PSW
  D:00C0H         PUBLIC        IRCON
  -------         PROC          DELAY_10US
  C:176BH         LINE#         40
  C:176BH         LINE#         41
  C:176BH         LINE#         42
  C:1772H         LINE#         43
  C:1779H         LINE#         44
  C:1780H         LINE#         45
  C:1787H         LINE#         46
  C:178EH         LINE#         47
  C:1795H         LINE#         48
  C:179CH         LINE#         49
  C:17A3H         LINE#         50
  C:17AAH         LINE#         51
  C:17B1H         LINE#         52
  -------         ENDPROC       DELAY_10US
  -------         PROC          COM
  -------         DO            
  X:0016H         SYMBOL        i
  -------         ENDDO         
  C:1411H         LINE#         60
  C:1411H         LINE#         61
  C:1411H         LINE#         63
  C:141DH         LINE#         64
  C:141DH         LINE#         65
  C:1422H         LINE#         66
  C:142EH         LINE#         67
  C:1431H         LINE#         68
  C:1434H         LINE#         69
  C:1437H         LINE#         70
  C:143BH         LINE#         71
  C:1440H         LINE#         72
  C:1445H         LINE#         73
  C:1451H         LINE#         74
  C:1458H         LINE#         75
  C:145FH         LINE#         76
  C:146AH         LINE#         77
  C:1471H         LINE#         78
  -------         ENDPROC       COM
  -------         PROC          DHT11
  C:0B2AH         LINE#         85
  C:0B2AH         LINE#         86
  C:0B2AH         LINE#         87
  C:0B2DH         LINE#         88
  C:0B2FH         LINE#         89
BL51 BANKED LINKER/LOCATER V6.22                                                      08/09/2019  21:11:00  PAGE 25


  C:0B36H         LINE#         90
  C:0B38H         LINE#         91
  C:0B3BH         LINE#         92
  C:0B3EH         LINE#         93
  C:0B41H         LINE#         94
  C:0B44H         LINE#         95
  C:0B47H         LINE#         96
  C:0B4DH         LINE#         97
  C:0B4DH         LINE#         98
  C:0B52H         LINE#         99
  C:0B5EH         LINE#         100
  C:0B63H         LINE#         101
  C:0B6FH         LINE#         102
  C:0B72H         LINE#         103
  C:0B78H         LINE#         104
  C:0B7BH         LINE#         105
  C:0B81H         LINE#         106
  C:0B84H         LINE#         107
  C:0B8AH         LINE#         108
  C:0B8DH         LINE#         109
  C:0B93H         LINE#         110
  C:0B96H         LINE#         111
  C:0B9CH         LINE#         112
  C:0B9EH         LINE#         113
  C:0BB1H         LINE#         114
  C:0BBBH         LINE#         115
  C:0BBBH         LINE#         116
  C:0BC1H         LINE#         117
  C:0BC7H         LINE#         118
  C:0BCDH         LINE#         119
  C:0BD3H         LINE#         120
  C:0BD9H         LINE#         121
  C:0BD9H         LINE#         122
  C:0BE8H         LINE#         123
  C:0BF4H         LINE#         124
  C:0C00H         LINE#         126
  C:0C0AH         LINE#         127
  C:0C16H         LINE#         128
  C:0C22H         LINE#         129
  C:0C24H         LINE#         131
  C:0C24H         LINE#         132
  C:0C2AH         LINE#         133
  C:0C2CH         LINE#         135
  C:0C2FH         LINE#         136
  C:0C31H         LINE#         137
  C:0C31H         LINE#         139
  C:0C34H         LINE#         140
  -------         ENDPROC       DHT11
  -------         ENDMOD        DHT11

  -------         MODULE        LED
  C:0000H         SYMBOL        _ICE_DUMMY_
  D:0080H         PUBLIC        P0
  D:0090H         PUBLIC        P1
  D:00A0H         PUBLIC        P2
  D:00B0H         PUBLIC        P3
  D:00A8H         PUBLIC        IEN0
BL51 BANKED LINKER/LOCATER V6.22                                                      08/09/2019  21:11:00  PAGE 26


  D:00B8H         PUBLIC        IEN1
  C:1CA9H         PUBLIC        _led_flash
  B:0080H.0       PUBLIC        P00
  B:0080H.1       PUBLIC        P01
  D:0088H         PUBLIC        TCON
  C:20B3H         PUBLIC        led_init
  C:1F00H         PUBLIC        _led_off
  D:0093H         PUBLIC        P0DIR
  D:0098H         PUBLIC        S0CON
  D:00D8H         PUBLIC        ADCON
  D:00C8H         PUBLIC        T2CON
  D:00F8H         PUBLIC        FSR
  C:1EF3H         PUBLIC        _led_on
  D:00E8H         PUBLIC        RFCON
  D:00D0H         PUBLIC        PSW
  D:00C0H         PUBLIC        IRCON
  -------         PROC          LED_INIT
  C:20B3H         LINE#         6
  C:20B3H         LINE#         8
  C:20B6H         LINE#         12
  -------         ENDPROC       LED_INIT
  -------         PROC          _LED_FLASH
  D:0007H         SYMBOL        led
  C:1CA9H         LINE#         14
  C:1CA9H         LINE#         15
  C:1CB0H         LINE#         16
  C:1CB0H         LINE#         17
  C:1CB2H         LINE#         18
  C:1CB9H         LINE#         19
  C:1CBBH         LINE#         20
  C:1CBCH         LINE#         21
  C:1CBCH         LINE#         22
  C:1CBEH         LINE#         23
  C:1CC5H         LINE#         24
  C:1CC7H         LINE#         25
  C:1CC7H         LINE#         26
  C:1CC7H         LINE#         27
  C:1CC7H         LINE#         28
  C:1CC7H         LINE#         29
  -------         ENDPROC       _LED_FLASH
  -------         PROC          _LED_ON
  D:0007H         SYMBOL        led
  C:1EF3H         LINE#         30
  C:1EF3H         LINE#         31
  C:1EFAH         LINE#         32
  C:1EFAH         LINE#         33
  C:1EFCH         LINE#         34
  C:1EFDH         LINE#         35
  C:1EFDH         LINE#         36
  C:1EFFH         LINE#         37
  C:1EFFH         LINE#         38
  C:1EFFH         LINE#         39
  C:1EFFH         LINE#         40
  C:1EFFH         LINE#         41
  -------         ENDPROC       _LED_ON
  -------         PROC          _LED_OFF
  D:0007H         SYMBOL        led
BL51 BANKED LINKER/LOCATER V6.22                                                      08/09/2019  21:11:00  PAGE 27


  C:1F00H         LINE#         42
  C:1F00H         LINE#         43
  C:1F07H         LINE#         44
  C:1F07H         LINE#         45
  C:1F09H         LINE#         46
  C:1F0AH         LINE#         47
  C:1F0AH         LINE#         48
  C:1F0CH         LINE#         49
  C:1F0CH         LINE#         50
  C:1F0CH         LINE#         51
  C:1F0CH         LINE#         52
  C:1F0CH         LINE#         53
  -------         ENDPROC       _LED_OFF
  -------         ENDMOD        LED

  -------         MODULE        KEY
  C:0000H         SYMBOL        _ICE_DUMMY_
  D:0080H         PUBLIC        P0
  D:0090H         PUBLIC        P1
  D:00A0H         PUBLIC        P2
  D:00B0H         PUBLIC        P3
  D:00A8H         PUBLIC        IEN0
  D:00B8H         PUBLIC        IEN1
  D:0088H         PUBLIC        TCON
  C:20B7H         PUBLIC        key_init
  D:0094H         PUBLIC        P1DIR
  D:0098H         PUBLIC        S0CON
  D:00D8H         PUBLIC        ADCON
  D:00C8H         PUBLIC        T2CON
  D:00F8H         PUBLIC        FSR
  D:00E8H         PUBLIC        RFCON
  D:00D0H         PUBLIC        PSW
  D:00C0H         PUBLIC        IRCON
  -------         PROC          KEY_INIT
  C:20B7H         LINE#         6
  C:20B7H         LINE#         8
  C:20BAH         LINE#         12
  -------         ENDPROC       KEY_INIT
  -------         ENDMOD        KEY

  -------         MODULE        HAL_DELAY
  C:0000H         SYMBOL        _ICE_DUMMY_
  C:1AC1H         PUBLIC        _delay_ms
  C:1E80H         PUBLIC        _delay_us
  -------         PROC          _DELAY_US
  D:0006H         SYMBOL        us
  C:1E80H         LINE#         37
  C:1E80H         LINE#         38
  C:1E80H         LINE#         40
  C:1E80H         LINE#         41
  C:1E81H         LINE#         42
  C:1E82H         LINE#         43
  C:1E83H         LINE#         44
  C:1E84H         LINE#         45
  C:1E85H         LINE#         46
  C:1E85H         LINE#         47
  C:1E8EH         LINE#         48
BL51 BANKED LINKER/LOCATER V6.22                                                      08/09/2019  21:11:00  PAGE 28


  -------         ENDPROC       _DELAY_US
  -------         PROC          _DELAY_MS
  D:0004H         SYMBOL        ms
  C:1AC1H         LINE#         50
  C:1AC5H         LINE#         51
  C:1AC5H         LINE#         53
  C:1AC5H         LINE#         54
  C:1ACCH         LINE#         55
  C:1AD3H         LINE#         56
  C:1ADAH         LINE#         57
  C:1AE1H         LINE#         58
  C:1AE1H         LINE#         59
  C:1AEAH         LINE#         60
  -------         ENDPROC       _DELAY_MS
  -------         ENDMOD        HAL_DELAY

  -------         MODULE        HAL_CLK
  C:0000H         SYMBOL        _ICE_DUMMY_
  D:0080H         PUBLIC        P0
  D:0090H         PUBLIC        P1
  D:00A0H         PUBLIC        P2
  D:00B0H         PUBLIC        P3
  D:00A8H         PUBLIC        IEN0
  D:00B8H         PUBLIC        IEN1
  C:1F32H         PUBLIC        _hal_clk_set_freq
  D:00A3H         PUBLIC        CLKCTRL
  C:1DCCH         PUBLIC        _hal_clk_set_input
  C:2080H         PUBLIC        hal_clklf_phase
  C:2086H         PUBLIC        hal_clklf_ready
  C:1F26H         PUBLIC        hal_clk_get_16m_source
  D:00ADH         PUBLIC        CLKLFCTRL
  C:1E11H         PUBLIC        _hal_clk_set_16m_source
  D:0088H         PUBLIC        TCON
  C:1F3EH         PUBLIC        _hal_clklf_set_source
  D:0098H         PUBLIC        S0CON
  D:00D8H         PUBLIC        ADCON
  D:00C8H         PUBLIC        T2CON
  D:00F8H         PUBLIC        FSR
  C:1E01H         PUBLIC        _hal_clk_regret_xosc16m_on
  D:00E8H         PUBLIC        RFCON
  D:00D0H         PUBLIC        PSW
  D:00C0H         PUBLIC        IRCON
  -------         PROC          _HAL_CLK_REGRET_XOSC16M_ON
  D:0007H         SYMBOL        on
  C:1E01H         LINE#         22
  C:1E01H         LINE#         23
  C:1E01H         LINE#         24
  C:1E04H         LINE#         25
  C:1E04H         LINE#         26
  C:1E0CH         LINE#         27
  C:1E0DH         LINE#         29
  C:1E0DH         LINE#         30
  C:1E10H         LINE#         31
  C:1E10H         LINE#         32
  -------         ENDPROC       _HAL_CLK_REGRET_XOSC16M_ON
  -------         PROC          _HAL_CLK_SET_INPUT
  D:0007H         SYMBOL        input
BL51 BANKED LINKER/LOCATER V6.22                                                      08/09/2019  21:11:00  PAGE 29


  C:1DCCH         LINE#         34
  C:1DCCH         LINE#         35
  C:1DCCH         LINE#         36
  C:1DDDH         LINE#         37
  -------         ENDPROC       _HAL_CLK_SET_INPUT
  -------         PROC          _HAL_CLK_SET_16M_SOURCE
  D:0007H         SYMBOL        source
  C:1E11H         LINE#         39
  C:1E11H         LINE#         40
  C:1E11H         LINE#         41
  C:1E20H         LINE#         42
  -------         ENDPROC       _HAL_CLK_SET_16M_SOURCE
  -------         PROC          HAL_CLK_GET_16M_SOURCE
  -------         DO            
  D:0007H         SYMBOL        clock_source
  -------         ENDDO         
  C:1F26H         LINE#         44
  C:1F26H         LINE#         45
  C:1F26H         LINE#         47
  C:1F2BH         LINE#         48
  C:1F2BH         LINE#         49
  C:1F2DH         LINE#         50
  C:1F2FH         LINE#         52
  C:1F2FH         LINE#         53
  C:1F31H         LINE#         54
  C:1F31H         LINE#         56
  C:1F31H         LINE#         57
  -------         ENDPROC       HAL_CLK_GET_16M_SOURCE
  -------         PROC          _HAL_CLK_SET_FREQ
  D:0007H         SYMBOL        freq
  C:1F32H         LINE#         59
  C:1F32H         LINE#         60
  C:1F32H         LINE#         61
  C:1F3DH         LINE#         62
  -------         ENDPROC       _HAL_CLK_SET_FREQ
  -------         PROC          HAL_CLKLF_PHASE
  C:2080H         LINE#         64
  C:2080H         LINE#         65
  C:2080H         LINE#         66
  C:2085H         LINE#         67
  -------         ENDPROC       HAL_CLKLF_PHASE
  -------         PROC          HAL_CLKLF_READY
  C:2086H         LINE#         69
  C:2086H         LINE#         70
  C:2086H         LINE#         71
  C:208BH         LINE#         72
  -------         ENDPROC       HAL_CLKLF_READY
  -------         PROC          _HAL_CLKLF_SET_SOURCE
  D:0007H         SYMBOL        source
  C:1F3EH         LINE#         74
  C:1F3EH         LINE#         75
  C:1F3EH         LINE#         76
  C:1F49H         LINE#         77
  -------         ENDPROC       _HAL_CLKLF_SET_SOURCE
  -------         ENDMOD        HAL_CLK

  -------         MODULE        HAL_RTC
BL51 BANKED LINKER/LOCATER V6.22                                                      08/09/2019  21:11:00  PAGE 30


  C:0000H         SYMBOL        _ICE_DUMMY_
  D:0080H         PUBLIC        P0
  D:0090H         PUBLIC        P1
  D:00A0H         PUBLIC        P2
  D:00B0H         PUBLIC        P3
  D:00A8H         PUBLIC        IEN0
  D:00B8H         PUBLIC        IEN1
  D:00B4H         PUBLIC        RTC2CMP0
  D:00B5H         PUBLIC        RTC2CMP1
  C:20BFH         PUBLIC        hal_rtc_get_capture_clock_cycles
  D:0088H         PUBLIC        TCON
  C:20BBH         PUBLIC        hal_rtc_capture
  C:0003H         PUBLIC        hal_rtc_get_compare_value
  C:1DA5H         PUBLIC        _hal_rtc_set_compare_value
  C:1C6AH         PUBLIC        hal_rtc_get_capture_value
  C:1EADH         PUBLIC        _hal_rtc_set_compare_mode
  D:0098H         PUBLIC        S0CON
  D:00B6H         PUBLIC        RTC2CPT00
  D:00D8H         PUBLIC        ADCON
  D:00ACH         PUBLIC        RTC2CPT10
  D:00ABH         PUBLIC        RTC2CPT01
  D:00C8H         PUBLIC        T2CON
  D:00F8H         PUBLIC        FSR
  C:1FB2H         PUBLIC        _hal_rtc_start
  C:1FA7H         PUBLIC        _hal_rtc_radio_capture_enable
  D:00E8H         PUBLIC        RFCON
  D:00D0H         PUBLIC        PSW
  D:00C0H         PUBLIC        IRCON
  D:00B3H         PUBLIC        RTC2CON
  -------         PROC          HAL_RTC_CAPTURE
  C:20BBH         LINE#         22
  C:20BBH         LINE#         23
  C:20BBH         LINE#         24
  C:20BEH         LINE#         25
  -------         ENDPROC       HAL_RTC_CAPTURE
  -------         PROC          _HAL_RTC_RADIO_CAPTURE_ENABLE
  D:0007H         SYMBOL        en
  C:1FA7H         LINE#         27
  C:1FA7H         LINE#         28
  C:1FA7H         LINE#         29
  C:1FAAH         LINE#         30
  C:1FAAH         LINE#         31
  C:1FADH         LINE#         32
  C:1FAEH         LINE#         34
  C:1FAEH         LINE#         35
  C:1FB1H         LINE#         36
  C:1FB1H         LINE#         37
  -------         ENDPROC       _HAL_RTC_RADIO_CAPTURE_ENABLE
  -------         PROC          _HAL_RTC_SET_COMPARE_MODE
  D:0007H         SYMBOL        mode
  C:1EADH         LINE#         39
  C:1EADH         LINE#         40
  C:1EADH         LINE#         41
  C:1EBAH         LINE#         42
  -------         ENDPROC       _HAL_RTC_SET_COMPARE_MODE
  -------         PROC          _HAL_RTC_START
  D:0007H         SYMBOL        en
BL51 BANKED LINKER/LOCATER V6.22                                                      08/09/2019  21:11:00  PAGE 31


  C:1FB2H         LINE#         44
  C:1FB2H         LINE#         45
  C:1FB2H         LINE#         46
  C:1FB5H         LINE#         47
  C:1FB5H         LINE#         48
  C:1FB8H         LINE#         49
  C:1FB9H         LINE#         51
  C:1FB9H         LINE#         52
  C:1FBCH         LINE#         53
  C:1FBCH         LINE#         54
  -------         ENDPROC       _HAL_RTC_START
  -------         PROC          _HAL_RTC_SET_COMPARE_VALUE
  D:0006H         SYMBOL        value
  -------         DO            
  D:0005H         SYMBOL        compare_status
  -------         ENDDO         
  C:1DA5H         LINE#         56
  C:1DA5H         LINE#         57
  C:1DA5H         LINE#         59
  C:1DAAH         LINE#         60
  C:1DADH         LINE#         61
  C:1DB0H         LINE#         62
  C:1DB3H         LINE#         63
  C:1DB8H         LINE#         64
  -------         ENDPROC       _HAL_RTC_SET_COMPARE_VALUE
  -------         PROC          HAL_RTC_GET_COMPARE_VALUE
  -------         DO            
  D:0001H         SYMBOL        compare_status
  D:0004H         SYMBOL        value
  -------         ENDDO         
  C:0003H         LINE#         66
  C:0003H         LINE#         67
  C:0003H         LINE#         70
  C:0008H         LINE#         71
  C:000BH         LINE#         72
  C:0011H         LINE#         73
  C:0015H         LINE#         74
  C:0019H         LINE#         75
  C:001EH         LINE#         76
  C:0022H         LINE#         77
  -------         ENDPROC       HAL_RTC_GET_COMPARE_VALUE
  -------         PROC          HAL_RTC_GET_CAPTURE_VALUE
  -------         DO            
  D:0001H         SYMBOL        capture_status
  D:0004H         SYMBOL        value
  -------         ENDDO         
  C:1C6AH         LINE#         79
  C:1C6AH         LINE#         80
  C:1C6AH         LINE#         83
  C:1C6FH         LINE#         84
  C:1C72H         LINE#         85
  C:1C78H         LINE#         86
  C:1C7CH         LINE#         87
  C:1C80H         LINE#         88
  C:1C85H         LINE#         89
  C:1C89H         LINE#         90
  -------         ENDPROC       HAL_RTC_GET_CAPTURE_VALUE
BL51 BANKED LINKER/LOCATER V6.22                                                      08/09/2019  21:11:00  PAGE 32


  -------         PROC          HAL_RTC_GET_CAPTURE_CLOCK_CYCLES
  C:20BFH         LINE#         92
  C:20BFH         LINE#         93
  C:20BFH         LINE#         94
  C:20C1H         LINE#         95
  -------         ENDPROC       HAL_RTC_GET_CAPTURE_CLOCK_CYCLES
  -------         ENDMOD        HAL_RTC

  -------         MODULE        HAL_ADC
  C:0000H         SYMBOL        _ICE_DUMMY_
  D:0080H         PUBLIC        P0
  D:0090H         PUBLIC        P1
  C:20C2H         PUBLIC        hal_adc_read_LSB
  D:00A0H         PUBLIC        P2
  C:20C5H         PUBLIC        hal_adc_read_MSB
  C:1F56H         PUBLIC        _hal_adc_set_acq_window
  D:00B0H         PUBLIC        P3
  C:1F4AH         PUBLIC        _hal_adc_set_reference
  C:1E8FH         PUBLIC        _hal_adc_set_input_mode
  D:00A8H         PUBLIC        IEN0
  C:1E51H         PUBLIC        _hal_adc_set_power_down_delay
  D:00B8H         PUBLIC        IEN1
  C:1E61H         PUBLIC        _hal_adc_set_data_just
  C:1E31H         PUBLIC        _hal_adc_set_conversion_mode
  C:1E9EH         PUBLIC        _hal_adc_set_resolution
  D:0088H         PUBLIC        TCON
  C:1E41H         PUBLIC        _hal_adc_set_sampling_rate
  C:1E21H         PUBLIC        _hal_adc_set_input_channel
  C:1DF0H         PUBLIC        hal_adc_get_overflow_status
  C:1F62H         PUBLIC        hal_adc_start
  D:00D3H         PUBLIC        ADCCON1
  D:00D2H         PUBLIC        ADCCON2
  D:00D1H         PUBLIC        ADCCON3
  D:0098H         PUBLIC        S0CON
  C:208CH         PUBLIC        hal_adc_busy
  D:00D8H         PUBLIC        ADCON
  D:00C8H         PUBLIC        T2CON
  D:00F8H         PUBLIC        FSR
  D:00D4H         PUBLIC        ADCDATH
  D:00D5H         PUBLIC        ADCDATL
  D:00E8H         PUBLIC        RFCON
  D:00D0H         PUBLIC        PSW
  D:00C0H         PUBLIC        IRCON
  -------         PROC          _HAL_ADC_SET_INPUT_CHANNEL
  D:0007H         SYMBOL        chsel
  C:1E21H         LINE#         26
  C:1E21H         LINE#         27
  C:1E21H         LINE#         29
  C:1E30H         LINE#         30
  -------         ENDPROC       _HAL_ADC_SET_INPUT_CHANNEL
  -------         PROC          _HAL_ADC_SET_REFERENCE
  D:0007H         SYMBOL        refsel
  C:1F4AH         LINE#         33
  C:1F4AH         LINE#         34
  C:1F4AH         LINE#         36
  C:1F55H         LINE#         37
  -------         ENDPROC       _HAL_ADC_SET_REFERENCE
[...]
  -------         ENDPROC       _HAL_NRF_WRITE_TX_PAYLOAD
  -------         PROC          _HAL_NRF_WRITE_TX_PAYLOAD_NOACK
  D:0001H         SYMBOL        tx_pload
  D:0005H         SYMBOL        length
  C:2019H         LINE#         681
  C:2019H         LINE#         682
  C:2019H         LINE#         683
  C:2022H         LINE#         684
  -------         ENDPROC       _HAL_NRF_WRITE_TX_PAYLOAD_NOACK
  -------         PROC          _HAL_NRF_WRITE_ACK_PAYLOAD
  D:0007H         SYMBOL        pipe
  D:0001H         SYMBOL        tx_pload
  X:0045H         SYMBOL        length
  C:1ED7H         LINE#         686
  C:1ED7H         LINE#         687
  C:1ED7H         LINE#         688
  C:1EE4H         LINE#         689
  -------         ENDPROC       _HAL_NRF_WRITE_ACK_PAYLOAD
  -------         PROC          HAL_NRF_READ_RX_PAYLOAD_WIDTH
  C:209EH         LINE#         691
  C:209EH         LINE#         692
  C:209EH         LINE#         693
  C:20A3H         LINE#         694
  -------         ENDPROC       HAL_NRF_READ_RX_PAYLOAD_WIDTH
  -------         PROC          _HAL_NRF_READ_RX_PAYLOAD
  D:0001H         SYMBOL        rx_pload
  C:20A4H         LINE#         696
  C:20A4H         LINE#         697
  C:20A4H         LINE#         698
BL51 BANKED LINKER/LOCATER V6.22                                                      08/09/2019  21:11:00  PAGE 47


  C:20A9H         LINE#         699
  -------         ENDPROC       _HAL_NRF_READ_RX_PAYLOAD
  -------         PROC          HAL_NRF_GET_RX_DATA_SOURCE
  C:1EE5H         LINE#         701
  C:1EE5H         LINE#         702
  C:1EE5H         LINE#         703
  C:1EF2H         LINE#         704
  -------         ENDPROC       HAL_NRF_GET_RX_DATA_SOURCE
  -------         PROC          HAL_NRF_REUSE_TX
  C:2023H         LINE#         706
  C:2023H         LINE#         707
  C:2023H         LINE#         708
  C:2025H         LINE#         709
  C:202AH         LINE#         710
  C:202CH         LINE#         711
  -------         ENDPROC       HAL_NRF_REUSE_TX
  -------         PROC          HAL_NRF_GET_REUSE_TX_STATUS
  C:1DB9H         LINE#         713
  C:1DB9H         LINE#         714
  C:1DB9H         LINE#         715
  C:1DCBH         LINE#         716
  -------         ENDPROC       HAL_NRF_GET_REUSE_TX_STATUS
  -------         PROC          HAL_NRF_FLUSH_RX
  C:202DH         LINE#         718
  C:202DH         LINE#         719
  C:202DH         LINE#         720
  C:202FH         LINE#         721
  C:2034H         LINE#         722
  C:2036H         LINE#         723
  -------         ENDPROC       HAL_NRF_FLUSH_RX
  -------         PROC          HAL_NRF_FLUSH_TX
  C:2037H         LINE#         725
  C:2037H         LINE#         726
  C:2037H         LINE#         727
  C:2039H         LINE#         728
  C:203EH         LINE#         729
  C:2040H         LINE#         730
  -------         ENDPROC       HAL_NRF_FLUSH_TX
  -------         PROC          HAL_NRF_NOP
  -------         DO            
  D:0007H         SYMBOL        retval
  -------         ENDDO         
  C:2041H         LINE#         732
  C:2041H         LINE#         733
  C:2041H         LINE#         736
  C:2043H         LINE#         737
  C:2048H         LINE#         738
  C:204AH         LINE#         740
  C:204AH         LINE#         741
  -------         ENDPROC       HAL_NRF_NOP
  -------         PROC          _HAL_NRF_SET_PLL_MODE
  X:0046H         SYMBOL        pll_lock
  -------         DO            
  X:0047H         SYMBOL        rf_setup
  -------         ENDDO         
  C:1A66H         LINE#         743
  C:1A6AH         LINE#         744
BL51 BANKED LINKER/LOCATER V6.22                                                      08/09/2019  21:11:00  PAGE 48


  C:1A6AH         LINE#         746
  C:1A73H         LINE#         747
  C:1A8CH         LINE#         749
  C:1A93H         LINE#         750
  -------         ENDPROC       _HAL_NRF_SET_PLL_MODE
  -------         PROC          _HAL_NRF_ENABLE_CONTINIOUS_WAVE
  X:0048H         SYMBOL        enable
  -------         DO            
  X:0049H         SYMBOL        rf_setup
  -------         ENDDO         
  C:19D7H         LINE#         752
  C:19DBH         LINE#         753
  C:19DBH         LINE#         755
  C:19E4H         LINE#         756
  C:1A00H         LINE#         758
  C:1A07H         LINE#         759
  -------         ENDPROC       _HAL_NRF_ENABLE_CONTINIOUS_WAVE
  -------         PROC          _HAL_NRF_READ_REG
  D:0007H         SYMBOL        reg
  -------         DO            
  D:0007H         SYMBOL        temp
  -------         ENDDO         
  C:1D03H         LINE#         761
  C:1D03H         LINE#         762
  C:1D03H         LINE#         765
  C:1D05H         LINE#         767
  C:1D07H         LINE#         768
  C:1D0DH         LINE#         769
  C:1D0FH         LINE#         771
  C:1D12H         LINE#         772
  C:1D18H         LINE#         773
  C:1D1AH         LINE#         775
  C:1D1CH         LINE#         777
  C:1D1CH         LINE#         778
  -------         ENDPROC       _HAL_NRF_READ_REG
  -------         PROC          _HAL_NRF_WRITE_REG
  D:0007H         SYMBOL        reg
  D:0005H         SYMBOL        value
  -------         DO            
  D:0007H         SYMBOL        retval
  X:0067H         SYMBOL        dummy
  -------         ENDDO         
  C:1C49H         LINE#         780
  C:1C49H         LINE#         781
  C:1C49H         LINE#         788
  C:1C4BH         LINE#         790
  C:1C50H         LINE#         791
  C:1C56H         LINE#         792
  C:1C58H         LINE#         794
  C:1C5CH         LINE#         795
  C:1C62H         LINE#         796
  C:1C67H         LINE#         798
  C:1C69H         LINE#         800
  C:1C69H         LINE#         801
  -------         ENDPROC       _HAL_NRF_WRITE_REG
  -------         PROC          _HAL_NRF_READ_MULTIBYTE_REG
  X:0051H         SYMBOL        reg
BL51 BANKED LINKER/LOCATER V6.22                                                      08/09/2019  21:11:00  PAGE 49


  X:0052H         SYMBOL        pbuf
  -------         DO            
  X:0055H         SYMBOL        ctr
  X:0056H         SYMBOL        length
  X:0057H         SYMBOL        memtype
  X:0058H         SYMBOL        read_byte
  X:0059H         SYMBOL        first_round
  -------         DO            
  X:005AH         SYMBOL        buf
  X:005AH         SYMBOL        buf
  X:005AH         SYMBOL        buf
  X:005AH         SYMBOL        buf
  -------         ENDDO         
  -------         DO            
  X:005AH         SYMBOL        buf
  X:005AH         SYMBOL        buf
  X:005AH         SYMBOL        buf
  -------         ENDDO         
  -------         DO            
  X:005AH         SYMBOL        buf
  X:005AH         SYMBOL        buf
  -------         ENDDO         
  -------         DO            
  X:005AH         SYMBOL        buf
  -------         ENDDO         
  -------         ENDDO         
  C:081BH         LINE#         822
  C:0828H         LINE#         823
  C:0828H         LINE#         828
  C:082DH         LINE#         830
  C:0833H         LINE#         832
  C:0845H         LINE#         833
  C:0845H         LINE#         834
  C:0845H         LINE#         835
  C:0845H         LINE#         836
  C:0845H         LINE#         837
  C:084EH         LINE#         838
  C:0850H         LINE#         839
  C:0859H         LINE#         840
  C:085BH         LINE#         842
  C:085BH         LINE#         843
  C:0862H         LINE#         844
  C:0868H         LINE#         845
  C:0868H         LINE#         846
  C:0871H         LINE#         847
  C:0873H         LINE#         848
  C:0878H         LINE#         849
  C:087AH         LINE#         851
  C:087AH         LINE#         852
  C:0880H         LINE#         853
  C:0880H         LINE#         854
  C:0882H         LINE#         856
  C:0882H         LINE#         857
  C:0888H         LINE#         858
  C:0888H         LINE#         859
  C:0888H         LINE#         861
  C:088DH         LINE#         862
BL51 BANKED LINKER/LOCATER V6.22                                                      08/09/2019  21:11:00  PAGE 50


  C:088DH         LINE#         863
  C:0897H         LINE#         864
  C:08CFH         LINE#         865
  C:08D2H         LINE#         866
  C:08D9H         LINE#         867
  C:08D9H         LINE#         868
  C:08E9H         LINE#         869
  C:0931H         LINE#         870
  C:0934H         LINE#         871
  C:093BH         LINE#         872
  C:093BH         LINE#         873
  C:0945H         LINE#         874
  C:097DH         LINE#         875
  C:097FH         LINE#         877
  C:097FH         LINE#         878
  C:0992H         LINE#         879
  C:09DEH         LINE#         880
  C:09DEH         LINE#         882
  C:09E0H         LINE#         884
  C:09EBH         LINE#         885
  -------         ENDPROC       _HAL_NRF_READ_MULTIBYTE_REG
  -------         PROC          _HAL_NRF_WRITE_MULTIBYTE_REG
  D:0007H         SYMBOL        reg
  X:0068H         SYMBOL        pbuf
  X:006BH         SYMBOL        length
  -------         DO            
  D:0005H         SYMBOL        memtype
  D:0006H         SYMBOL        next
  X:006CH         SYMBOL        dummy
  -------         DO            
  X:006DH         SYMBOL        buf
  X:006DH         SYMBOL        buf
  X:006DH         SYMBOL        buf
  X:006DH         SYMBOL        buf
  -------         ENDDO         
  -------         DO            
  X:006DH         SYMBOL        buf
  X:006DH         SYMBOL        buf
  X:006DH         SYMBOL        buf
  -------         ENDDO         
  -------         DO            
  X:006DH         SYMBOL        buf
  X:006DH         SYMBOL        buf
  -------         ENDDO         
  -------         DO            
  X:006DH         SYMBOL        buf
  -------         ENDDO         
  -------         ENDDO         
  C:0D2BH         LINE#         896
  C:0D35H         LINE#         900
  C:0D35H         LINE#         905
  C:0D39H         LINE#         907
  C:0D3BH         LINE#         908
  C:0D3DH         LINE#         910
  C:0D3FH         LINE#         911
  C:0D3FH         LINE#         912
  C:0D47H         LINE#         913
BL51 BANKED LINKER/LOCATER V6.22                                                      08/09/2019  21:11:00  PAGE 51


  C:0D65H         LINE#         914
  C:0D68H         LINE#         915
  C:0D6DH         LINE#         916
  C:0D6DH         LINE#         917
  C:0D7CH         LINE#         918
  C:0DA4H         LINE#         919
  C:0DA6H         LINE#         920
  C:0DABH         LINE#         921
  C:0DABH         LINE#         922
  C:0DB5H         LINE#         923
  C:0DD3H         LINE#         924
  C:0DD5H         LINE#         926
  C:0DD5H         LINE#         927
  C:0DE8H         LINE#         928
  C:0E12H         LINE#         929
  C:0E12H         LINE#         931
  C:0E18H         LINE#         932
  C:0E1DH         LINE#         933
  C:0E1FH         LINE#         934
  -------         ENDPROC       _HAL_NRF_WRITE_MULTIBYTE_REG
  -------         ENDMOD        HAL_NRF

  -------         MODULE        HAL_UART
  C:0000H         SYMBOL        _ICE_DUMMY_
  D:0080H         PUBLIC        P0
  D:0090H         PUBLIC        P1
  D:00A0H         PUBLIC        P2
  D:00B0H         PUBLIC        P3
  I:0008H         SYMBOL        uart_rx
  I:0028H         SYMBOL        uart_tx
  D:00A8H         PUBLIC        IEN0
  D:00B8H         PUBLIC        IEN1
  B:0098H.4       PUBLIC        REN0
  C:1CC8H         PUBLIC        hal_uart_getchar
  C:15E0H         PUBLIC        uart0_isr
  D:00BAH         PUBLIC        S0RELH
  X:004AH         SYMBOL        uart_rx_cnt
  D:0087H         PUBLIC        PCON
  C:1B15H         PUBLIC        _hal_uart_putchar
  X:004BH         SYMBOL        uart_tx_cnt
  D:00AAH         PUBLIC        S0RELL
  D:0088H         PUBLIC        TCON
  B:00A8H.4       PUBLIC        ES0
  B:0098H.0       PUBLIC        RI0
  X:004CH         SYMBOL        uart_rx_rp
  B:0098H.1       PUBLIC        TI0
  X:004DH         SYMBOL        uart_tx_rp
  B:0098H.7       PUBLIC        SM0
  B:0098H.6       PUBLIC        SM1
  X:004EH         SYMBOL        uart_rx_wp
  C:20AAH         PUBLIC        hal_uart_chars_available
  X:004FH         SYMBOL        uart_tx_wp
  D:0099H         PUBLIC        S0BUF
  C:1FC8H         PUBLIC        hal_uart_tx_complete
  D:0098H         PUBLIC        S0CON
  D:00D8H         PUBLIC        ADCON
  D:00C8H         PUBLIC        T2CON
BL51 BANKED LINKER/LOCATER V6.22                                                      08/09/2019  21:11:00  PAGE 52


  D:00F8H         PUBLIC        FSR
  C:1723H         PUBLIC        _hal_uart_init
  D:00E8H         PUBLIC        RFCON
  D:00D0H         PUBLIC        PSW
  D:00C0H         PUBLIC        IRCON
  -------         PROC          UART0_ISR
  C:15E0H         LINE#         41
  C:15E9H         LINE#         43
  C:15ECH         LINE#         44
  C:15ECH         LINE#         45
  C:15EEH         LINE#         46
  C:15F6H         LINE#         47
  C:15F6H         LINE#         48
  C:15FEH         LINE#         49
  C:1605H         LINE#         50
  C:160AH         LINE#         51
  C:160AH         LINE#         52
  C:160AH         LINE#         53
  C:160DH         LINE#         54
  C:160DH         LINE#         55
  C:160FH         LINE#         56
  C:1617H         LINE#         57
  C:1617H         LINE#         58
  C:1620H         LINE#         59
  C:1627H         LINE#         60
  C:1627H         LINE#         61
  C:162CH         LINE#         62
  C:162CH         LINE#         63
  -------         ENDPROC       UART0_ISR
  -------         PROC          _HAL_UART_INIT
  D:0007H         SYMBOL        baud
  -------         DO            
  D:0004H         SYMBOL        temp
  -------         ENDDO         
  C:1723H         LINE#         65
  C:1723H         LINE#         66
  C:1723H         LINE#         69
  C:1725H         LINE#         70
  C:172CH         LINE#         71
  C:172FH         LINE#         72
  C:1734H         LINE#         73
  C:1737H         LINE#         74
  C:1739H         LINE#         75
  C:173BH         LINE#         76
  C:173DH         LINE#         77
  C:1740H         LINE#         78
  C:1743H         LINE#         79
  C:174FH         LINE#         80
  C:174FH         LINE#         81
  C:174FH         LINE#         82
  C:1753H         LINE#         83
  C:1755H         LINE#         84
  C:1755H         LINE#         85
  C:1759H         LINE#         86
  C:175BH         LINE#         87
  C:175BH         LINE#         88
  C:175FH         LINE#         89
BL51 BANKED LINKER/LOCATER V6.22                                                      08/09/2019  21:11:00  PAGE 53


  C:1761H         LINE#         90
  C:1761H         LINE#         91
  C:1761H         LINE#         92
  C:1765H         LINE#         93
  C:1765H         LINE#         94
  C:1765H         LINE#         95
  C:1767H         LINE#         96
  C:176AH         LINE#         100
  -------         ENDPROC       _HAL_UART_INIT
  -------         PROC          _HAL_UART_PUTCHAR
  D:0007H         SYMBOL        ch
  C:1B15H         LINE#         102
  C:1B15H         LINE#         103
  C:1B15H         LINE#         105
  C:1B1DH         LINE#         107
  C:1B1FH         LINE#         108
  C:1B24H         LINE#         109
  C:1B24H         LINE#         110
  C:1B26H         LINE#         111
  C:1B28H         LINE#         113
  C:1B28H         LINE#         114
  C:1B30H         LINE#         115
  C:1B37H         LINE#         116
  C:1B37H         LINE#         117
  C:1B3CH         LINE#         118
  C:1B3EH         LINE#         119
  -------         ENDPROC       _HAL_UART_PUTCHAR
  -------         PROC          HAL_UART_CHARS_AVAILABLE
  C:20AAH         LINE#         122
  C:20AAH         LINE#         123
  C:20AAH         LINE#         124
  C:20AEH         LINE#         125
  -------         ENDPROC       HAL_UART_CHARS_AVAILABLE
  -------         PROC          HAL_UART_TX_COMPLETE
  C:1FC8H         LINE#         127
  C:1FC8H         LINE#         128
  C:1FC8H         LINE#         129
  C:1FCDH         LINE#         130
  C:1FCDH         LINE#         131
  C:1FD0H         LINE#         132
  C:1FD0H         LINE#         134
  C:1FD0H         LINE#         135
  C:1FD2H         LINE#         136
  C:1FD2H         LINE#         137
  -------         ENDPROC       HAL_UART_TX_COMPLETE
  -------         PROC          HAL_UART_GETCHAR
  -------         DO            
  D:0007H         SYMBOL        ch
  -------         ENDDO         
  C:1CC8H         LINE#         138
  C:1CC8H         LINE#         139
  C:1CC8H         LINE#         144
  C:1CCDH         LINE#         145
  C:1CCDH         LINE#         146
  C:1CCFH         LINE#         147
  C:1CD7H         LINE#         148
  C:1CDEH         LINE#         149
BL51 BANKED LINKER/LOCATER V6.22                                                      08/09/2019  21:11:00  PAGE 54


  C:1CE3H         LINE#         150
  C:1CE5H         LINE#         151
  C:1CE5H         LINE#         152
  -------         ENDPROC       HAL_UART_GETCHAR
  -------         ENDMOD        HAL_UART

  -------         MODULE        ?C?FPMUL
  C:004EH         PUBLIC        ?C?FPMUL
  -------         ENDMOD        ?C?FPMUL

  -------         MODULE        ?C?FPDIV
  C:0157H         PUBLIC        ?C?FPDIV
  -------         ENDMOD        ?C?FPDIV

  -------         MODULE        ?C?FCAST
  C:01FEH         PUBLIC        ?C?FCASTC
  C:01F9H         PUBLIC        ?C?FCASTI
  C:01F4H         PUBLIC        ?C?FCASTL
  -------         ENDMOD        ?C?FCAST

  -------         MODULE        ?C?CASTF
  C:0232H         PUBLIC        ?C?CASTF
  -------         ENDMOD        ?C?CASTF

  -------         MODULE        ?C?CLDPTR
  C:02B3H         PUBLIC        ?C?CLDPTR
  -------         ENDMOD        ?C?CLDPTR

  -------         MODULE        ?C?CSTPTR
  C:02CCH         PUBLIC        ?C?CSTPTR
  -------         ENDMOD        ?C?CSTPTR

  -------         MODULE        ?C?SIDIV
  C:02DEH         PUBLIC        ?C?SIDIV
  -------         ENDMOD        ?C?SIDIV

  -------         MODULE        ?C?LMUL
  C:0314H         PUBLIC        ?C?LMUL
  -------         ENDMOD        ?C?LMUL

  -------         MODULE        ?C?ULDIV
  C:039FH         PUBLIC        ?C?ULDIV
  -------         ENDMOD        ?C?ULDIV

  -------         MODULE        ?C?LNEG
  C:0431H         PUBLIC        ?C?LNEG
  -------         ENDMOD        ?C?LNEG

  -------         MODULE        ?C?SLCMP
  C:043FH         PUBLIC        ?C?SLCMP
  -------         ENDMOD        ?C?SLCMP

  -------         MODULE        ?C?ULCMP
  C:0455H         PUBLIC        ?C?ULCMP
  -------         ENDMOD        ?C?ULCMP

  -------         MODULE        ?C?ULSHR
BL51 BANKED LINKER/LOCATER V6.22                                                      08/09/2019  21:11:00  PAGE 55


  C:0466H         PUBLIC        ?C?ULSHR
  -------         ENDMOD        ?C?ULSHR

  -------         MODULE        ?C?LSHL
  C:0479H         PUBLIC        ?C?LSHL
  -------         ENDMOD        ?C?LSHL

  -------         MODULE        ?C?LSTPDATA
  C:048CH         PUBLIC        ?C?LSTPDATA
  -------         ENDMOD        ?C?LSTPDATA

  -------         MODULE        ?C?LSTKPDATA
  C:0498H         PUBLIC        ?C?LSTKPDATA
  -------         ENDMOD        ?C?LSTKPDATA

  -------         MODULE        ?C?MEMSET
  C:04B1H         PUBLIC        ?C?MEMSET
  -------         ENDMOD        ?C?MEMSET

  -------         MODULE        ?C?UIDIV
  C:04DDH         PUBLIC        ?C?UIDIV
  -------         ENDMOD        ?C?UIDIV

Program Size: data=73.0 xdata=204 code=8392
LINK/LOCATE RUN COMPLETE.  0 WARNING(S),  0 ERROR(S)
